MPLINK 4.37, Linker
Linker Map File - Created Wed Apr 27 15:49:00 2011

                                 Section Info
                  Section       Type    Address   Location Size(Bytes)
                ---------  ---------  ---------  ---------  ---------
               _entry_scn       code   0x000000    program   0x000006
    HIGH_INTERRUPT_VECTOR       code   0x000008    program   0x000006
     LOW_INTERRUPT_VECTOR       code   0x000018    program   0x0000c8
                   .cinit    romdata   0x00082a    program   0x00000e
              .code_cdc.o       code   0x000838    program   0x000528
          .romdata_main.o    romdata   0x000d60    program   0x0000a7
        .romdata___init.o    romdata   0x000e07    program   0x000000
        .idata___init.o_i    romdata   0x000e07    program   0x000000
          .idata_main.o_i    romdata   0x000e07    program   0x000000
     .romdata_usb_stack.o    romdata   0x000e07    program   0x000000
         .idata_c018i.o_i    romdata   0x000e07    program   0x000000
         .romdata_c018i.o    romdata   0x000e07    program   0x000000
     .idata_usb_stack.o_i    romdata   0x000e07    program   0x000000
           .romdata_cdc.o    romdata   0x000e07    program   0x000000
             .code_main.o       code   0x000e08    program   0x0000a2
            .code_c018i.o       code   0x000e08    program   0x000000
               _cinit_scn       code   0x000eaa    program   0x00009e
                   STRING       code   0x000f48    program   0x000056
                    .code       code   0x000f9e    program   0x000020
             _startup_scn       code   0x000fbe    program   0x00001c
    REMAPPED_RESET_VECTOR       code   0x001000    program   0x000006
           .code___init.o       code   0x001006    program   0x000002
REMAPPED_HIGH_INTERRUPT_VECTOR       code   0x001008    program   0x000006
           .idata_cdc.o_i    romdata   0x00100e    program   0x000005
REMAPPED_LOW_INTERRUPT_VECTOR       code   0x001018    program   0x000006
        .code_usb_stack.o       code   0x00101e    program   0x001336
      .config_3ff8_main.o    romdata   0x003ff8    program   0x000001
      .config_3ff9_main.o    romdata   0x003ff9    program   0x000001
      .config_3ffa_main.o    romdata   0x003ffa    program   0x000001
      .config_3ffb_main.o    romdata   0x003ffb    program   0x000001
      .config_3ffc_main.o    romdata   0x003ffc    program   0x000001
      .config_3ffd_main.o    romdata   0x003ffd    program   0x000001
      .config_3ffe_main.o    romdata   0x003ffe    program   0x000001
      .config_3fff_main.o    romdata   0x003fff    program   0x000001
                MATH_DATA      udata   0x000000       data   0x00000b
                 .tmpdata      udata   0x00000b       data   0x000005
       .udata_usb_stack.o      udata   0x000060       data   0x000061
             .udata_cdc.o      udata   0x0000c1       data   0x000014
           .udata_c018i.o      udata   0x0000d5       data   0x00000a
             .idata_cdc.o      idata   0x0000df       data   0x000005
           .idata_c018i.o      idata   0x0000e4       data   0x000000
       .idata_usb_stack.o      idata   0x0000e4       data   0x000000
            .udata_main.o      udata   0x0000e4       data   0x000000
            .idata_main.o      idata   0x0000e4       data   0x000000
          .idata___init.o      idata   0x0000e4       data   0x000000
          .udata___init.o      udata   0x0000e4       data   0x000000
                  usb_bdt      udata   0x000400       data   0x000018
                 usb_data      udata   0x000500       data   0x00002a
                   .stack      udata   0x000d00       data   0x000100
              SFR_BANKED0      udata   0x000ec6       data   0x00000e
              SFR_BANKED1      udata   0x000ed7       data   0x000002
              SFR_BANKED2      udata   0x000ee7       data   0x000004
              SFR_BANKED3      udata   0x000eec       data   0x000003
              SFR_BANKED4      udata   0x000ef2       data   0x000002
              SFR_BANKED5      udata   0x000ef6       data   0x000002
              SFR_BANKED6      udata   0x000efb       data   0x000005
              SFR_BANKED7      udata   0x000f26       data   0x000014
              SFR_BANKED8      udata   0x000f3c       data   0x000007
              SFR_BANKED9      udata   0x000f48       data   0x000008
             SFR_BANKED10      udata   0x000f52       data   0x000002
            SFR_UNBANKED0      udata   0x000f60       data   0x0000a0



                              Program Memory Usage 
                               Start         End      
                           ---------   ---------      
                            0x000000    0x000005      
                            0x000008    0x00000d      
                            0x000018    0x0000df      
                            0x00082a    0x000e06      
                            0x000e08    0x000fd9      
                            0x001000    0x001012      
                            0x001018    0x002353      
                            0x003ff8    0x003fff      
            7130 out of 16386 program addresses used, program memory utilization is 43%



                              Symbols - Sorted by Name
                     Name    Address   Location    Storage File                     
                ---------  ---------  ---------  --------- ---------                
               CDCService   0x000c06    program     extern E:\Work\dp\Honken_USB_Stack\firmware\cdc.c
              CheckCDC_In   0x000c9a    program     extern E:\Work\dp\Honken_USB_Stack\firmware\cdc.c
                 High_ISR   0x000008    program     extern E:\Work\dp\Honken_USB_Stack\firmware\main.c
                  Low_ISR   0x000018    program     extern E:\Work\dp\Honken_USB_Stack\firmware\main.c
        Remapped_High_ISR   0x001008    program     extern E:\Work\dp\Honken_USB_Stack\firmware\main.c
         Remapped_Low_ISR   0x001018    program     extern E:\Work\dp\Honken_USB_Stack\firmware\main.c
     USBUSARTIsTxTrfReady   0x000bf6    program     extern E:\Work\dp\Honken_USB_Stack\firmware\cdc.c
              _4jContinue   0x000f7c    program     static C:\MCC18\src\traditional\stdclib\memcpy.asm
                   _5jEnd   0x000f86    program     static C:\MCC18\src\traditional\stdclib\memcpy.asm
       ___return_lbl00000   0x000004    program     static                          
       ___return_lbl00001   0x000fd8    program     static                          
       ___return_lbl00002   0x000f46    program     static                          
       ___return_lbl00010   0x00100c    program     static                          
       ___return_lbl00011   0x00101c    program     static                          
       ___return_lbl00012   0x001004    program     static                          
       ___return_lbl00013   0x00000c    program     static                          
       ___return_lbl00014   0x00001c    program     static                          
               __config_0   0x003ff8    program     static E:\Work\dp\Honken_USB_Stack\firmware\main.c
               __config_1   0x003ff9    program     static E:\Work\dp\Honken_USB_Stack\firmware\main.c
               __config_2   0x003ffa    program     static E:\Work\dp\Honken_USB_Stack\firmware\main.c
               __config_3   0x003ffb    program     static E:\Work\dp\Honken_USB_Stack\firmware\main.c
               __config_4   0x003ffc    program     static E:\Work\dp\Honken_USB_Stack\firmware\main.c
               __config_5   0x003ffd    program     static E:\Work\dp\Honken_USB_Stack\firmware\main.c
               __config_6   0x003ffe    program     static E:\Work\dp\Honken_USB_Stack\firmware\main.c
               __config_7   0x003fff    program     static E:\Work\dp\Honken_USB_Stack\firmware\main.c
                   __init   0x001006    program     extern C:\MCC18\src\traditional\stdclib\__init.c
            __zero_memory   0x000f9e    program     extern C:\MCC18\src\traditional\proc\p18F24J50.asm
                _do_cinit   0x000eaa    program     extern C:\MCC18\src\traditional\startup\c018i.c
                   _entry   0x000000    program     extern C:\MCC18\src\traditional\startup\c018i.c
                   _reset   0x001000    program     extern E:\Work\dp\Honken_USB_Stack\firmware\main.c
                 _startup   0x000fbe    program     extern C:\MCC18\src\traditional\startup\c018i.c
    cdc_config_descriptor   0x000d72    program     extern E:\Work\dp\Honken_USB_Stack\firmware\descriptors.h
    cdc_device_descriptor   0x000d60    program     extern E:\Work\dp\Honken_USB_Stack\firmware\descriptors.h
      cdc_get_line_coding   0x000b04    program     extern E:\Work\dp\Honken_USB_Stack\firmware\cdc.c
cdc_set_control_line_state_status   0x000bcc    program     extern E:\Work\dp\Honken_USB_Stack\firmware\cdc.c
 cdc_set_line_coding_data   0x000b1c    program     extern E:\Work\dp\Honken_USB_Stack\firmware\cdc.c
cdc_set_line_coding_status   0x000bb4    program     extern E:\Work\dp\Honken_USB_Stack\firmware\cdc.c
                cdc_setup   0x000916    program     extern E:\Work\dp\Honken_USB_Stack\firmware\cdc.c
            cdc_str_descs   0x000db5    program     extern E:\Work\dp\Honken_USB_Stack\firmware\descriptors.h
                compare_l   0x000fb4    program     static C:\MCC18\src\traditional\proc\p18F24J50.asm
                copy_loop   0x000f1c    program     static                          
            copy_one_byte   0x000f22    program     static                          
                     done   0x000f46    program     static                          
             done_copying   0x000f30    program     static                          
                     init   0x000e6a    program     extern E:\Work\dp\Honken_USB_Stack\firmware\main.c
                  initCDC   0x000838    program     extern E:\Work\dp\Honken_USB_Stack\firmware\cdc.c
                     jEnd   0x000f8c    program     static C:\MCC18\src\traditional\stdclib\memcpy.asm
                    jLoop   0x000f70    program     static C:\MCC18\src\traditional\stdclib\memcpy.asm
                     loop   0x000fce    program     static                          
                   loop_h   0x000fac    program     static C:\MCC18\src\traditional\proc\p18F24J50.asm
                   loop_l   0x000fb6    program     static C:\MCC18\src\traditional\proc\p18F24J50.asm
                     main   0x000e08    program     extern E:\Work\dp\Honken_USB_Stack\firmware\main.c
                   memcpy   0x000f48    program     extern C:\MCC18\src\traditional\stdclib\memcpy.asm
               myhigh_isr   0x00001e    program     extern E:\Work\dp\Honken_USB_Stack\firmware\main.c
                mylow_isr   0x0000ba    program     extern E:\Work\dp\Honken_USB_Stack\firmware\main.c
      sof_counter_handler   0x000be4    program     extern E:\Work\dp\Honken_USB_Stack\firmware\cdc.c
                     test   0x000ec4    program     static                          
         usb_RequestError   0x0021c4    program     extern E:\Work\dp\Honken_USB_Stack\firmware\usb_stack.c
                  usb_ack   0x0020f8    program     extern E:\Work\dp\Honken_USB_Stack\firmware\usb_stack.c
             usb_ack_dat1   0x00217c    program     extern E:\Work\dp\Honken_USB_Stack\firmware\usb_stack.c
             usb_ack_zero   0x002132    program     extern E:\Work\dp\Honken_USB_Stack\firmware\usb_stack.c
usb_handle_StandardDeviceRequest   0x001484    program     extern E:\Work\dp\Honken_USB_Stack\firmware\usb_stack.c
usb_handle_StandardEndpointRequest   0x001c32    program     extern E:\Work\dp\Honken_USB_Stack\firmware\usb_stack.c
usb_handle_StandardInterfaceRequest   0x001ad0    program     extern E:\Work\dp\Honken_USB_Stack\firmware\usb_stack.c
         usb_handle_error   0x0011e8    program     extern E:\Work\dp\Honken_USB_Stack\firmware\usb_stack.c
            usb_handle_in   0x001f60    program     extern E:\Work\dp\Honken_USB_Stack\firmware\usb_stack.c
           usb_handle_out   0x001fba    program     extern E:\Work\dp\Honken_USB_Stack\firmware\usb_stack.c
         usb_handle_reset   0x0011ec    program     extern E:\Work\dp\Honken_USB_Stack\firmware\usb_stack.c
         usb_handle_setup   0x001320    program     extern E:\Work\dp\Honken_USB_Stack\firmware\usb_stack.c
   usb_handle_transaction   0x0012b8    program     extern E:\Work\dp\Honken_USB_Stack\firmware\usb_stack.c
              usb_handler   0x001188    program     extern E:\Work\dp\Honken_USB_Stack\firmware\usb_stack.c
                 usb_init   0x00101e    program     extern E:\Work\dp\Honken_USB_Stack\firmware\usb_stack.c
usb_register_class_setup_handler   0x002040    program     extern E:\Work\dp\Honken_USB_Stack\firmware\usb_stack.c
 usb_register_sof_handler   0x002024    program     extern E:\Work\dp\Honken_USB_Stack\firmware\usb_stack.c
usb_register_vendor_setup_handler   0x00205c    program     extern E:\Work\dp\Honken_USB_Stack\firmware\usb_stack.c
      usb_send_descriptor   0x002202    program     extern E:\Work\dp\Honken_USB_Stack\firmware\usb_stack.c
          usb_set_address   0x0021d8    program     extern E:\Work\dp\Honken_USB_Stack\firmware\usb_stack.c
       usb_set_in_handler   0x002078    program     extern E:\Work\dp\Honken_USB_Stack\firmware\usb_stack.c
      usb_set_out_handler   0x0020b4    program     extern E:\Work\dp\Honken_USB_Stack\firmware\usb_stack.c
                usb_start   0x001172    program     extern E:\Work\dp\Honken_USB_Stack\firmware\usb_stack.c
     user_configured_init   0x000870    program     extern E:\Work\dp\Honken_USB_Stack\firmware\cdc.c
               zero_block   0x000fac    program     static C:\MCC18\src\traditional\proc\p18F24J50.asm
                   ADCON0   0x000fc2       data     extern C:\MCC18\src\traditional\proc\p18F24J50.asm
               ADCON0bits   0x000fc2       data     extern C:\MCC18\src\traditional\proc\p18F24J50.asm
                   ADCON1   0x000fc1       data     extern C:\MCC18\src\traditional\proc\p18F24J50.asm
               ADCON1bits   0x000fc1       data     extern C:\MCC18\src\traditional\proc\p18F24J50.asm
                    ADRES   0x000fc3       data     extern C:\MCC18\src\traditional\proc\p18F24J50.asm
                   ADRESH   0x000fc4       data     extern C:\MCC18\src\traditional\proc\p18F24J50.asm
                   ADRESL   0x000fc3       data     extern C:\MCC18\src\traditional\proc\p18F24J50.asm
                  ALRMCFG   0x000f91       data     extern C:\MCC18\src\traditional\proc\p18F24J50.asm
              ALRMCFGbits   0x000f91       data     extern C:\MCC18\src\traditional\proc\p18F24J50.asm
                  ALRMRPT   0x000f90       data     extern C:\MCC18\src\traditional\proc\p18F24J50.asm
              ALRMRPTbits   0x000f90       data     extern C:\MCC18\src\traditional\proc\p18F24J50.asm
                 ALRMVALH   0x000f8f       data     extern C:\MCC18\src\traditional\proc\p18F24J50.asm
                 ALRMVALL   0x000f8e       data     extern C:\MCC18\src\traditional\proc\p18F24J50.asm
                   ANCON0   0x000f48       data     extern C:\MCC18\src\traditional\proc\p18F24J50.asm
               ANCON0bits   0x000f48       data     extern C:\MCC18\src\traditional\proc\p18F24J50.asm
                   ANCON1   0x000f49       data     extern C:\MCC18\src\traditional\proc\p18F24J50.asm
               ANCON1bits   0x000f49       data     extern C:\MCC18\src\traditional\proc\p18F24J50.asm
                  BAUDCON   0x000f7e       data     extern C:\MCC18\src\traditional\proc\p18F24J50.asm
                 BAUDCON1   0x000f7e       data     extern C:\MCC18\src\traditional\proc\p18F24J50.asm
             BAUDCON1bits   0x000f7e       data     extern C:\MCC18\src\traditional\proc\p18F24J50.asm
                 BAUDCON2   0x000f7c       data     extern C:\MCC18\src\traditional\proc\p18F24J50.asm
             BAUDCON2bits   0x000f7c       data     extern C:\MCC18\src\traditional\proc\p18F24J50.asm
              BAUDCONbits   0x000f7e       data     extern C:\MCC18\src\traditional\proc\p18F24J50.asm
                  BAUDCTL   0x000f7e       data     extern C:\MCC18\src\traditional\proc\p18F24J50.asm
              BAUDCTLbits   0x000f7e       data     extern C:\MCC18\src\traditional\proc\p18F24J50.asm
                      BSR   0x000fe0       data     extern C:\MCC18\src\traditional\proc\p18F24J50.asm
                  CCP1CON   0x000fba       data     extern C:\MCC18\src\traditional\proc\p18F24J50.asm
              CCP1CONbits   0x000fba       data     extern C:\MCC18\src\traditional\proc\p18F24J50.asm
                  CCP2CON   0x000fb4       data     extern C:\MCC18\src\traditional\proc\p18F24J50.asm
              CCP2CONbits   0x000fb4       data     extern C:\MCC18\src\traditional\proc\p18F24J50.asm
                    CCPR1   0x000fbb       data     extern C:\MCC18\src\traditional\proc\p18F24J50.asm
                   CCPR1H   0x000fbc       data     extern C:\MCC18\src\traditional\proc\p18F24J50.asm
                   CCPR1L   0x000fbb       data     extern C:\MCC18\src\traditional\proc\p18F24J50.asm
                    CCPR2   0x000fb5       data     extern C:\MCC18\src\traditional\proc\p18F24J50.asm
                   CCPR2H   0x000fb6       data     extern C:\MCC18\src\traditional\proc\p18F24J50.asm
                   CCPR2L   0x000fb5       data     extern C:\MCC18\src\traditional\proc\p18F24J50.asm
            CDC_trf_state   0x0000d2       data     extern E:\Work\dp\Honken_USB_Stack\firmware\cdc.c
                   CM1CON   0x000fd2       data     extern C:\MCC18\src\traditional\proc\p18F24J50.asm
                  CM1CON1   0x000fd2       data     extern C:\MCC18\src\traditional\proc\p18F24J50.asm
              CM1CON1bits   0x000fd2       data     extern C:\MCC18\src\traditional\proc\p18F24J50.asm
               CM1CONbits   0x000fd2       data     extern C:\MCC18\src\traditional\proc\p18F24J50.asm
                   CM2CON   0x000fd1       data     extern C:\MCC18\src\traditional\proc\p18F24J50.asm
                  CM2CON1   0x000fd1       data     extern C:\MCC18\src\traditional\proc\p18F24J50.asm
              CM2CON1bits   0x000fd1       data     extern C:\MCC18\src\traditional\proc\p18F24J50.asm
               CM2CONbits   0x000fd1       data     extern C:\MCC18\src\traditional\proc\p18F24J50.asm
                   CMSTAT   0x000f70       data     extern C:\MCC18\src\traditional\proc\p18F24J50.asm
                 CMSTATUS   0x000f70       data     extern C:\MCC18\src\traditional\proc\p18F24J50.asm
             CMSTATUSbits   0x000f70       data     extern C:\MCC18\src\traditional\proc\p18F24J50.asm
               CMSTATbits   0x000f70       data     extern C:\MCC18\src\traditional\proc\p18F24J50.asm
                 CTMUCONH   0x000fb3       data     extern C:\MCC18\src\traditional\proc\p18F24J50.asm
             CTMUCONHbits   0x000fb3       data     extern C:\MCC18\src\traditional\proc\p18F24J50.asm
                 CTMUCONL   0x000fb2       data     extern C:\MCC18\src\traditional\proc\p18F24J50.asm
             CTMUCONLbits   0x000fb2       data     extern C:\MCC18\src\traditional\proc\p18F24J50.asm
                 CTMUICON   0x000fb1       data     extern C:\MCC18\src\traditional\proc\p18F24J50.asm
             CTMUICONbits   0x000fb1       data     extern C:\MCC18\src\traditional\proc\p18F24J50.asm
                   CVRCON   0x000f53       data     extern C:\MCC18\src\traditional\proc\p18F24J50.asm
               CVRCONbits   0x000f53       data     extern C:\MCC18\src\traditional\proc\p18F24J50.asm
                   DMABCH   0x000f66       data     extern C:\MCC18\src\traditional\proc\p18F24J50.asm
               DMABCHbits   0x000f66       data     extern C:\MCC18\src\traditional\proc\p18F24J50.asm
                   DMABCL   0x000f67       data     extern C:\MCC18\src\traditional\proc\p18F24J50.asm
                  DMACON1   0x000f88       data     extern C:\MCC18\src\traditional\proc\p18F24J50.asm
              DMACON1bits   0x000f88       data     extern C:\MCC18\src\traditional\proc\p18F24J50.asm
                  DMACON2   0x000f86       data     extern C:\MCC18\src\traditional\proc\p18F24J50.asm
              DMACON2bits   0x000f86       data     extern C:\MCC18\src\traditional\proc\p18F24J50.asm
                   DSCONH   0x000f4d       data     extern C:\MCC18\src\traditional\proc\p18F24J50.asm
               DSCONHbits   0x000f4d       data     extern C:\MCC18\src\traditional\proc\p18F24J50.asm
                   DSCONL   0x000f4c       data     extern C:\MCC18\src\traditional\proc\p18F24J50.asm
               DSCONLbits   0x000f4c       data     extern C:\MCC18\src\traditional\proc\p18F24J50.asm
                   DSGPR0   0x000f4e       data     extern C:\MCC18\src\traditional\proc\p18F24J50.asm
                   DSGPR1   0x000f4f       data     extern C:\MCC18\src\traditional\proc\p18F24J50.asm
                  DSWAKEH   0x000f4b       data     extern C:\MCC18\src\traditional\proc\p18F24J50.asm
              DSWAKEHbits   0x000f4b       data     extern C:\MCC18\src\traditional\proc\p18F24J50.asm
                  DSWAKEL   0x000f4a       data     extern C:\MCC18\src\traditional\proc\p18F24J50.asm
              DSWAKELbits   0x000f4a       data     extern C:\MCC18\src\traditional\proc\p18F24J50.asm
                  ECCP1AS   0x000fbe       data     extern C:\MCC18\src\traditional\proc\p18F24J50.asm
              ECCP1ASbits   0x000fbe       data     extern C:\MCC18\src\traditional\proc\p18F24J50.asm
                 ECCP1CON   0x000fba       data     extern C:\MCC18\src\traditional\proc\p18F24J50.asm
             ECCP1CONbits   0x000fba       data     extern C:\MCC18\src\traditional\proc\p18F24J50.asm
                 ECCP1DEL   0x000fbd       data     extern C:\MCC18\src\traditional\proc\p18F24J50.asm
             ECCP1DELbits   0x000fbd       data     extern C:\MCC18\src\traditional\proc\p18F24J50.asm
                  ECCP2AS   0x000fb8       data     extern C:\MCC18\src\traditional\proc\p18F24J50.asm
              ECCP2ASbits   0x000fb8       data     extern C:\MCC18\src\traditional\proc\p18F24J50.asm
                 ECCP2CON   0x000fb4       data     extern C:\MCC18\src\traditional\proc\p18F24J50.asm
             ECCP2CONbits   0x000fb4       data     extern C:\MCC18\src\traditional\proc\p18F24J50.asm
                 ECCP2DEL   0x000fb7       data     extern C:\MCC18\src\traditional\proc\p18F24J50.asm
             ECCP2DELbits   0x000fb7       data     extern C:\MCC18\src\traditional\proc\p18F24J50.asm
                   EECON1   0x000fa6       data     extern C:\MCC18\src\traditional\proc\p18F24J50.asm
               EECON1bits   0x000fa6       data     extern C:\MCC18\src\traditional\proc\p18F24J50.asm
                   EECON2   0x000fa7       data     extern C:\MCC18\src\traditional\proc\p18F24J50.asm
                     FSR0   0x000fe9       data     extern C:\MCC18\src\traditional\proc\p18F24J50.asm
                    FSR0H   0x000fea       data     extern C:\MCC18\src\traditional\proc\p18F24J50.asm
                    FSR0L   0x000fe9       data     extern C:\MCC18\src\traditional\proc\p18F24J50.asm
                     FSR1   0x000fe1       data     extern C:\MCC18\src\traditional\proc\p18F24J50.asm
                    FSR1H   0x000fe2       data     extern C:\MCC18\src\traditional\proc\p18F24J50.asm
                    FSR1L   0x000fe1       data     extern C:\MCC18\src\traditional\proc\p18F24J50.asm
                     FSR2   0x000fd9       data     extern C:\MCC18\src\traditional\proc\p18F24J50.asm
                    FSR2H   0x000fda       data     extern C:\MCC18\src\traditional\proc\p18F24J50.asm
                    FSR2L   0x000fd9       data     extern C:\MCC18\src\traditional\proc\p18F24J50.asm
                  HLVDCON   0x000f85       data     extern C:\MCC18\src\traditional\proc\p18F24J50.asm
              HLVDCONbits   0x000f85       data     extern C:\MCC18\src\traditional\proc\p18F24J50.asm
                    INDF0   0x000fef       data     extern C:\MCC18\src\traditional\proc\p18F24J50.asm
                    INDF1   0x000fe7       data     extern C:\MCC18\src\traditional\proc\p18F24J50.asm
                    INDF2   0x000fdf       data     extern C:\MCC18\src\traditional\proc\p18F24J50.asm
                   INTCON   0x000ff2       data     extern C:\MCC18\src\traditional\proc\p18F24J50.asm
                  INTCON2   0x000ff1       data     extern C:\MCC18\src\traditional\proc\p18F24J50.asm
              INTCON2bits   0x000ff1       data     extern C:\MCC18\src\traditional\proc\p18F24J50.asm
                  INTCON3   0x000ff0       data     extern C:\MCC18\src\traditional\proc\p18F24J50.asm
              INTCON3bits   0x000ff0       data     extern C:\MCC18\src\traditional\proc\p18F24J50.asm
               INTCONbits   0x000ff2       data     extern C:\MCC18\src\traditional\proc\p18F24J50.asm
                     IPR1   0x000f9f       data     extern C:\MCC18\src\traditional\proc\p18F24J50.asm
                 IPR1bits   0x000f9f       data     extern C:\MCC18\src\traditional\proc\p18F24J50.asm
                     IPR2   0x000fa2       data     extern C:\MCC18\src\traditional\proc\p18F24J50.asm
                 IPR2bits   0x000fa2       data     extern C:\MCC18\src\traditional\proc\p18F24J50.asm
                     IPR3   0x000fa5       data     extern C:\MCC18\src\traditional\proc\p18F24J50.asm
                 IPR3bits   0x000fa5       data     extern C:\MCC18\src\traditional\proc\p18F24J50.asm
                     LATA   0x000f89       data     extern C:\MCC18\src\traditional\proc\p18F24J50.asm
                 LATAbits   0x000f89       data     extern C:\MCC18\src\traditional\proc\p18F24J50.asm
                     LATB   0x000f8a       data     extern C:\MCC18\src\traditional\proc\p18F24J50.asm
                 LATBbits   0x000f8a       data     extern C:\MCC18\src\traditional\proc\p18F24J50.asm
                     LATC   0x000f8b       data     extern C:\MCC18\src\traditional\proc\p18F24J50.asm
                 LATCbits   0x000f8b       data     extern C:\MCC18\src\traditional\proc\p18F24J50.asm
                   ODCON1   0x000f42       data     extern C:\MCC18\src\traditional\proc\p18F24J50.asm
               ODCON1bits   0x000f42       data     extern C:\MCC18\src\traditional\proc\p18F24J50.asm
                   ODCON2   0x000f41       data     extern C:\MCC18\src\traditional\proc\p18F24J50.asm
               ODCON2bits   0x000f41       data     extern C:\MCC18\src\traditional\proc\p18F24J50.asm
                   ODCON3   0x000f40       data     extern C:\MCC18\src\traditional\proc\p18F24J50.asm
               ODCON3bits   0x000f40       data     extern C:\MCC18\src\traditional\proc\p18F24J50.asm
                   OSCCON   0x000fd3       data     extern C:\MCC18\src\traditional\proc\p18F24J50.asm
               OSCCONbits   0x000fd3       data     extern C:\MCC18\src\traditional\proc\p18F24J50.asm
                  OSCTUNE   0x000f9b       data     extern C:\MCC18\src\traditional\proc\p18F24J50.asm
              OSCTUNEbits   0x000f9b       data     extern C:\MCC18\src\traditional\proc\p18F24J50.asm
                  PADCFG1   0x000f3c       data     extern C:\MCC18\src\traditional\proc\p18F24J50.asm
              PADCFG1bits   0x000f3c       data     extern C:\MCC18\src\traditional\proc\p18F24J50.asm
                       PC   0x000ff9       data     extern C:\MCC18\src\traditional\proc\p18F24J50.asm
                      PCL   0x000ff9       data     extern C:\MCC18\src\traditional\proc\p18F24J50.asm
                   PCLATH   0x000ffa       data     extern C:\MCC18\src\traditional\proc\p18F24J50.asm
                   PCLATU   0x000ffb       data     extern C:\MCC18\src\traditional\proc\p18F24J50.asm
                     PIE1   0x000f9d       data     extern C:\MCC18\src\traditional\proc\p18F24J50.asm
                 PIE1bits   0x000f9d       data     extern C:\MCC18\src\traditional\proc\p18F24J50.asm
                     PIE2   0x000fa0       data     extern C:\MCC18\src\traditional\proc\p18F24J50.asm
                 PIE2bits   0x000fa0       data     extern C:\MCC18\src\traditional\proc\p18F24J50.asm
                     PIE3   0x000fa3       data     extern C:\MCC18\src\traditional\proc\p18F24J50.asm
                 PIE3bits   0x000fa3       data     extern C:\MCC18\src\traditional\proc\p18F24J50.asm
                     PIR1   0x000f9e       data     extern C:\MCC18\src\traditional\proc\p18F24J50.asm
                 PIR1bits   0x000f9e       data     extern C:\MCC18\src\traditional\proc\p18F24J50.asm
                     PIR2   0x000fa1       data     extern C:\MCC18\src\traditional\proc\p18F24J50.asm
                 PIR2bits   0x000fa1       data     extern C:\MCC18\src\traditional\proc\p18F24J50.asm
                     PIR3   0x000fa4       data     extern C:\MCC18\src\traditional\proc\p18F24J50.asm
                 PIR3bits   0x000fa4       data     extern C:\MCC18\src\traditional\proc\p18F24J50.asm
                   PLUSW0   0x000feb       data     extern C:\MCC18\src\traditional\proc\p18F24J50.asm
                   PLUSW1   0x000fe3       data     extern C:\MCC18\src\traditional\proc\p18F24J50.asm
                   PLUSW2   0x000fdb       data     extern C:\MCC18\src\traditional\proc\p18F24J50.asm
                    PORTA   0x000f80       data     extern C:\MCC18\src\traditional\proc\p18F24J50.asm
                PORTAbits   0x000f80       data     extern C:\MCC18\src\traditional\proc\p18F24J50.asm
                    PORTB   0x000f81       data     extern C:\MCC18\src\traditional\proc\p18F24J50.asm
                PORTBbits   0x000f81       data     extern C:\MCC18\src\traditional\proc\p18F24J50.asm
                    PORTC   0x000f82       data     extern C:\MCC18\src\traditional\proc\p18F24J50.asm
                PORTCbits   0x000f82       data     extern C:\MCC18\src\traditional\proc\p18F24J50.asm
                 POSTDEC0   0x000fed       data     extern C:\MCC18\src\traditional\proc\p18F24J50.asm
                 POSTDEC1   0x000fe5       data     extern C:\MCC18\src\traditional\proc\p18F24J50.asm
                 POSTDEC2   0x000fdd       data     extern C:\MCC18\src\traditional\proc\p18F24J50.asm
                 POSTINC0   0x000fee       data     extern C:\MCC18\src\traditional\proc\p18F24J50.asm
                 POSTINC1   0x000fe6       data     extern C:\MCC18\src\traditional\proc\p18F24J50.asm
                 POSTINC2   0x000fde       data     extern C:\MCC18\src\traditional\proc\p18F24J50.asm
                   PPSCON   0x000eff       data     extern C:\MCC18\src\traditional\proc\p18F24J50.asm
               PPSCONbits   0x000eff       data     extern C:\MCC18\src\traditional\proc\p18F24J50.asm
                      PR2   0x000fcb       data     extern C:\MCC18\src\traditional\proc\p18F24J50.asm
                      PR4   0x000f77       data     extern C:\MCC18\src\traditional\proc\p18F24J50.asm
                  PREINC0   0x000fec       data     extern C:\MCC18\src\traditional\proc\p18F24J50.asm
                  PREINC1   0x000fe4       data     extern C:\MCC18\src\traditional\proc\p18F24J50.asm
                  PREINC2   0x000fdc       data     extern C:\MCC18\src\traditional\proc\p18F24J50.asm
                     PROD   0x000ff3       data     extern C:\MCC18\src\traditional\proc\p18F24J50.asm
                    PRODH   0x000ff4       data     extern C:\MCC18\src\traditional\proc\p18F24J50.asm
                    PRODL   0x000ff3       data     extern C:\MCC18\src\traditional\proc\p18F24J50.asm
                 PSTR1CON   0x000fbf       data     extern C:\MCC18\src\traditional\proc\p18F24J50.asm
             PSTR1CONbits   0x000fbf       data     extern C:\MCC18\src\traditional\proc\p18F24J50.asm
                 PSTR2CON   0x000fb9       data     extern C:\MCC18\src\traditional\proc\p18F24J50.asm
             PSTR2CONbits   0x000fb9       data     extern C:\MCC18\src\traditional\proc\p18F24J50.asm
                  PWM1CON   0x000fbd       data     extern C:\MCC18\src\traditional\proc\p18F24J50.asm
              PWM1CONbits   0x000fbd       data     extern C:\MCC18\src\traditional\proc\p18F24J50.asm
                  PWM2CON   0x000fb7       data     extern C:\MCC18\src\traditional\proc\p18F24J50.asm
              PWM2CONbits   0x000fb7       data     extern C:\MCC18\src\traditional\proc\p18F24J50.asm
                     RCON   0x000fd0       data     extern C:\MCC18\src\traditional\proc\p18F24J50.asm
                 RCONbits   0x000fd0       data     extern C:\MCC18\src\traditional\proc\p18F24J50.asm
                    RCREG   0x000faf       data     extern C:\MCC18\src\traditional\proc\p18F24J50.asm
                   RCREG1   0x000faf       data     extern C:\MCC18\src\traditional\proc\p18F24J50.asm
                   RCREG2   0x000faa       data     extern C:\MCC18\src\traditional\proc\p18F24J50.asm
                    RCSTA   0x000fac       data     extern C:\MCC18\src\traditional\proc\p18F24J50.asm
                   RCSTA1   0x000fac       data     extern C:\MCC18\src\traditional\proc\p18F24J50.asm
               RCSTA1bits   0x000fac       data     extern C:\MCC18\src\traditional\proc\p18F24J50.asm
                   RCSTA2   0x000f9c       data     extern C:\MCC18\src\traditional\proc\p18F24J50.asm
               RCSTA2bits   0x000f9c       data     extern C:\MCC18\src\traditional\proc\p18F24J50.asm
                RCSTAbits   0x000fac       data     extern C:\MCC18\src\traditional\proc\p18F24J50.asm
                  REFOCON   0x000f3d       data     extern C:\MCC18\src\traditional\proc\p18F24J50.asm
              REFOCONbits   0x000f3d       data     extern C:\MCC18\src\traditional\proc\p18F24J50.asm
                   RPINR1   0x000ee7       data     extern C:\MCC18\src\traditional\proc\p18F24J50.asm
                  RPINR12   0x000ef2       data     extern C:\MCC18\src\traditional\proc\p18F24J50.asm
                  RPINR13   0x000ef3       data     extern C:\MCC18\src\traditional\proc\p18F24J50.asm
                  RPINR16   0x000ef6       data     extern C:\MCC18\src\traditional\proc\p18F24J50.asm
                  RPINR17   0x000ef7       data     extern C:\MCC18\src\traditional\proc\p18F24J50.asm
                   RPINR2   0x000ee8       data     extern C:\MCC18\src\traditional\proc\p18F24J50.asm
                  RPINR21   0x000efb       data     extern C:\MCC18\src\traditional\proc\p18F24J50.asm
                  RPINR22   0x000efc       data     extern C:\MCC18\src\traditional\proc\p18F24J50.asm
                  RPINR23   0x000efd       data     extern C:\MCC18\src\traditional\proc\p18F24J50.asm
                  RPINR24   0x000efe       data     extern C:\MCC18\src\traditional\proc\p18F24J50.asm
                   RPINR3   0x000ee9       data     extern C:\MCC18\src\traditional\proc\p18F24J50.asm
                   RPINR4   0x000eea       data     extern C:\MCC18\src\traditional\proc\p18F24J50.asm
                   RPINR6   0x000eec       data     extern C:\MCC18\src\traditional\proc\p18F24J50.asm
                   RPINR7   0x000eed       data     extern C:\MCC18\src\traditional\proc\p18F24J50.asm
                   RPINR8   0x000eee       data     extern C:\MCC18\src\traditional\proc\p18F24J50.asm
                    RPOR0   0x000ec6       data     extern C:\MCC18\src\traditional\proc\p18F24J50.asm
                    RPOR1   0x000ec7       data     extern C:\MCC18\src\traditional\proc\p18F24J50.asm
                   RPOR10   0x000ed0       data     extern C:\MCC18\src\traditional\proc\p18F24J50.asm
                   RPOR11   0x000ed1       data     extern C:\MCC18\src\traditional\proc\p18F24J50.asm
                   RPOR12   0x000ed2       data     extern C:\MCC18\src\traditional\proc\p18F24J50.asm
                   RPOR13   0x000ed3       data     extern C:\MCC18\src\traditional\proc\p18F24J50.asm
                   RPOR17   0x000ed7       data     extern C:\MCC18\src\traditional\proc\p18F24J50.asm
                   RPOR18   0x000ed8       data     extern C:\MCC18\src\traditional\proc\p18F24J50.asm
                    RPOR2   0x000ec8       data     extern C:\MCC18\src\traditional\proc\p18F24J50.asm
                    RPOR3   0x000ec9       data     extern C:\MCC18\src\traditional\proc\p18F24J50.asm
                    RPOR4   0x000eca       data     extern C:\MCC18\src\traditional\proc\p18F24J50.asm
                    RPOR5   0x000ecb       data     extern C:\MCC18\src\traditional\proc\p18F24J50.asm
                    RPOR6   0x000ecc       data     extern C:\MCC18\src\traditional\proc\p18F24J50.asm
                    RPOR7   0x000ecd       data     extern C:\MCC18\src\traditional\proc\p18F24J50.asm
                    RPOR8   0x000ece       data     extern C:\MCC18\src\traditional\proc\p18F24J50.asm
                    RPOR9   0x000ecf       data     extern C:\MCC18\src\traditional\proc\p18F24J50.asm
                   RTCCAL   0x000f3e       data     extern C:\MCC18\src\traditional\proc\p18F24J50.asm
               RTCCALbits   0x000f3e       data     extern C:\MCC18\src\traditional\proc\p18F24J50.asm
                   RTCCFG   0x000f3f       data     extern C:\MCC18\src\traditional\proc\p18F24J50.asm
               RTCCFGbits   0x000f3f       data     extern C:\MCC18\src\traditional\proc\p18F24J50.asm
                  RTCVALH   0x000f99       data     extern C:\MCC18\src\traditional\proc\p18F24J50.asm
                  RTCVALL   0x000f98       data     extern C:\MCC18\src\traditional\proc\p18F24J50.asm
                  RXADDRH   0x000f68       data     extern C:\MCC18\src\traditional\proc\p18F24J50.asm
              RXADDRHbits   0x000f68       data     extern C:\MCC18\src\traditional\proc\p18F24J50.asm
                  RXADDRL   0x000f69       data     extern C:\MCC18\src\traditional\proc\p18F24J50.asm
                     SIGN   0x000009       data     extern C:\MCC18\src\traditional\math\cmath18.asm
                 SOFCOUNT   0x0000d3       data     extern E:\Work\dp\Honken_USB_Stack\firmware\cdc.c
                    SPBRG   0x000fb0       data     extern C:\MCC18\src\traditional\proc\p18F24J50.asm
                   SPBRG1   0x000fb0       data     extern C:\MCC18\src\traditional\proc\p18F24J50.asm
                   SPBRG2   0x000fab       data     extern C:\MCC18\src\traditional\proc\p18F24J50.asm
                   SPBRGH   0x000f7f       data     extern C:\MCC18\src\traditional\proc\p18F24J50.asm
                  SPBRGH1   0x000f7f       data     extern C:\MCC18\src\traditional\proc\p18F24J50.asm
                  SPBRGH2   0x000f7d       data     extern C:\MCC18\src\traditional\proc\p18F24J50.asm
                  SSP1ADD   0x000fc8       data     extern C:\MCC18\src\traditional\proc\p18F24J50.asm
              SSP1ADDbits   0x000fc8       data     extern C:\MCC18\src\traditional\proc\p18F24J50.asm
                  SSP1BUF   0x000fc9       data     extern C:\MCC18\src\traditional\proc\p18F24J50.asm
                 SSP1CON1   0x000fc6       data     extern C:\MCC18\src\traditional\proc\p18F24J50.asm
             SSP1CON1bits   0x000fc6       data     extern C:\MCC18\src\traditional\proc\p18F24J50.asm
                 SSP1CON2   0x000fc5       data     extern C:\MCC18\src\traditional\proc\p18F24J50.asm
             SSP1CON2bits   0x000fc5       data     extern C:\MCC18\src\traditional\proc\p18F24J50.asm
                 SSP1STAT   0x000fc7       data     extern C:\MCC18\src\traditional\proc\p18F24J50.asm
             SSP1STATbits   0x000fc7       data     extern C:\MCC18\src\traditional\proc\p18F24J50.asm
                  SSP2ADD   0x000f74       data     extern C:\MCC18\src\traditional\proc\p18F24J50.asm
              SSP2ADDbits   0x000f74       data     extern C:\MCC18\src\traditional\proc\p18F24J50.asm
                  SSP2BUF   0x000f75       data     extern C:\MCC18\src\traditional\proc\p18F24J50.asm
                 SSP2CON1   0x000f72       data     extern C:\MCC18\src\traditional\proc\p18F24J50.asm
             SSP2CON1bits   0x000f72       data     extern C:\MCC18\src\traditional\proc\p18F24J50.asm
                 SSP2CON2   0x000f71       data     extern C:\MCC18\src\traditional\proc\p18F24J50.asm
             SSP2CON2bits   0x000f71       data     extern C:\MCC18\src\traditional\proc\p18F24J50.asm
                 SSP2STAT   0x000f73       data     extern C:\MCC18\src\traditional\proc\p18F24J50.asm
             SSP2STATbits   0x000f73       data     extern C:\MCC18\src\traditional\proc\p18F24J50.asm
                   SSPADD   0x000fc8       data     extern C:\MCC18\src\traditional\proc\p18F24J50.asm
               SSPADDbits   0x000fc8       data     extern C:\MCC18\src\traditional\proc\p18F24J50.asm
                   SSPBUF   0x000fc9       data     extern C:\MCC18\src\traditional\proc\p18F24J50.asm
                  SSPCON1   0x000fc6       data     extern C:\MCC18\src\traditional\proc\p18F24J50.asm
              SSPCON1bits   0x000fc6       data     extern C:\MCC18\src\traditional\proc\p18F24J50.asm
                  SSPCON2   0x000fc5       data     extern C:\MCC18\src\traditional\proc\p18F24J50.asm
              SSPCON2bits   0x000fc5       data     extern C:\MCC18\src\traditional\proc\p18F24J50.asm
                  SSPSTAT   0x000fc7       data     extern C:\MCC18\src\traditional\proc\p18F24J50.asm
              SSPSTATbits   0x000fc7       data     extern C:\MCC18\src\traditional\proc\p18F24J50.asm
                   STATUS   0x000fd8       data     extern C:\MCC18\src\traditional\proc\p18F24J50.asm
               STATUSbits   0x000fd8       data     extern C:\MCC18\src\traditional\proc\p18F24J50.asm
                   STKPTR   0x000ffc       data     extern C:\MCC18\src\traditional\proc\p18F24J50.asm
               STKPTRbits   0x000ffc       data     extern C:\MCC18\src\traditional\proc\p18F24J50.asm
                    T0CON   0x000fd5       data     extern C:\MCC18\src\traditional\proc\p18F24J50.asm
                T0CONbits   0x000fd5       data     extern C:\MCC18\src\traditional\proc\p18F24J50.asm
                    T1CON   0x000fcd       data     extern C:\MCC18\src\traditional\proc\p18F24J50.asm
                T1CONbits   0x000fcd       data     extern C:\MCC18\src\traditional\proc\p18F24J50.asm
                   T1GCON   0x000f9a       data     extern C:\MCC18\src\traditional\proc\p18F24J50.asm
               T1GCONbits   0x000f9a       data     extern C:\MCC18\src\traditional\proc\p18F24J50.asm
                    T2CON   0x000fca       data     extern C:\MCC18\src\traditional\proc\p18F24J50.asm
                T2CONbits   0x000fca       data     extern C:\MCC18\src\traditional\proc\p18F24J50.asm
                    T3CON   0x000f79       data     extern C:\MCC18\src\traditional\proc\p18F24J50.asm
                T3CONbits   0x000f79       data     extern C:\MCC18\src\traditional\proc\p18F24J50.asm
                   T3GCON   0x000f97       data     extern C:\MCC18\src\traditional\proc\p18F24J50.asm
               T3GCONbits   0x000f97       data     extern C:\MCC18\src\traditional\proc\p18F24J50.asm
                    T4CON   0x000f76       data     extern C:\MCC18\src\traditional\proc\p18F24J50.asm
                T4CONbits   0x000f76       data     extern C:\MCC18\src\traditional\proc\p18F24J50.asm
                   TABLAT   0x000ff5       data     extern C:\MCC18\src\traditional\proc\p18F24J50.asm
                   TBLPTR   0x000ff6       data     extern C:\MCC18\src\traditional\proc\p18F24J50.asm
                  TBLPTRH   0x000ff7       data     extern C:\MCC18\src\traditional\proc\p18F24J50.asm
                  TBLPTRL   0x000ff6       data     extern C:\MCC18\src\traditional\proc\p18F24J50.asm
                  TBLPTRU   0x000ff8       data     extern C:\MCC18\src\traditional\proc\p18F24J50.asm
                  TCLKCON   0x000f52       data     extern C:\MCC18\src\traditional\proc\p18F24J50.asm
              TCLKCONbits   0x000f52       data     extern C:\MCC18\src\traditional\proc\p18F24J50.asm
                    TMR0H   0x000fd7       data     extern C:\MCC18\src\traditional\proc\p18F24J50.asm
                    TMR0L   0x000fd6       data     extern C:\MCC18\src\traditional\proc\p18F24J50.asm
                    TMR1H   0x000fcf       data     extern C:\MCC18\src\traditional\proc\p18F24J50.asm
                    TMR1L   0x000fce       data     extern C:\MCC18\src\traditional\proc\p18F24J50.asm
                     TMR2   0x000fcc       data     extern C:\MCC18\src\traditional\proc\p18F24J50.asm
                    TMR3H   0x000f7b       data     extern C:\MCC18\src\traditional\proc\p18F24J50.asm
                    TMR3L   0x000f7a       data     extern C:\MCC18\src\traditional\proc\p18F24J50.asm
                     TMR4   0x000f78       data     extern C:\MCC18\src\traditional\proc\p18F24J50.asm
                      TOS   0x000ffd       data     extern C:\MCC18\src\traditional\proc\p18F24J50.asm
                     TOSH   0x000ffe       data     extern C:\MCC18\src\traditional\proc\p18F24J50.asm
                     TOSL   0x000ffd       data     extern C:\MCC18\src\traditional\proc\p18F24J50.asm
                     TOSU   0x000fff       data     extern C:\MCC18\src\traditional\proc\p18F24J50.asm
                    TRISA   0x000f92       data     extern C:\MCC18\src\traditional\proc\p18F24J50.asm
                TRISAbits   0x000f92       data     extern C:\MCC18\src\traditional\proc\p18F24J50.asm
                    TRISB   0x000f93       data     extern C:\MCC18\src\traditional\proc\p18F24J50.asm
                TRISBbits   0x000f93       data     extern C:\MCC18\src\traditional\proc\p18F24J50.asm
                    TRISC   0x000f94       data     extern C:\MCC18\src\traditional\proc\p18F24J50.asm
                TRISCbits   0x000f94       data     extern C:\MCC18\src\traditional\proc\p18F24J50.asm
                  TXADDRH   0x000f6a       data     extern C:\MCC18\src\traditional\proc\p18F24J50.asm
              TXADDRHbits   0x000f6a       data     extern C:\MCC18\src\traditional\proc\p18F24J50.asm
                  TXADDRL   0x000f6b       data     extern C:\MCC18\src\traditional\proc\p18F24J50.asm
                    TXREG   0x000fae       data     extern C:\MCC18\src\traditional\proc\p18F24J50.asm
                   TXREG1   0x000fae       data     extern C:\MCC18\src\traditional\proc\p18F24J50.asm
                   TXREG2   0x000fa9       data     extern C:\MCC18\src\traditional\proc\p18F24J50.asm
                    TXSTA   0x000fad       data     extern C:\MCC18\src\traditional\proc\p18F24J50.asm
                   TXSTA1   0x000fad       data     extern C:\MCC18\src\traditional\proc\p18F24J50.asm
               TXSTA1bits   0x000fad       data     extern C:\MCC18\src\traditional\proc\p18F24J50.asm
                   TXSTA2   0x000fa8       data     extern C:\MCC18\src\traditional\proc\p18F24J50.asm
               TXSTA2bits   0x000fa8       data     extern C:\MCC18\src\traditional\proc\p18F24J50.asm
                TXSTAbits   0x000fad       data     extern C:\MCC18\src\traditional\proc\p18F24J50.asm
                    UADDR   0x000f38       data     extern C:\MCC18\src\traditional\proc\p18F24J50.asm
                UADDRbits   0x000f38       data     extern C:\MCC18\src\traditional\proc\p18F24J50.asm
                     UCFG   0x000f39       data     extern C:\MCC18\src\traditional\proc\p18F24J50.asm
                 UCFGbits   0x000f39       data     extern C:\MCC18\src\traditional\proc\p18F24J50.asm
                     UCON   0x000f65       data     extern C:\MCC18\src\traditional\proc\p18F24J50.asm
                 UCONbits   0x000f65       data     extern C:\MCC18\src\traditional\proc\p18F24J50.asm
                     UEIE   0x000f37       data     extern C:\MCC18\src\traditional\proc\p18F24J50.asm
                 UEIEbits   0x000f37       data     extern C:\MCC18\src\traditional\proc\p18F24J50.asm
                     UEIR   0x000f63       data     extern C:\MCC18\src\traditional\proc\p18F24J50.asm
                 UEIRbits   0x000f63       data     extern C:\MCC18\src\traditional\proc\p18F24J50.asm
                     UEP0   0x000f26       data     extern C:\MCC18\src\traditional\proc\p18F24J50.asm
                 UEP0bits   0x000f26       data     extern C:\MCC18\src\traditional\proc\p18F24J50.asm
                     UEP1   0x000f27       data     extern C:\MCC18\src\traditional\proc\p18F24J50.asm
                    UEP10   0x000f30       data     extern C:\MCC18\src\traditional\proc\p18F24J50.asm
                UEP10bits   0x000f30       data     extern C:\MCC18\src\traditional\proc\p18F24J50.asm
                    UEP11   0x000f31       data     extern C:\MCC18\src\traditional\proc\p18F24J50.asm
                UEP11bits   0x000f31       data     extern C:\MCC18\src\traditional\proc\p18F24J50.asm
                    UEP12   0x000f32       data     extern C:\MCC18\src\traditional\proc\p18F24J50.asm
                UEP12bits   0x000f32       data     extern C:\MCC18\src\traditional\proc\p18F24J50.asm
                    UEP13   0x000f33       data     extern C:\MCC18\src\traditional\proc\p18F24J50.asm
                UEP13bits   0x000f33       data     extern C:\MCC18\src\traditional\proc\p18F24J50.asm
                    UEP14   0x000f34       data     extern C:\MCC18\src\traditional\proc\p18F24J50.asm
                UEP14bits   0x000f34       data     extern C:\MCC18\src\traditional\proc\p18F24J50.asm
                    UEP15   0x000f35       data     extern C:\MCC18\src\traditional\proc\p18F24J50.asm
                UEP15bits   0x000f35       data     extern C:\MCC18\src\traditional\proc\p18F24J50.asm
                 UEP1bits   0x000f27       data     extern C:\MCC18\src\traditional\proc\p18F24J50.asm
                     UEP2   0x000f28       data     extern C:\MCC18\src\traditional\proc\p18F24J50.asm
                 UEP2bits   0x000f28       data     extern C:\MCC18\src\traditional\proc\p18F24J50.asm
                     UEP3   0x000f29       data     extern C:\MCC18\src\traditional\proc\p18F24J50.asm
                 UEP3bits   0x000f29       data     extern C:\MCC18\src\traditional\proc\p18F24J50.asm
                     UEP4   0x000f2a       data     extern C:\MCC18\src\traditional\proc\p18F24J50.asm
                 UEP4bits   0x000f2a       data     extern C:\MCC18\src\traditional\proc\p18F24J50.asm
                     UEP5   0x000f2b       data     extern C:\MCC18\src\traditional\proc\p18F24J50.asm
                 UEP5bits   0x000f2b       data     extern C:\MCC18\src\traditional\proc\p18F24J50.asm
                     UEP6   0x000f2c       data     extern C:\MCC18\src\traditional\proc\p18F24J50.asm
                 UEP6bits   0x000f2c       data     extern C:\MCC18\src\traditional\proc\p18F24J50.asm
                     UEP7   0x000f2d       data     extern C:\MCC18\src\traditional\proc\p18F24J50.asm
                 UEP7bits   0x000f2d       data     extern C:\MCC18\src\traditional\proc\p18F24J50.asm
                     UEP8   0x000f2e       data     extern C:\MCC18\src\traditional\proc\p18F24J50.asm
                 UEP8bits   0x000f2e       data     extern C:\MCC18\src\traditional\proc\p18F24J50.asm
                     UEP9   0x000f2f       data     extern C:\MCC18\src\traditional\proc\p18F24J50.asm
                 UEP9bits   0x000f2f       data     extern C:\MCC18\src\traditional\proc\p18F24J50.asm
                     UFRM   0x000f60       data     extern C:\MCC18\src\traditional\proc\p18F24J50.asm
                    UFRMH   0x000f61       data     extern C:\MCC18\src\traditional\proc\p18F24J50.asm
                UFRMHbits   0x000f61       data     extern C:\MCC18\src\traditional\proc\p18F24J50.asm
                    UFRML   0x000f60       data     extern C:\MCC18\src\traditional\proc\p18F24J50.asm
                UFRMLbits   0x000f60       data     extern C:\MCC18\src\traditional\proc\p18F24J50.asm
                      UIE   0x000f36       data     extern C:\MCC18\src\traditional\proc\p18F24J50.asm
                  UIEbits   0x000f36       data     extern C:\MCC18\src\traditional\proc\p18F24J50.asm
                      UIR   0x000f62       data     extern C:\MCC18\src\traditional\proc\p18F24J50.asm
                  UIRbits   0x000f62       data     extern C:\MCC18\src\traditional\proc\p18F24J50.asm
                    USTAT   0x000f64       data     extern C:\MCC18\src\traditional\proc\p18F24J50.asm
                USTATbits   0x000f64       data     extern C:\MCC18\src\traditional\proc\p18F24J50.asm
                   WDTCON   0x000fc0       data     extern C:\MCC18\src\traditional\proc\p18F24J50.asm
               WDTCONbits   0x000fc0       data     extern C:\MCC18\src\traditional\proc\p18F24J50.asm
                     WREG   0x000fe8       data     extern C:\MCC18\src\traditional\proc\p18F24J50.asm
                 __AARGB0   0x000007       data     extern C:\MCC18\src\traditional\math\aarg.asm
                 __AARGB1   0x000006       data     extern C:\MCC18\src\traditional\math\aarg.asm
                 __AARGB2   0x000005       data     extern C:\MCC18\src\traditional\math\aarg.asm
                 __AARGB3   0x000004       data     extern C:\MCC18\src\traditional\math\aarg.asm
                 __AARGB4   0x000003       data     extern C:\MCC18\src\traditional\math\aarg.asm
                 __AARGB5   0x000002       data     extern C:\MCC18\src\traditional\math\aarg.asm
                 __AARGB6   0x000001       data     extern C:\MCC18\src\traditional\math\aarg.asm
                 __AARGB7   0x000000       data     extern C:\MCC18\src\traditional\math\aarg.asm
                   __AEXP   0x000008       data     extern C:\MCC18\src\traditional\math\aarg.asm
                __FPFLAGS   0x00000a       data     extern C:\MCC18\src\traditional\math\cmath18.asm
            __FPFLAGSbits   0x00000a       data     extern C:\MCC18\src\traditional\math\cmath18.asm
                  __REMB0   0x000003       data     extern C:\MCC18\src\traditional\math\aarg.asm
                  __REMB1   0x000002       data     extern C:\MCC18\src\traditional\math\aarg.asm
                  __REMB2   0x000001       data     extern C:\MCC18\src\traditional\math\aarg.asm
                  __REMB3   0x000000       data     extern C:\MCC18\src\traditional\math\aarg.asm
                  __tmp_0   0x00000b       data     static E:\Work\dp\Honken_USB_Stack\firmware\cdc.c
                  __tmp_0   0x00000b       data     static E:\Work\dp\Honken_USB_Stack\firmware\main.c
                  __tmp_0   0x00000b       data     static E:\Work\dp\Honken_USB_Stack\firmware\usb_stack.c
                      bdp   0x0000b8       data     extern E:\Work\dp\Honken_USB_Stack\firmware\usb_stack.c
        cdc_acm_in_buffer   0x000510       data     extern E:\Work\dp\Honken_USB_Stack\firmware\cdc.c
            cdc_rx_buffer   0x000500       data     extern E:\Work\dp\Honken_USB_Stack\firmware\cdc.c
            cdc_tx_buffer   0x000508       data     extern E:\Work\dp\Honken_USB_Stack\firmware\cdc.c
      class_setup_handler   0x00006d       data     extern E:\Work\dp\Honken_USB_Stack\firmware\usb_stack.c
                      cls   0x0000c8       data     extern E:\Work\dp\Honken_USB_Stack\firmware\cdc.c
                curr_byte   0x0000d8       data     static C:\MCC18\src\traditional\startup\c018i.c
               curr_entry   0x0000da       data     static C:\MCC18\src\traditional\startup\c018i.c
                     data   0x0000ca       data     extern E:\Work\dp\Honken_USB_Stack\firmware\cdc.c
                 data_end   0x0000cc       data     extern E:\Work\dp\Honken_USB_Stack\firmware\cdc.c
                 data_ptr   0x0000dc       data     static C:\MCC18\src\traditional\startup\c018i.c
                endpoints   0x000071       data     extern E:\Work\dp\Honken_USB_Stack\firmware\usb_stack.c
              linecodeing   0x0000c1       data     extern E:\Work\dp\Honken_USB_Stack\firmware\cdc.c
               parity_str   0x0000df       data     extern E:\Work\dp\Honken_USB_Stack\firmware\cdc.c
                     prom   0x0000d5       data     static C:\MCC18\src\traditional\startup\c018i.c
                     rbdp   0x0000ba       data     extern E:\Work\dp\Honken_USB_Stack\firmware\usb_stack.c
                    rxbdp   0x0000ce       data     extern E:\Work\dp\Honken_USB_Stack\firmware\cdc.c
              sof_handler   0x00006b       data     extern E:\Work\dp\Honken_USB_Stack\firmware\usb_stack.c
               trn_status   0x0000b7       data     extern E:\Work\dp\Honken_USB_Stack\firmware\usb_stack.c
                    txbdp   0x0000d0       data     extern E:\Work\dp\Honken_USB_Stack\firmware\cdc.c
         usb_addr_pending   0x0000b6       data     extern E:\Work\dp\Honken_USB_Stack\firmware\usb_stack.c
                  usb_bdt   0x000400       data     extern E:\Work\dp\Honken_USB_Stack\firmware\usb_stack.c
    usb_config_descriptor   0x000063       data     extern E:\Work\dp\Honken_USB_Stack\firmware\usb_stack.c
          usb_current_cfg   0x0000b3       data     extern E:\Work\dp\Honken_USB_Stack\firmware\usb_stack.c
             usb_desc_len   0x0000bf       data     extern E:\Work\dp\Honken_USB_Stack\firmware\usb_stack.c
             usb_desc_ptr   0x0000bc       data     extern E:\Work\dp\Honken_USB_Stack\firmware\usb_stack.c
    usb_device_descriptor   0x000060       data     extern E:\Work\dp\Honken_USB_Stack\firmware\usb_stack.c
         usb_device_state   0x0000b5       data     extern E:\Work\dp\Honken_USB_Stack\firmware\usb_stack.c
        usb_device_status   0x0000b1       data     extern E:\Work\dp\Honken_USB_Stack\firmware\usb_stack.c
           usb_ep0_in_buf   0x000522       data     extern E:\Work\dp\Honken_USB_Stack\firmware\usb_stack.c
          usb_ep0_out_buf   0x00051a       data     extern E:\Work\dp\Honken_USB_Stack\firmware\usb_stack.c
usb_num_string_descriptors   0x000069       data     extern E:\Work\dp\Honken_USB_Stack\firmware\usb_stack.c
    usb_string_descriptor   0x000066       data     extern E:\Work\dp\Honken_USB_Stack\firmware\usb_stack.c
     vendor_setup_handler   0x00006f       data     extern E:\Work\dp\Honken_USB_Stack\firmware\usb_stack.c



                              Symbols - Sorted by Address
                     Name    Address   Location    Storage File                     
                ---------  ---------  ---------  --------- ---------                
                   _entry   0x000000    program     extern C:\MCC18\src\traditional\startup\c018i.c
       ___return_lbl00000   0x000004    program     static                          
                 High_ISR   0x000008    program     extern E:\Work\dp\Honken_USB_Stack\firmware\main.c
       ___return_lbl00013   0x00000c    program     static                          
                  Low_ISR   0x000018    program     extern E:\Work\dp\Honken_USB_Stack\firmware\main.c
       ___return_lbl00014   0x00001c    program     static                          
               myhigh_isr   0x00001e    program     extern E:\Work\dp\Honken_USB_Stack\firmware\main.c
                mylow_isr   0x0000ba    program     extern E:\Work\dp\Honken_USB_Stack\firmware\main.c
                  initCDC   0x000838    program     extern E:\Work\dp\Honken_USB_Stack\firmware\cdc.c
     user_configured_init   0x000870    program     extern E:\Work\dp\Honken_USB_Stack\firmware\cdc.c
                cdc_setup   0x000916    program     extern E:\Work\dp\Honken_USB_Stack\firmware\cdc.c
      cdc_get_line_coding   0x000b04    program     extern E:\Work\dp\Honken_USB_Stack\firmware\cdc.c
 cdc_set_line_coding_data   0x000b1c    program     extern E:\Work\dp\Honken_USB_Stack\firmware\cdc.c
cdc_set_line_coding_status   0x000bb4    program     extern E:\Work\dp\Honken_USB_Stack\firmware\cdc.c
cdc_set_control_line_state_status   0x000bcc    program     extern E:\Work\dp\Honken_USB_Stack\firmware\cdc.c
      sof_counter_handler   0x000be4    program     extern E:\Work\dp\Honken_USB_Stack\firmware\cdc.c
     USBUSARTIsTxTrfReady   0x000bf6    program     extern E:\Work\dp\Honken_USB_Stack\firmware\cdc.c
               CDCService   0x000c06    program     extern E:\Work\dp\Honken_USB_Stack\firmware\cdc.c
              CheckCDC_In   0x000c9a    program     extern E:\Work\dp\Honken_USB_Stack\firmware\cdc.c
    cdc_device_descriptor   0x000d60    program     extern E:\Work\dp\Honken_USB_Stack\firmware\descriptors.h
    cdc_config_descriptor   0x000d72    program     extern E:\Work\dp\Honken_USB_Stack\firmware\descriptors.h
            cdc_str_descs   0x000db5    program     extern E:\Work\dp\Honken_USB_Stack\firmware\descriptors.h
                     main   0x000e08    program     extern E:\Work\dp\Honken_USB_Stack\firmware\main.c
                     init   0x000e6a    program     extern E:\Work\dp\Honken_USB_Stack\firmware\main.c
                _do_cinit   0x000eaa    program     extern C:\MCC18\src\traditional\startup\c018i.c
                     test   0x000ec4    program     static                          
                copy_loop   0x000f1c    program     static                          
            copy_one_byte   0x000f22    program     static                          
             done_copying   0x000f30    program     static                          
       ___return_lbl00002   0x000f46    program     static                          
                     done   0x000f46    program     static                          
                   memcpy   0x000f48    program     extern C:\MCC18\src\traditional\stdclib\memcpy.asm
                    jLoop   0x000f70    program     static C:\MCC18\src\traditional\stdclib\memcpy.asm
              _4jContinue   0x000f7c    program     static C:\MCC18\src\traditional\stdclib\memcpy.asm
                   _5jEnd   0x000f86    program     static C:\MCC18\src\traditional\stdclib\memcpy.asm
                     jEnd   0x000f8c    program     static C:\MCC18\src\traditional\stdclib\memcpy.asm
            __zero_memory   0x000f9e    program     extern C:\MCC18\src\traditional\proc\p18F24J50.asm
               zero_block   0x000fac    program     static C:\MCC18\src\traditional\proc\p18F24J50.asm
                   loop_h   0x000fac    program     static C:\MCC18\src\traditional\proc\p18F24J50.asm
                compare_l   0x000fb4    program     static C:\MCC18\src\traditional\proc\p18F24J50.asm
                   loop_l   0x000fb6    program     static C:\MCC18\src\traditional\proc\p18F24J50.asm
                 _startup   0x000fbe    program     extern C:\MCC18\src\traditional\startup\c018i.c
                     loop   0x000fce    program     static                          
       ___return_lbl00001   0x000fd8    program     static                          
                   _reset   0x001000    program     extern E:\Work\dp\Honken_USB_Stack\firmware\main.c
       ___return_lbl00012   0x001004    program     static                          
                   __init   0x001006    program     extern C:\MCC18\src\traditional\stdclib\__init.c
        Remapped_High_ISR   0x001008    program     extern E:\Work\dp\Honken_USB_Stack\firmware\main.c
       ___return_lbl00010   0x00100c    program     static                          
         Remapped_Low_ISR   0x001018    program     extern E:\Work\dp\Honken_USB_Stack\firmware\main.c
       ___return_lbl00011   0x00101c    program     static                          
                 usb_init   0x00101e    program     extern E:\Work\dp\Honken_USB_Stack\firmware\usb_stack.c
                usb_start   0x001172    program     extern E:\Work\dp\Honken_USB_Stack\firmware\usb_stack.c
              usb_handler   0x001188    program     extern E:\Work\dp\Honken_USB_Stack\firmware\usb_stack.c
         usb_handle_error   0x0011e8    program     extern E:\Work\dp\Honken_USB_Stack\firmware\usb_stack.c
         usb_handle_reset   0x0011ec    program     extern E:\Work\dp\Honken_USB_Stack\firmware\usb_stack.c
   usb_handle_transaction   0x0012b8    program     extern E:\Work\dp\Honken_USB_Stack\firmware\usb_stack.c
         usb_handle_setup   0x001320    program     extern E:\Work\dp\Honken_USB_Stack\firmware\usb_stack.c
usb_handle_StandardDeviceRequest   0x001484    program     extern E:\Work\dp\Honken_USB_Stack\firmware\usb_stack.c
usb_handle_StandardInterfaceRequest   0x001ad0    program     extern E:\Work\dp\Honken_USB_Stack\firmware\usb_stack.c
usb_handle_StandardEndpointRequest   0x001c32    program     extern E:\Work\dp\Honken_USB_Stack\firmware\usb_stack.c
            usb_handle_in   0x001f60    program     extern E:\Work\dp\Honken_USB_Stack\firmware\usb_stack.c
           usb_handle_out   0x001fba    program     extern E:\Work\dp\Honken_USB_Stack\firmware\usb_stack.c
 usb_register_sof_handler   0x002024    program     extern E:\Work\dp\Honken_USB_Stack\firmware\usb_stack.c
usb_register_class_setup_handler   0x002040    program     extern E:\Work\dp\Honken_USB_Stack\firmware\usb_stack.c
usb_register_vendor_setup_handler   0x00205c    program     extern E:\Work\dp\Honken_USB_Stack\firmware\usb_stack.c
       usb_set_in_handler   0x002078    program     extern E:\Work\dp\Honken_USB_Stack\firmware\usb_stack.c
      usb_set_out_handler   0x0020b4    program     extern E:\Work\dp\Honken_USB_Stack\firmware\usb_stack.c
                  usb_ack   0x0020f8    program     extern E:\Work\dp\Honken_USB_Stack\firmware\usb_stack.c
             usb_ack_zero   0x002132    program     extern E:\Work\dp\Honken_USB_Stack\firmware\usb_stack.c
             usb_ack_dat1   0x00217c    program     extern E:\Work\dp\Honken_USB_Stack\firmware\usb_stack.c
         usb_RequestError   0x0021c4    program     extern E:\Work\dp\Honken_USB_Stack\firmware\usb_stack.c
          usb_set_address   0x0021d8    program     extern E:\Work\dp\Honken_USB_Stack\firmware\usb_stack.c
      usb_send_descriptor   0x002202    program     extern E:\Work\dp\Honken_USB_Stack\firmware\usb_stack.c
               __config_0   0x003ff8    program     static E:\Work\dp\Honken_USB_Stack\firmware\main.c
               __config_1   0x003ff9    program     static E:\Work\dp\Honken_USB_Stack\firmware\main.c
               __config_2   0x003ffa    program     static E:\Work\dp\Honken_USB_Stack\firmware\main.c
               __config_3   0x003ffb    program     static E:\Work\dp\Honken_USB_Stack\firmware\main.c
               __config_4   0x003ffc    program     static E:\Work\dp\Honken_USB_Stack\firmware\main.c
               __config_5   0x003ffd    program     static E:\Work\dp\Honken_USB_Stack\firmware\main.c
               __config_6   0x003ffe    program     static E:\Work\dp\Honken_USB_Stack\firmware\main.c
               __config_7   0x003fff    program     static E:\Work\dp\Honken_USB_Stack\firmware\main.c
                  __REMB3   0x000000       data     extern C:\MCC18\src\traditional\math\aarg.asm
                 __AARGB7   0x000000       data     extern C:\MCC18\src\traditional\math\aarg.asm
                  __REMB2   0x000001       data     extern C:\MCC18\src\traditional\math\aarg.asm
                 __AARGB6   0x000001       data     extern C:\MCC18\src\traditional\math\aarg.asm
                  __REMB1   0x000002       data     extern C:\MCC18\src\traditional\math\aarg.asm
                 __AARGB5   0x000002       data     extern C:\MCC18\src\traditional\math\aarg.asm
                  __REMB0   0x000003       data     extern C:\MCC18\src\traditional\math\aarg.asm
                 __AARGB4   0x000003       data     extern C:\MCC18\src\traditional\math\aarg.asm
                 __AARGB3   0x000004       data     extern C:\MCC18\src\traditional\math\aarg.asm
                 __AARGB2   0x000005       data     extern C:\MCC18\src\traditional\math\aarg.asm
                 __AARGB1   0x000006       data     extern C:\MCC18\src\traditional\math\aarg.asm
                 __AARGB0   0x000007       data     extern C:\MCC18\src\traditional\math\aarg.asm
                   __AEXP   0x000008       data     extern C:\MCC18\src\traditional\math\aarg.asm
                     SIGN   0x000009       data     extern C:\MCC18\src\traditional\math\cmath18.asm
                __FPFLAGS   0x00000a       data     extern C:\MCC18\src\traditional\math\cmath18.asm
            __FPFLAGSbits   0x00000a       data     extern C:\MCC18\src\traditional\math\cmath18.asm
                  __tmp_0   0x00000b       data     static E:\Work\dp\Honken_USB_Stack\firmware\cdc.c
                  __tmp_0   0x00000b       data     static E:\Work\dp\Honken_USB_Stack\firmware\main.c
                  __tmp_0   0x00000b       data     static E:\Work\dp\Honken_USB_Stack\firmware\usb_stack.c
    usb_device_descriptor   0x000060       data     extern E:\Work\dp\Honken_USB_Stack\firmware\usb_stack.c
    usb_config_descriptor   0x000063       data     extern E:\Work\dp\Honken_USB_Stack\firmware\usb_stack.c
    usb_string_descriptor   0x000066       data     extern E:\Work\dp\Honken_USB_Stack\firmware\usb_stack.c
usb_num_string_descriptors   0x000069       data     extern E:\Work\dp\Honken_USB_Stack\firmware\usb_stack.c
              sof_handler   0x00006b       data     extern E:\Work\dp\Honken_USB_Stack\firmware\usb_stack.c
      class_setup_handler   0x00006d       data     extern E:\Work\dp\Honken_USB_Stack\firmware\usb_stack.c
     vendor_setup_handler   0x00006f       data     extern E:\Work\dp\Honken_USB_Stack\firmware\usb_stack.c
                endpoints   0x000071       data     extern E:\Work\dp\Honken_USB_Stack\firmware\usb_stack.c
        usb_device_status   0x0000b1       data     extern E:\Work\dp\Honken_USB_Stack\firmware\usb_stack.c
          usb_current_cfg   0x0000b3       data     extern E:\Work\dp\Honken_USB_Stack\firmware\usb_stack.c
         usb_device_state   0x0000b5       data     extern E:\Work\dp\Honken_USB_Stack\firmware\usb_stack.c
         usb_addr_pending   0x0000b6       data     extern E:\Work\dp\Honken_USB_Stack\firmware\usb_stack.c
               trn_status   0x0000b7       data     extern E:\Work\dp\Honken_USB_Stack\firmware\usb_stack.c
                      bdp   0x0000b8       data     extern E:\Work\dp\Honken_USB_Stack\firmware\usb_stack.c
                     rbdp   0x0000ba       data     extern E:\Work\dp\Honken_USB_Stack\firmware\usb_stack.c
             usb_desc_ptr   0x0000bc       data     extern E:\Work\dp\Honken_USB_Stack\firmware\usb_stack.c
             usb_desc_len   0x0000bf       data     extern E:\Work\dp\Honken_USB_Stack\firmware\usb_stack.c
              linecodeing   0x0000c1       data     extern E:\Work\dp\Honken_USB_Stack\firmware\cdc.c
                      cls   0x0000c8       data     extern E:\Work\dp\Honken_USB_Stack\firmware\cdc.c
                     data   0x0000ca       data     extern E:\Work\dp\Honken_USB_Stack\firmware\cdc.c
                 data_end   0x0000cc       data     extern E:\Work\dp\Honken_USB_Stack\firmware\cdc.c
                    rxbdp   0x0000ce       data     extern E:\Work\dp\Honken_USB_Stack\firmware\cdc.c
                    txbdp   0x0000d0       data     extern E:\Work\dp\Honken_USB_Stack\firmware\cdc.c
            CDC_trf_state   0x0000d2       data     extern E:\Work\dp\Honken_USB_Stack\firmware\cdc.c
                 SOFCOUNT   0x0000d3       data     extern E:\Work\dp\Honken_USB_Stack\firmware\cdc.c
                     prom   0x0000d5       data     static C:\MCC18\src\traditional\startup\c018i.c
                curr_byte   0x0000d8       data     static C:\MCC18\src\traditional\startup\c018i.c
               curr_entry   0x0000da       data     static C:\MCC18\src\traditional\startup\c018i.c
                 data_ptr   0x0000dc       data     static C:\MCC18\src\traditional\startup\c018i.c
               parity_str   0x0000df       data     extern E:\Work\dp\Honken_USB_Stack\firmware\cdc.c
                  usb_bdt   0x000400       data     extern E:\Work\dp\Honken_USB_Stack\firmware\usb_stack.c
            cdc_rx_buffer   0x000500       data     extern E:\Work\dp\Honken_USB_Stack\firmware\cdc.c
            cdc_tx_buffer   0x000508       data     extern E:\Work\dp\Honken_USB_Stack\firmware\cdc.c
        cdc_acm_in_buffer   0x000510       data     extern E:\Work\dp\Honken_USB_Stack\firmware\cdc.c
          usb_ep0_out_buf   0x00051a       data     extern E:\Work\dp\Honken_USB_Stack\firmware\usb_stack.c
           usb_ep0_in_buf   0x000522       data     extern E:\Work\dp\Honken_USB_Stack\firmware\usb_stack.c
                    RPOR0   0x000ec6       data     extern C:\MCC18\src\traditional\proc\p18F24J50.asm
                    RPOR1   0x000ec7       data     extern C:\MCC18\src\traditional\proc\p18F24J50.asm
                    RPOR2   0x000ec8       data     extern C:\MCC18\src\traditional\proc\p18F24J50.asm
                    RPOR3   0x000ec9       data     extern C:\MCC18\src\traditional\proc\p18F24J50.asm
                    RPOR4   0x000eca       data     extern C:\MCC18\src\traditional\proc\p18F24J50.asm
                    RPOR5   0x000ecb       data     extern C:\MCC18\src\traditional\proc\p18F24J50.asm
                    RPOR6   0x000ecc       data     extern C:\MCC18\src\traditional\proc\p18F24J50.asm
                    RPOR7   0x000ecd       data     extern C:\MCC18\src\traditional\proc\p18F24J50.asm
                    RPOR8   0x000ece       data     extern C:\MCC18\src\traditional\proc\p18F24J50.asm
                    RPOR9   0x000ecf       data     extern C:\MCC18\src\traditional\proc\p18F24J50.asm
                   RPOR10   0x000ed0       data     extern C:\MCC18\src\traditional\proc\p18F24J50.asm
                   RPOR11   0x000ed1       data     extern C:\MCC18\src\traditional\proc\p18F24J50.asm
                   RPOR12   0x000ed2       data     extern C:\MCC18\src\traditional\proc\p18F24J50.asm
                   RPOR13   0x000ed3       data     extern C:\MCC18\src\traditional\proc\p18F24J50.asm
                   RPOR17   0x000ed7       data     extern C:\MCC18\src\traditional\proc\p18F24J50.asm
                   RPOR18   0x000ed8       data     extern C:\MCC18\src\traditional\proc\p18F24J50.asm
                   RPINR1   0x000ee7       data     extern C:\MCC18\src\traditional\proc\p18F24J50.asm
                   RPINR2   0x000ee8       data     extern C:\MCC18\src\traditional\proc\p18F24J50.asm
                   RPINR3   0x000ee9       data     extern C:\MCC18\src\traditional\proc\p18F24J50.asm
                   RPINR4   0x000eea       data     extern C:\MCC18\src\traditional\proc\p18F24J50.asm
                   RPINR6   0x000eec       data     extern C:\MCC18\src\traditional\proc\p18F24J50.asm
                   RPINR7   0x000eed       data     extern C:\MCC18\src\traditional\proc\p18F24J50.asm
                   RPINR8   0x000eee       data     extern C:\MCC18\src\traditional\proc\p18F24J50.asm
                  RPINR12   0x000ef2       data     extern C:\MCC18\src\traditional\proc\p18F24J50.asm
                  RPINR13   0x000ef3       data     extern C:\MCC18\src\traditional\proc\p18F24J50.asm
                  RPINR16   0x000ef6       data     extern C:\MCC18\src\traditional\proc\p18F24J50.asm
                  RPINR17   0x000ef7       data     extern C:\MCC18\src\traditional\proc\p18F24J50.asm
                  RPINR21   0x000efb       data     extern C:\MCC18\src\traditional\proc\p18F24J50.asm
                  RPINR22   0x000efc       data     extern C:\MCC18\src\traditional\proc\p18F24J50.asm
                  RPINR23   0x000efd       data     extern C:\MCC18\src\traditional\proc\p18F24J50.asm
                  RPINR24   0x000efe       data     extern C:\MCC18\src\traditional\proc\p18F24J50.asm
               PPSCONbits   0x000eff       data     extern C:\MCC18\src\traditional\proc\p18F24J50.asm
                   PPSCON   0x000eff       data     extern C:\MCC18\src\traditional\proc\p18F24J50.asm
                 UEP0bits   0x000f26       data     extern C:\MCC18\src\traditional\proc\p18F24J50.asm
                     UEP0   0x000f26       data     extern C:\MCC18\src\traditional\proc\p18F24J50.asm
                 UEP1bits   0x000f27       data     extern C:\MCC18\src\traditional\proc\p18F24J50.asm
                     UEP1   0x000f27       data     extern C:\MCC18\src\traditional\proc\p18F24J50.asm
                     UEP2   0x000f28       data     extern C:\MCC18\src\traditional\proc\p18F24J50.asm
                 UEP2bits   0x000f28       data     extern C:\MCC18\src\traditional\proc\p18F24J50.asm
                     UEP3   0x000f29       data     extern C:\MCC18\src\traditional\proc\p18F24J50.asm
                 UEP3bits   0x000f29       data     extern C:\MCC18\src\traditional\proc\p18F24J50.asm
                     UEP4   0x000f2a       data     extern C:\MCC18\src\traditional\proc\p18F24J50.asm
                 UEP4bits   0x000f2a       data     extern C:\MCC18\src\traditional\proc\p18F24J50.asm
                     UEP5   0x000f2b       data     extern C:\MCC18\src\traditional\proc\p18F24J50.asm
                 UEP5bits   0x000f2b       data     extern C:\MCC18\src\traditional\proc\p18F24J50.asm
                     UEP6   0x000f2c       data     extern C:\MCC18\src\traditional\proc\p18F24J50.asm
                 UEP6bits   0x000f2c       data     extern C:\MCC18\src\traditional\proc\p18F24J50.asm
                     UEP7   0x000f2d       data     extern C:\MCC18\src\traditional\proc\p18F24J50.asm
                 UEP7bits   0x000f2d       data     extern C:\MCC18\src\traditional\proc\p18F24J50.asm
                     UEP8   0x000f2e       data     extern C:\MCC18\src\traditional\proc\p18F24J50.asm
                 UEP8bits   0x000f2e       data     extern C:\MCC18\src\traditional\proc\p18F24J50.asm
                     UEP9   0x000f2f       data     extern C:\MCC18\src\traditional\proc\p18F24J50.asm
                 UEP9bits   0x000f2f       data     extern C:\MCC18\src\traditional\proc\p18F24J50.asm
                    UEP10   0x000f30       data     extern C:\MCC18\src\traditional\proc\p18F24J50.asm
                UEP10bits   0x000f30       data     extern C:\MCC18\src\traditional\proc\p18F24J50.asm
                UEP11bits   0x000f31       data     extern C:\MCC18\src\traditional\proc\p18F24J50.asm
                    UEP11   0x000f31       data     extern C:\MCC18\src\traditional\proc\p18F24J50.asm
                UEP12bits   0x000f32       data     extern C:\MCC18\src\traditional\proc\p18F24J50.asm
                    UEP12   0x000f32       data     extern C:\MCC18\src\traditional\proc\p18F24J50.asm
                    UEP13   0x000f33       data     extern C:\MCC18\src\traditional\proc\p18F24J50.asm
                UEP13bits   0x000f33       data     extern C:\MCC18\src\traditional\proc\p18F24J50.asm
                    UEP14   0x000f34       data     extern C:\MCC18\src\traditional\proc\p18F24J50.asm
                UEP14bits   0x000f34       data     extern C:\MCC18\src\traditional\proc\p18F24J50.asm
[...]
                    TRISB   0x000f93       data     extern C:\MCC18\src\traditional\proc\p18F24J50.asm
                TRISCbits   0x000f94       data     extern C:\MCC18\src\traditional\proc\p18F24J50.asm
                    TRISC   0x000f94       data     extern C:\MCC18\src\traditional\proc\p18F24J50.asm
                   T3GCON   0x000f97       data     extern C:\MCC18\src\traditional\proc\p18F24J50.asm
               T3GCONbits   0x000f97       data     extern C:\MCC18\src\traditional\proc\p18F24J50.asm
                  RTCVALL   0x000f98       data     extern C:\MCC18\src\traditional\proc\p18F24J50.asm
                  RTCVALH   0x000f99       data     extern C:\MCC18\src\traditional\proc\p18F24J50.asm
                   T1GCON   0x000f9a       data     extern C:\MCC18\src\traditional\proc\p18F24J50.asm
               T1GCONbits   0x000f9a       data     extern C:\MCC18\src\traditional\proc\p18F24J50.asm
              OSCTUNEbits   0x000f9b       data     extern C:\MCC18\src\traditional\proc\p18F24J50.asm
                  OSCTUNE   0x000f9b       data     extern C:\MCC18\src\traditional\proc\p18F24J50.asm
               RCSTA2bits   0x000f9c       data     extern C:\MCC18\src\traditional\proc\p18F24J50.asm
                   RCSTA2   0x000f9c       data     extern C:\MCC18\src\traditional\proc\p18F24J50.asm
                 PIE1bits   0x000f9d       data     extern C:\MCC18\src\traditional\proc\p18F24J50.asm
                     PIE1   0x000f9d       data     extern C:\MCC18\src\traditional\proc\p18F24J50.asm
                     PIR1   0x000f9e       data     extern C:\MCC18\src\traditional\proc\p18F24J50.asm
                 PIR1bits   0x000f9e       data     extern C:\MCC18\src\traditional\proc\p18F24J50.asm
                     IPR1   0x000f9f       data     extern C:\MCC18\src\traditional\proc\p18F24J50.asm
                 IPR1bits   0x000f9f       data     extern C:\MCC18\src\traditional\proc\p18F24J50.asm
                 PIE2bits   0x000fa0       data     extern C:\MCC18\src\traditional\proc\p18F24J50.asm
                     PIE2   0x000fa0       data     extern C:\MCC18\src\traditional\proc\p18F24J50.asm
                     PIR2   0x000fa1       data     extern C:\MCC18\src\traditional\proc\p18F24J50.asm
                 PIR2bits   0x000fa1       data     extern C:\MCC18\src\traditional\proc\p18F24J50.asm
                 IPR2bits   0x000fa2       data     extern C:\MCC18\src\traditional\proc\p18F24J50.asm
                     IPR2   0x000fa2       data     extern C:\MCC18\src\traditional\proc\p18F24J50.asm
                 PIE3bits   0x000fa3       data     extern C:\MCC18\src\traditional\proc\p18F24J50.asm
                     PIE3   0x000fa3       data     extern C:\MCC18\src\traditional\proc\p18F24J50.asm
                     PIR3   0x000fa4       data     extern C:\MCC18\src\traditional\proc\p18F24J50.asm
                 PIR3bits   0x000fa4       data     extern C:\MCC18\src\traditional\proc\p18F24J50.asm
                     IPR3   0x000fa5       data     extern C:\MCC18\src\traditional\proc\p18F24J50.asm
                 IPR3bits   0x000fa5       data     extern C:\MCC18\src\traditional\proc\p18F24J50.asm
                   EECON1   0x000fa6       data     extern C:\MCC18\src\traditional\proc\p18F24J50.asm
               EECON1bits   0x000fa6       data     extern C:\MCC18\src\traditional\proc\p18F24J50.asm
                   EECON2   0x000fa7       data     extern C:\MCC18\src\traditional\proc\p18F24J50.asm
                   TXSTA2   0x000fa8       data     extern C:\MCC18\src\traditional\proc\p18F24J50.asm
               TXSTA2bits   0x000fa8       data     extern C:\MCC18\src\traditional\proc\p18F24J50.asm
                   TXREG2   0x000fa9       data     extern C:\MCC18\src\traditional\proc\p18F24J50.asm
                   RCREG2   0x000faa       data     extern C:\MCC18\src\traditional\proc\p18F24J50.asm
                   SPBRG2   0x000fab       data     extern C:\MCC18\src\traditional\proc\p18F24J50.asm
                    RCSTA   0x000fac       data     extern C:\MCC18\src\traditional\proc\p18F24J50.asm
                   RCSTA1   0x000fac       data     extern C:\MCC18\src\traditional\proc\p18F24J50.asm
               RCSTA1bits   0x000fac       data     extern C:\MCC18\src\traditional\proc\p18F24J50.asm
                RCSTAbits   0x000fac       data     extern C:\MCC18\src\traditional\proc\p18F24J50.asm
                    TXSTA   0x000fad       data     extern C:\MCC18\src\traditional\proc\p18F24J50.asm
               TXSTA1bits   0x000fad       data     extern C:\MCC18\src\traditional\proc\p18F24J50.asm
                   TXSTA1   0x000fad       data     extern C:\MCC18\src\traditional\proc\p18F24J50.asm
                TXSTAbits   0x000fad       data     extern C:\MCC18\src\traditional\proc\p18F24J50.asm
                    TXREG   0x000fae       data     extern C:\MCC18\src\traditional\proc\p18F24J50.asm
                   TXREG1   0x000fae       data     extern C:\MCC18\src\traditional\proc\p18F24J50.asm
                   RCREG1   0x000faf       data     extern C:\MCC18\src\traditional\proc\p18F24J50.asm
                    RCREG   0x000faf       data     extern C:\MCC18\src\traditional\proc\p18F24J50.asm
                   SPBRG1   0x000fb0       data     extern C:\MCC18\src\traditional\proc\p18F24J50.asm
                    SPBRG   0x000fb0       data     extern C:\MCC18\src\traditional\proc\p18F24J50.asm
                 CTMUICON   0x000fb1       data     extern C:\MCC18\src\traditional\proc\p18F24J50.asm
             CTMUICONbits   0x000fb1       data     extern C:\MCC18\src\traditional\proc\p18F24J50.asm
                 CTMUCONL   0x000fb2       data     extern C:\MCC18\src\traditional\proc\p18F24J50.asm
             CTMUCONLbits   0x000fb2       data     extern C:\MCC18\src\traditional\proc\p18F24J50.asm
                 CTMUCONH   0x000fb3       data     extern C:\MCC18\src\traditional\proc\p18F24J50.asm
             CTMUCONHbits   0x000fb3       data     extern C:\MCC18\src\traditional\proc\p18F24J50.asm
              CCP2CONbits   0x000fb4       data     extern C:\MCC18\src\traditional\proc\p18F24J50.asm
             ECCP2CONbits   0x000fb4       data     extern C:\MCC18\src\traditional\proc\p18F24J50.asm
                 ECCP2CON   0x000fb4       data     extern C:\MCC18\src\traditional\proc\p18F24J50.asm
                  CCP2CON   0x000fb4       data     extern C:\MCC18\src\traditional\proc\p18F24J50.asm
                   CCPR2L   0x000fb5       data     extern C:\MCC18\src\traditional\proc\p18F24J50.asm
                    CCPR2   0x000fb5       data     extern C:\MCC18\src\traditional\proc\p18F24J50.asm
                   CCPR2H   0x000fb6       data     extern C:\MCC18\src\traditional\proc\p18F24J50.asm
                  PWM2CON   0x000fb7       data     extern C:\MCC18\src\traditional\proc\p18F24J50.asm
              PWM2CONbits   0x000fb7       data     extern C:\MCC18\src\traditional\proc\p18F24J50.asm
                 ECCP2DEL   0x000fb7       data     extern C:\MCC18\src\traditional\proc\p18F24J50.asm
             ECCP2DELbits   0x000fb7       data     extern C:\MCC18\src\traditional\proc\p18F24J50.asm
              ECCP2ASbits   0x000fb8       data     extern C:\MCC18\src\traditional\proc\p18F24J50.asm
                  ECCP2AS   0x000fb8       data     extern C:\MCC18\src\traditional\proc\p18F24J50.asm
                 PSTR2CON   0x000fb9       data     extern C:\MCC18\src\traditional\proc\p18F24J50.asm
             PSTR2CONbits   0x000fb9       data     extern C:\MCC18\src\traditional\proc\p18F24J50.asm
             ECCP1CONbits   0x000fba       data     extern C:\MCC18\src\traditional\proc\p18F24J50.asm
                 ECCP1CON   0x000fba       data     extern C:\MCC18\src\traditional\proc\p18F24J50.asm
              CCP1CONbits   0x000fba       data     extern C:\MCC18\src\traditional\proc\p18F24J50.asm
                  CCP1CON   0x000fba       data     extern C:\MCC18\src\traditional\proc\p18F24J50.asm
                   CCPR1L   0x000fbb       data     extern C:\MCC18\src\traditional\proc\p18F24J50.asm
                    CCPR1   0x000fbb       data     extern C:\MCC18\src\traditional\proc\p18F24J50.asm
                   CCPR1H   0x000fbc       data     extern C:\MCC18\src\traditional\proc\p18F24J50.asm
             ECCP1DELbits   0x000fbd       data     extern C:\MCC18\src\traditional\proc\p18F24J50.asm
              PWM1CONbits   0x000fbd       data     extern C:\MCC18\src\traditional\proc\p18F24J50.asm
                 ECCP1DEL   0x000fbd       data     extern C:\MCC18\src\traditional\proc\p18F24J50.asm
                  PWM1CON   0x000fbd       data     extern C:\MCC18\src\traditional\proc\p18F24J50.asm
              ECCP1ASbits   0x000fbe       data     extern C:\MCC18\src\traditional\proc\p18F24J50.asm
                  ECCP1AS   0x000fbe       data     extern C:\MCC18\src\traditional\proc\p18F24J50.asm
                 PSTR1CON   0x000fbf       data     extern C:\MCC18\src\traditional\proc\p18F24J50.asm
             PSTR1CONbits   0x000fbf       data     extern C:\MCC18\src\traditional\proc\p18F24J50.asm
               WDTCONbits   0x000fc0       data     extern C:\MCC18\src\traditional\proc\p18F24J50.asm
                   WDTCON   0x000fc0       data     extern C:\MCC18\src\traditional\proc\p18F24J50.asm
               ADCON1bits   0x000fc1       data     extern C:\MCC18\src\traditional\proc\p18F24J50.asm
                   ADCON1   0x000fc1       data     extern C:\MCC18\src\traditional\proc\p18F24J50.asm
                   ADCON0   0x000fc2       data     extern C:\MCC18\src\traditional\proc\p18F24J50.asm
               ADCON0bits   0x000fc2       data     extern C:\MCC18\src\traditional\proc\p18F24J50.asm
                    ADRES   0x000fc3       data     extern C:\MCC18\src\traditional\proc\p18F24J50.asm
                   ADRESL   0x000fc3       data     extern C:\MCC18\src\traditional\proc\p18F24J50.asm
                   ADRESH   0x000fc4       data     extern C:\MCC18\src\traditional\proc\p18F24J50.asm
                  SSPCON2   0x000fc5       data     extern C:\MCC18\src\traditional\proc\p18F24J50.asm
              SSPCON2bits   0x000fc5       data     extern C:\MCC18\src\traditional\proc\p18F24J50.asm
                 SSP1CON2   0x000fc5       data     extern C:\MCC18\src\traditional\proc\p18F24J50.asm
             SSP1CON2bits   0x000fc5       data     extern C:\MCC18\src\traditional\proc\p18F24J50.asm
                 SSP1CON1   0x000fc6       data     extern C:\MCC18\src\traditional\proc\p18F24J50.asm
                  SSPCON1   0x000fc6       data     extern C:\MCC18\src\traditional\proc\p18F24J50.asm
              SSPCON1bits   0x000fc6       data     extern C:\MCC18\src\traditional\proc\p18F24J50.asm
             SSP1CON1bits   0x000fc6       data     extern C:\MCC18\src\traditional\proc\p18F24J50.asm
             SSP1STATbits   0x000fc7       data     extern C:\MCC18\src\traditional\proc\p18F24J50.asm
                 SSP1STAT   0x000fc7       data     extern C:\MCC18\src\traditional\proc\p18F24J50.asm
                  SSPSTAT   0x000fc7       data     extern C:\MCC18\src\traditional\proc\p18F24J50.asm
              SSPSTATbits   0x000fc7       data     extern C:\MCC18\src\traditional\proc\p18F24J50.asm
               SSPADDbits   0x000fc8       data     extern C:\MCC18\src\traditional\proc\p18F24J50.asm
                   SSPADD   0x000fc8       data     extern C:\MCC18\src\traditional\proc\p18F24J50.asm
                  SSP1ADD   0x000fc8       data     extern C:\MCC18\src\traditional\proc\p18F24J50.asm
              SSP1ADDbits   0x000fc8       data     extern C:\MCC18\src\traditional\proc\p18F24J50.asm
                   SSPBUF   0x000fc9       data     extern C:\MCC18\src\traditional\proc\p18F24J50.asm
                  SSP1BUF   0x000fc9       data     extern C:\MCC18\src\traditional\proc\p18F24J50.asm
                    T2CON   0x000fca       data     extern C:\MCC18\src\traditional\proc\p18F24J50.asm
                T2CONbits   0x000fca       data     extern C:\MCC18\src\traditional\proc\p18F24J50.asm
                      PR2   0x000fcb       data     extern C:\MCC18\src\traditional\proc\p18F24J50.asm
                     TMR2   0x000fcc       data     extern C:\MCC18\src\traditional\proc\p18F24J50.asm
                    T1CON   0x000fcd       data     extern C:\MCC18\src\traditional\proc\p18F24J50.asm
                T1CONbits   0x000fcd       data     extern C:\MCC18\src\traditional\proc\p18F24J50.asm
                    TMR1L   0x000fce       data     extern C:\MCC18\src\traditional\proc\p18F24J50.asm
                    TMR1H   0x000fcf       data     extern C:\MCC18\src\traditional\proc\p18F24J50.asm
                     RCON   0x000fd0       data     extern C:\MCC18\src\traditional\proc\p18F24J50.asm
                 RCONbits   0x000fd0       data     extern C:\MCC18\src\traditional\proc\p18F24J50.asm
                   CM2CON   0x000fd1       data     extern C:\MCC18\src\traditional\proc\p18F24J50.asm
                  CM2CON1   0x000fd1       data     extern C:\MCC18\src\traditional\proc\p18F24J50.asm
              CM2CON1bits   0x000fd1       data     extern C:\MCC18\src\traditional\proc\p18F24J50.asm
               CM2CONbits   0x000fd1       data     extern C:\MCC18\src\traditional\proc\p18F24J50.asm
               CM1CONbits   0x000fd2       data     extern C:\MCC18\src\traditional\proc\p18F24J50.asm
              CM1CON1bits   0x000fd2       data     extern C:\MCC18\src\traditional\proc\p18F24J50.asm
                  CM1CON1   0x000fd2       data     extern C:\MCC18\src\traditional\proc\p18F24J50.asm
                   CM1CON   0x000fd2       data     extern C:\MCC18\src\traditional\proc\p18F24J50.asm
                   OSCCON   0x000fd3       data     extern C:\MCC18\src\traditional\proc\p18F24J50.asm
               OSCCONbits   0x000fd3       data     extern C:\MCC18\src\traditional\proc\p18F24J50.asm
                    T0CON   0x000fd5       data     extern C:\MCC18\src\traditional\proc\p18F24J50.asm
                T0CONbits   0x000fd5       data     extern C:\MCC18\src\traditional\proc\p18F24J50.asm
                    TMR0L   0x000fd6       data     extern C:\MCC18\src\traditional\proc\p18F24J50.asm
                    TMR0H   0x000fd7       data     extern C:\MCC18\src\traditional\proc\p18F24J50.asm
                   STATUS   0x000fd8       data     extern C:\MCC18\src\traditional\proc\p18F24J50.asm
               STATUSbits   0x000fd8       data     extern C:\MCC18\src\traditional\proc\p18F24J50.asm
                    FSR2L   0x000fd9       data     extern C:\MCC18\src\traditional\proc\p18F24J50.asm
                     FSR2   0x000fd9       data     extern C:\MCC18\src\traditional\proc\p18F24J50.asm
                    FSR2H   0x000fda       data     extern C:\MCC18\src\traditional\proc\p18F24J50.asm
                   PLUSW2   0x000fdb       data     extern C:\MCC18\src\traditional\proc\p18F24J50.asm
                  PREINC2   0x000fdc       data     extern C:\MCC18\src\traditional\proc\p18F24J50.asm
                 POSTDEC2   0x000fdd       data     extern C:\MCC18\src\traditional\proc\p18F24J50.asm
                 POSTINC2   0x000fde       data     extern C:\MCC18\src\traditional\proc\p18F24J50.asm
                    INDF2   0x000fdf       data     extern C:\MCC18\src\traditional\proc\p18F24J50.asm
                      BSR   0x000fe0       data     extern C:\MCC18\src\traditional\proc\p18F24J50.asm
                    FSR1L   0x000fe1       data     extern C:\MCC18\src\traditional\proc\p18F24J50.asm
                     FSR1   0x000fe1       data     extern C:\MCC18\src\traditional\proc\p18F24J50.asm
                    FSR1H   0x000fe2       data     extern C:\MCC18\src\traditional\proc\p18F24J50.asm
                   PLUSW1   0x000fe3       data     extern C:\MCC18\src\traditional\proc\p18F24J50.asm
                  PREINC1   0x000fe4       data     extern C:\MCC18\src\traditional\proc\p18F24J50.asm
                 POSTDEC1   0x000fe5       data     extern C:\MCC18\src\traditional\proc\p18F24J50.asm
                 POSTINC1   0x000fe6       data     extern C:\MCC18\src\traditional\proc\p18F24J50.asm
                    INDF1   0x000fe7       data     extern C:\MCC18\src\traditional\proc\p18F24J50.asm
                     WREG   0x000fe8       data     extern C:\MCC18\src\traditional\proc\p18F24J50.asm
                    FSR0L   0x000fe9       data     extern C:\MCC18\src\traditional\proc\p18F24J50.asm
                     FSR0   0x000fe9       data     extern C:\MCC18\src\traditional\proc\p18F24J50.asm
                    FSR0H   0x000fea       data     extern C:\MCC18\src\traditional\proc\p18F24J50.asm
                   PLUSW0   0x000feb       data     extern C:\MCC18\src\traditional\proc\p18F24J50.asm
                  PREINC0   0x000fec       data     extern C:\MCC18\src\traditional\proc\p18F24J50.asm
                 POSTDEC0   0x000fed       data     extern C:\MCC18\src\traditional\proc\p18F24J50.asm
                 POSTINC0   0x000fee       data     extern C:\MCC18\src\traditional\proc\p18F24J50.asm
                    INDF0   0x000fef       data     extern C:\MCC18\src\traditional\proc\p18F24J50.asm
              INTCON3bits   0x000ff0       data     extern C:\MCC18\src\traditional\proc\p18F24J50.asm
                  INTCON3   0x000ff0       data     extern C:\MCC18\src\traditional\proc\p18F24J50.asm
              INTCON2bits   0x000ff1       data     extern C:\MCC18\src\traditional\proc\p18F24J50.asm
                  INTCON2   0x000ff1       data     extern C:\MCC18\src\traditional\proc\p18F24J50.asm
               INTCONbits   0x000ff2       data     extern C:\MCC18\src\traditional\proc\p18F24J50.asm
                   INTCON   0x000ff2       data     extern C:\MCC18\src\traditional\proc\p18F24J50.asm
                    PRODL   0x000ff3       data     extern C:\MCC18\src\traditional\proc\p18F24J50.asm
                     PROD   0x000ff3       data     extern C:\MCC18\src\traditional\proc\p18F24J50.asm
                    PRODH   0x000ff4       data     extern C:\MCC18\src\traditional\proc\p18F24J50.asm
                   TABLAT   0x000ff5       data     extern C:\MCC18\src\traditional\proc\p18F24J50.asm
                   TBLPTR   0x000ff6       data     extern C:\MCC18\src\traditional\proc\p18F24J50.asm
                  TBLPTRL   0x000ff6       data     extern C:\MCC18\src\traditional\proc\p18F24J50.asm
                  TBLPTRH   0x000ff7       data     extern C:\MCC18\src\traditional\proc\p18F24J50.asm
                  TBLPTRU   0x000ff8       data     extern C:\MCC18\src\traditional\proc\p18F24J50.asm
                       PC   0x000ff9       data     extern C:\MCC18\src\traditional\proc\p18F24J50.asm
                      PCL   0x000ff9       data     extern C:\MCC18\src\traditional\proc\p18F24J50.asm
                   PCLATH   0x000ffa       data     extern C:\MCC18\src\traditional\proc\p18F24J50.asm
                   PCLATU   0x000ffb       data     extern C:\MCC18\src\traditional\proc\p18F24J50.asm
                   STKPTR   0x000ffc       data     extern C:\MCC18\src\traditional\proc\p18F24J50.asm
               STKPTRbits   0x000ffc       data     extern C:\MCC18\src\traditional\proc\p18F24J50.asm
                      TOS   0x000ffd       data     extern C:\MCC18\src\traditional\proc\p18F24J50.asm
                     TOSL   0x000ffd       data     extern C:\MCC18\src\traditional\proc\p18F24J50.asm
                     TOSH   0x000ffe       data     extern C:\MCC18\src\traditional\proc\p18F24J50.asm
                     TOSU   0x000fff       data     extern C:\MCC18\src\traditional\proc\p18F24J50.asm


