HI-TECH Software C Compiler 

Linker command line:

--edf=C:\Program Files (x86)\HI-TECH Software\PICC\9.82\dat\en_msgs.txt -cs \
  -h+BP Demoboard v5.sym -z -Q16F1829 -ol.obj -MBP Demoboard v5.map -E1 \
  -ACONST=00h-0FFhx32 -ACODE=00h-07FFhx4 -ASTRCODE=00h-01FFFh \
  -AENTRY=00h-0FFhx32 -ASTRING=00h-0FFhx32 -ABANK0=020h-06Fh \
  -ABANK1=0A0h-0EFh -ABANK2=0120h-016Fh -ABANK3=01A0h-01EFh \
  -ABANK4=0220h-026Fh -ABANK5=02A0h-02EFh -ABANK6=0320h-036Fh \
  -ABANK7=03A0h-03EFh -ABANK8=0420h-046Fh -ABANK9=04A0h-04EFh \
  -ABANK10=0520h-056Fh -ABANK11=05A0h-05EFh -ABANK12=0620h-064Fh \
  -ABIGRAM=02000h-023EFh \
  -ARAM=020h-06Fh,0A0h-0EFh,0120h-016Fh,01A0h-01EFh,0220h-026Fh,02A0h-02EFh,0320h-036Fh,03A0h-03EFh,0420h-046Fh,04A0h-04EFh,0520h-056Fh,05A0h-05EFh,0620h-064Fh \
  -AABS1=020h-07Fh,0A0h-0EFh,0120h-016Fh,01A0h-01EFh,0220h-026Fh,02A0h-02EFh,0320h-036Fh,03A0h-03EFh,0420h-046Fh,04A0h-04EFh,0520h-056Fh,05A0h-05EFh,0620h-064Fh \
  -ACOMMON=070h-07Fh -ASFR0=00h-01Fh -ASFR1=080h-09Fh -ASFR2=0100h-011Fh \
  -ASFR3=0180h-019Fh -ASFR4=0200h-021Fh -ASFR5=0280h-029Fh \
  -ASFR6=0300h-031Fh -ASFR7=0380h-039Fh -ASFR8=0400h-041Fh \
  -ASFR9=0480h-049Fh -ASFR10=0500h-051Fh -ASFR11=0580h-059Fh \
  -ASFR12=0600h-061Fh -ASFR13=0680h-06EFh -ASFR14=0700h-076Fh \
  -ASFR15=0780h-07EFh -ASFR16=0800h-086Fh -ASFR17=0880h-08EFh \
  -ASFR18=0900h-096Fh -ASFR19=0980h-09EFh -ASFR20=0A00h-0A6Fh \
  -ASFR21=0A80h-0AEFh -ASFR22=0B00h-0B6Fh -ASFR23=0B80h-0BEFh \
  -ASFR24=0C00h-0C6Fh -ASFR25=0C80h-0CEFh -ASFR26=0D00h-0D6Fh \
  -ASFR27=0D80h-0DEFh -ASFR28=0E00h-0E6Fh -ASFR29=0E80h-0EEFh \
  -ASFR30=0F00h-0F6Fh -ASFR31=0F80h-0FEFh \
  -preset_vec=00h,intentry=04h,init,end_init -ppowerup=CODE -pfunctab=CODE \
  -ACONFIG=08007h-08008h -pconfig=CONFIG -DCONFIG=2 -AIDLOC=08000h-08003h \
  -pidloc=IDLOC -DIDLOC=2 -AEEDATA=00h-0FFh/0F000h -peeprom_data=EEDATA \
  -DEEDATA=2 -DCODE=2 -DSTRCODE=2 -DSTRING=2 -DCONST=2 -DENTRY=2 -k \
  startup.obj BP Demoboard v5.obj 

Object code version is 3.10

Machine type is 16F1829



                Name                               Link     Load   Length Selector   Space Scale
startup.obj     end_init                             3C       3C        3        8       0
                reset_vec                             0        0        2        0       0
BP Demoboard v5.obj
                functab                             100      100       17        2       0
                intentry                              4        4       38        8       0
                config                             8007     8007        2    1000E       0
                text1338                           14DA     14DA        A     29B4       0
                text1337                           14C1     14C1        3     2982       0
                text1336                           14E4     14E4        B     29C8       0
                text1335                           1512     1512        D     2A24       0
                text1334                           152E     152E       11     2A5C       0
                text1333                           1553     1553       17     2AA6       0
                text1332                           14D3     14D3        7     29A6       0
                text1331                           14EF     14EF        B     29DE       0
                text1330                           1747     1747       5C     2E8E       0
                text1329                           14C4     14C4        4     2988       0
                text1328                           14CD     14CD        6     299A       0
                text1327                            A03      A03       8A     1406       0
                text1326                           151F     151F        F     2A3E       0
                text1325                           153F     153F       14     2A7E       0
                text1324                           14C8     14C8        5     2990       0
                text1323                            800      800        3      DB0       0
                text1322                           156A     156A       19     2AD4       0
                text1321                           1583     1583       24     2B06       0
                text1320                           166D     166D       47     2CDA       0
                text1319                           15F8     15F8       30     2BF0       0
                text1318                            89C      89C       6F     1138       0
                text1317                            7BC      7BC       44      DB0       0
                text1316                           16FD     16FD       4A     2DFA       0
                text1315                            90B      90B       72     1216       0
                text1314                           15CF     15CF       29     2B9E       0
                text1313                            803      803       38     1006       0
                text1312                            83B      83B       61     1076       0
                text1311                            1C1      1C1       3E        2       0
                text1310                           16B4     16B4       49     2D68       0
                swtext1                            1000     1000        A     2000       0
                text1309                            D42      D42      2BE     1A84       0
                text1308                            1FF      1FF        1        2       0
                text1307                            97D      97D       86     12FA       0
                text1306                             3F       3F       A6        8       0
                text1305                            BB3      BB3      18F     1766       0
                text1304                            6D8      6D8       E4      DB0       0
                text1303                           1628     1628       45     2C50       0
                text1302                            B1F      B1F       94     163E       0
                text1301                           17A3     17A3       5D     2F46       0
                text1300                            A8D      A8D       92     151A       0
                maintext                            117      117       AA        2       0
                cstackBANK0                          3A       3A       19       20       1
                cstackCOMMON                         70       70        A       70       1
                inittext                           14FA     14FA        C     29F4       0
                clrtext                            1506     1506        C     2A0C       0
                dataBANK0                            20       20       1A       20       1
                bssBANK0                             53       53       15       20       1
                bssCOMMON                            7A       7A        1       70       1
                cinit                              15A7     15A7       28     2B4E       0
                nvBANK0                              68       68        1       20       1
                stringtext                          200      200      4D8        4       0
                idataBANK0                           E5       E5       1A        8       0

TOTAL           Name                               Link     Load   Length     Space
        CLASS   CONST          
                swtext1                            1000     1000        A         0

        CLASS   CODE           
                end_init                             3C       3C        3         0
                functab                             100      100       17         0
                intentry                              4        4       38         0
                reset_vec                             0        0        2         0
                text1338                           14DA     14DA        A         0
                text1337                           14C1     14C1        3         0
                text1336                           14E4     14E4        B         0
                text1335                           1512     1512        D         0
                text1334                           152E     152E       11         0
                text1333                           1553     1553       17         0
                text1332                           14D3     14D3        7         0
                text1331                           14EF     14EF        B         0
                text1330                           1747     1747       5C         0
                text1329                           14C4     14C4        4         0
                text1328                           14CD     14CD        6         0
                text1327                            A03      A03       8A         0
                text1326                           151F     151F        F         0
                text1325                           153F     153F       14         0
                text1324                           14C8     14C8        5         0
                text1323                            800      800        3         0
                text1322                           156A     156A       19         0
                text1321                           1583     1583       24         0
                text1320                           166D     166D       47         0
                text1319                           15F8     15F8       30         0
                text1318                            89C      89C       6F         0
                text1317                            7BC      7BC       44         0
                text1316                           16FD     16FD       4A         0
                text1315                            90B      90B       72         0
                text1314                           15CF     15CF       29         0
                text1313                            803      803       38         0
                text1312                            83B      83B       61         0
                text1311                            1C1      1C1       3E         0
                text1310                           16B4     16B4       49         0
                text1309                            D42      D42      2BE         0
                text1308                            1FF      1FF        1         0
                text1307                            97D      97D       86         0
                text1306                             3F       3F       A6         0
                text1305                            BB3      BB3      18F         0
                text1304                            6D8      6D8       E4         0
                text1303                           1628     1628       45         0
                text1302                            B1F      B1F       94         0
                text1301                           17A3     17A3       5D         0
                text1300                            A8D      A8D       92         0
                maintext                            117      117       AA         0
                inittext                           14FA     14FA        C         0
                clrtext                            1506     1506        C         0
                cinit                              15A7     15A7       28         0
                idataBANK0                           E5       E5       1A         0

        CLASS   STRCODE        
                stringtext                          200      200      4D8         0

        CLASS   ENTRY          

        CLASS   STRING         

        CLASS   BANK0          
                cstackBANK0                          3A       3A       19         1
                dataBANK0                            20       20       1A         1
                bssBANK0                             53       53       15         1
                nvBANK0                              68       68        1         1

        CLASS   BANK1          

        CLASS   BANK2          

        CLASS   BANK3          

        CLASS   BANK4          

        CLASS   BANK5          

        CLASS   BANK6          

        CLASS   BANK7          

        CLASS   BANK8          

        CLASS   BANK9          

        CLASS   BANK10         

        CLASS   BANK11         

        CLASS   BANK12         

        CLASS   BIGRAM         

        CLASS   RAM            

        CLASS   ABS1           
                abs_s1                               7E       7E        2         1
                abs_s1                              4C0      4C0       30         1
                abs_s1                              520      520       50         1
                abs_s1                              5A0      5A0       50         1
                abs_s1                              620      620       30         1

        CLASS   COMMON         
                cstackCOMMON                         70       70        A         1
                bssCOMMON                            7A       7A        1         1

        CLASS   SFR0           

        CLASS   SFR1           

        CLASS   SFR2           

        CLASS   SFR3           

        CLASS   SFR4           

        CLASS   SFR5           

        CLASS   SFR6           

        CLASS   SFR7           

        CLASS   SFR8           

        CLASS   SFR9           

        CLASS   SFR10          

        CLASS   SFR11          

        CLASS   SFR12          

        CLASS   SFR13          

        CLASS   SFR14          

        CLASS   SFR15          

        CLASS   SFR16          

        CLASS   SFR17          

        CLASS   SFR18          

        CLASS   SFR19          

        CLASS   SFR20          

        CLASS   SFR21          

        CLASS   SFR22          

        CLASS   SFR23          

        CLASS   SFR24          

        CLASS   SFR25          

        CLASS   SFR26          

        CLASS   SFR27          

        CLASS   SFR28          

        CLASS   SFR29          

        CLASS   SFR30          

        CLASS   SFR31          

        CLASS   CONFIG         
                config                             8007     8007        2         0

        CLASS   IDLOC          

        CLASS   EEDATA         

        CLASS   BANK31         

        CLASS   BANK30         

        CLASS   BANK29         

        CLASS   BANK28         

        CLASS   BANK27         

        CLASS   BANK26         

        CLASS   BANK25         

        CLASS   BANK24         

        CLASS   BANK23         

        CLASS   BANK22         

        CLASS   BANK21         

        CLASS   BANK20         

        CLASS   BANK19         

        CLASS   BANK18         

        CLASS   BANK17         

        CLASS   BANK16         

        CLASS   BANK15         

        CLASS   BANK14         

        CLASS   BANK13         



SEGMENTS        Name                           Load    Length   Top    Selector   Space  Class     Delta

                reset_vec                      000000  000002  000002         0       0  CODE        2
                intentry                       000004  0000FB  0000FF         8       0  CODE        2
                dataBANK0                      000020  000049  000069        20       1  BANK0       1
                cstackCOMMON                   000070  00000B  00007B        70       1  COMMON      1
                functab                        000100  000100  000200         2       0  CODE        2
                stringtext                     000200  0004D8  0006D8         4       0  STRCODE     2
                text1304                       0006D8  00012B  000803       DB0       0  CODE        2
                text1313                       000803  000038  00083B      1006       0  CODE        2
                text1312                       00083B  000061  00089C      1076       0  CODE        2
                text1318                       00089C  00006F  00090B      1138       0  CODE        2
                text1315                       00090B  000072  00097D      1216       0  CODE        2
                text1307                       00097D  000086  000A03      12FA       0  CODE        2
                text1327                       000A03  00008A  000A8D      1406       0  CODE        2
                text1300                       000A8D  000092  000B1F      151A       0  CODE        2
                text1302                       000B1F  000094  000BB3      163E       0  CODE        2
                text1305                       000BB3  00018F  000D42      1766       0  CODE        2
                text1309                       000D42  0002BE  001000      1A84       0  CODE        2
                swtext1                        001000  00000A  00100A      2000       0  CONST       2
                text1337                       0014C1  000003  0014C4      2982       0  CODE        2
                text1329                       0014C4  000004  0014C8      2988       0  CODE        2
                text1324                       0014C8  000005  0014CD      2990       0  CODE        2
                text1328                       0014CD  000006  0014D3      299A       0  CODE        2
                text1332                       0014D3  000007  0014DA      29A6       0  CODE        2
                text1338                       0014DA  00000A  0014E4      29B4       0  CODE        2
                text1336                       0014E4  00000B  0014EF      29C8       0  CODE        2
                text1331                       0014EF  00000B  0014FA      29DE       0  CODE        2
                inittext                       0014FA  00000C  001506      29F4       0  CODE        2
                clrtext                        001506  00000C  001512      2A0C       0  CODE        2
                text1335                       001512  00000D  00151F      2A24       0  CODE        2
                text1326                       00151F  00000F  00152E      2A3E       0  CODE        2
                text1334                       00152E  000011  00153F      2A5C       0  CODE        2
                text1325                       00153F  000014  001553      2A7E       0  CODE        2
                text1333                       001553  000017  00156A      2AA6       0  CODE        2
                text1322                       00156A  000019  001583      2AD4       0  CODE        2
                text1321                       001583  000024  0015A7      2B06       0  CODE        2
                cinit                          0015A7  000028  0015CF      2B4E       0  CODE        2
                text1314                       0015CF  000029  0015F8      2B9E       0  CODE        2
                text1319                       0015F8  000030  001628      2BF0       0  CODE        2
                text1303                       001628  000045  00166D      2C50       0  CODE        2
                text1320                       00166D  000047  0016B4      2CDA       0  CODE        2
                text1310                       0016B4  000049  0016FD      2D68       0  CODE        2
                text1316                       0016FD  00004A  001747      2DFA       0  CODE        2
                text1330                       001747  00005C  0017A3      2E8E       0  CODE        2
                text1301                       0017A3  00005D  001800      2F46       0  CODE        2
                config                         008007  000002  008009     1000E       0  CONFIG      2


UNUSED ADDRESS RANGES

        Name                Unused          Largest block    Delta
        BANK0            00069-0006F               7           1
        BANK1            000A0-000EF              50           1
        BANK2            00120-0016F              50           1
        BANK3            001A0-001EF              50           1
        BANK4            00220-0026F              50           1
        BANK5            002A0-002EF              50           1
        BANK6            00320-0036F              50           1
        BANK7            003A0-003EF              50           1
        BANK8            00420-0046F              50           1
        BANK9            004A0-004BF              20           1
        BIGRAM           02000-023EF             3F0           1
        CODE             00002-00003               2           2
                         000FF-000FF               1
                         0100A-014C0             4B7
                         01800-01FFF             800
        COMMON           0007B-0007D               3           1
        CONST            00002-00003               2           2
                         000FF-000FF               1
                         0100A-014C0             100
                         01800-01FFF             100
        EEDATA           0F000-0F0FF             100           2
        ENTRY            00002-00003               2           2
                         000FF-000FF               1
                         0100A-014C0             100
                         01800-01FFF             100
        IDLOC            08000-08003               4           2
        RAM              00069-0006F               7           1
                         000A0-000EF              50
                         00120-0016F              50
                         001A0-001EF              50
                         00220-0026F              50
                         002A0-002EF              50
                         00320-0036F              50
                         003A0-003EF              50
                         00420-0046F              50
                         004A0-004BF              20
        SFR0             00000-0001F              20           1
        SFR1             00080-0009F              20           1
        SFR10            00500-0051F              20           1
        SFR11            00580-0059F              20           1
        SFR12            00600-0061F              20           1
        SFR13            00680-006EF              70           1
        SFR14            00700-0076F              70           1
        SFR15            00780-007EF              70           1
        SFR16            00800-0086F              70           1
        SFR17            00880-008EF              70           1
        SFR18            00900-0096F              70           1
        SFR19            00980-009EF              70           1
        SFR2             00100-0011F              20           1
        SFR20            00A00-00A6F              70           1
        SFR21            00A80-00AEF              70           1
        SFR22            00B00-00B6F              70           1
        SFR23            00B80-00BEF              70           1
        SFR24            00C00-00C6F              70           1
        SFR25            00C80-00CEF              70           1
        SFR26            00D00-00D6F              70           1
        SFR27            00D80-00DEF              70           1
        SFR28            00E00-00E6F              70           1
        SFR29            00E80-00EEF              70           1
        SFR3             00180-0019F              20           1
        SFR30            00F00-00F6F              70           1
        SFR31            00F80-00FEF              70           1
        SFR4             00200-0021F              20           1
        SFR5             00280-0029F              20           1
        SFR6             00300-0031F              20           1
        SFR7             00380-0039F              20           1
        SFR8             00400-0041F              20           1
        SFR9             00480-0049F              20           1
        STRCODE          00002-00003               2           2
                         000FF-000FF               1
                         0100A-014C0             4B7
                         01800-01FFF             800
        STRING           00002-00003               2           2
                         000FF-000FF               1
                         0100A-014C0             100
                         01800-01FFF             100

                                  Symbol Table

??_EEPROMread                cstackCOMMON 00073
??_EEPROMwrite               cstackCOMMON 00078
??_I2CADCworker              cstackCOMMON 00077
??_I2CDACworker              cstackCOMMON 00074
??_I2CEEworker               cstackBANK0  0003A
??_I2CPWMworker              cstackCOMMON 00079
??_I2CWrite                  cstackCOMMON 00073
??_SPIADCworker              cstackCOMMON 00078
??_SPIDACworker              cstackCOMMON 00074
??_SPIEEworker               cstackBANK0  0003A
??_SPIPWMworker              cstackCOMMON 00079
??_UARTcharFromString        cstackBANK0  0003A
??_UARTread                  cstackCOMMON 00073
??_UARTworker                cstackBANK0  00044
??_UARTwrite                 cstackCOMMON 00073
??_UARTwriteDecimal          cstackCOMMON 00078
??_UARTwriteString           cstackCOMMON 00076
??___bmul                    cstackCOMMON 00074
??___lbdiv                   cstackCOMMON 00074
??___lwdiv                   cstackCOMMON 00077
??___wmul                    cstackCOMMON 00077
??_disableDAC                cstackCOMMON 00073
??_disablePWM                cstackCOMMON 00073
??_doEE                      cstackCOMMON 00078
??_enableDAC                 cstackCOMMON 00073
??_enablePWM                 cstackBANK0  0003D
??_enableTS                  cstackCOMMON 00073
??_getADC                    cstackCOMMON 00075
??_init                      cstackCOMMON 00074
??_initI2C                   cstackCOMMON 00073
??_initSPI                   cstackCOMMON 00073
??_initUART                  cstackCOMMON 00073
??_isEE                      cstackCOMMON 00073
??_isr                       cstackCOMMON 00070
??_main                      cstackBANK0  0004E
??_nullfunc1                 cstackCOMMON 00073
??_setDAC                    cstackCOMMON 00073
??_setDuty                   cstackBANK0  0003D
??_setPeriod                 cstackBANK0  0003D
??_startADC16                cstackCOMMON 00073
??_teletype                  cstackCOMMON 00076
?_EEPROMread                 cstackCOMMON 00070
?_EEPROMwrite                cstackCOMMON 00077
?_I2CADCworker               cstackCOMMON 00070
?_I2CDACworker               cstackCOMMON 00070
?_I2CEEworker                cstackCOMMON 00070
?_I2CPWMworker               cstackCOMMON 00070
?_I2CWrite                   cstackCOMMON 00070
?_SPIADCworker               cstackCOMMON 00070
?_SPIDACworker               cstackCOMMON 00070
?_SPIEEworker                cstackCOMMON 00070
?_SPIPWMworker               cstackCOMMON 00070
?_UARTcharFromString         cstackCOMMON 00070
?_UARTread                   cstackCOMMON 00070
?_UARTworker                 cstackCOMMON 00070
?_UARTwrite                  cstackCOMMON 00070
?_UARTwriteDecimal           cstackCOMMON 00070
?_UARTwriteString            cstackCOMMON 00074
?___bmul                     cstackCOMMON 00073
?___lbdiv                    cstackCOMMON 00073
?___lwdiv                    cstackCOMMON 00073
?___wmul                     cstackCOMMON 00073
?_disableDAC                 cstackCOMMON 00070
?_disablePWM                 cstackCOMMON 00070
?_doEE                       cstackCOMMON 00070
?_enableDAC                  cstackCOMMON 00070
?_enablePWM                  cstackCOMMON 00070
?_enableTS                   cstackCOMMON 00070
?_getADC                     cstackCOMMON 00073
?_init                       cstackCOMMON 00070
?_initI2C                    cstackCOMMON 00070
?_initSPI                    cstackCOMMON 00070
?_initUART                   cstackCOMMON 00070
?_isEE                       cstackCOMMON 00070
?_isr                        cstackCOMMON 00070
?_main                       cstackCOMMON 00070
?_nullfunc1                  cstackCOMMON 00070
?_setDAC                     cstackCOMMON 00070
?_setDuty                    cstackCOMMON 00070
?_setPeriod                  cstackCOMMON 00070
?_startADC16                 cstackCOMMON 00070
?_teletype                   cstackCOMMON 00074
EEPROMread@addr              cstackCOMMON 00073
EEPROMwrite@addr             cstackCOMMON 00078
EEPROMwrite@data             cstackCOMMON 00077
I2CADCworker@adc             cstackBANK0  0003D
I2CADCworker@adcON           cstackBANK0  0003A
I2CADCworker@config          cstackBANK0  0003F
I2CADCworker@fb              cstackBANK0  0003E
I2CADCworker@temp            cstackBANK0  0003B
I2CADCworker@token           cstackBANK0  0003C
I2CDACworker@command         cstackCOMMON 00078
I2CDACworker@dac             cstackCOMMON 00079
I2CDACworker@fb              cstackCOMMON 00076
I2CDACworker@temp            cstackCOMMON 00075
I2CDACworker@token           cstackCOMMON 00077
I2CEEworker@addr             cstackBANK0  00042
I2CEEworker@addressed        cstackBANK0  0003F
I2CEEworker@i                cstackBANK0  00041
I2CEEworker@temp             cstackBANK0  0003D
I2CEEworker@token            cstackBANK0  0003E
I2CEEworker@w                cstackBANK0  00040
I2CPWMworker@addr            cstackBANK0  0004B
I2CPWMworker@addressed       cstackBANK0  0004A
I2CPWMworker@fD              cstackBANK0  00048
I2CPWMworker@fP              cstackBANK0  00049
I2CPWMworker@temp            cstackBANK0  00044
I2CPWMworker@tempD           cstackBANK0  00047
I2CPWMworker@tempP           cstackBANK0  00046
I2CPWMworker@token           cstackBANK0  00045
I2CWrite@c                   cstackCOMMON 00073
SPIADCworker@bf              cstackBANK0  0003F
SPIADCworker@chanel          cstackBANK0  00040
SPIADCworker@fInst           cstackBANK0  0003E
SPIADCworker@fb              cstackBANK0  00041
SPIDACworker@bf              cstackCOMMON 00076
SPIDACworker@fInst           cstackCOMMON 00074
SPIDACworker@fb              cstackCOMMON 00075
SPIEEworker@STATUS           cstackBANK0  00049
SPIEEworker@WIP              cstackBANK0  0003F
SPIEEworker@WREN             cstackBANK0  00043
SPIEEworker@addr             cstackBANK0  0004A
SPIEEworker@addressed        cstackBANK0  00045
SPIEEworker@bf               cstackBANK0  00042
SPIEEworker@fInst            cstackBANK0  00048
SPIEEworker@fb               cstackBANK0  00041
SPIEEworker@fb2              cstackBANK0  0003D
SPIEEworker@i                cstackBANK0  00047
SPIEEworker@instruction      cstackBANK0  00040
SPIEEworker@pageIndex        cstackBANK0  0003E
SPIEEworker@token            cstackBANK0  00044
SPIEEworker@w                cstackBANK0  00046
SPIPWMworker@bf              cstackBANK0  00047
SPIPWMworker@fInst           cstackBANK0  00048
SPIPWMworker@fb              cstackBANK0  00046
SPIPWMworker@instruction     cstackBANK0  00045
SPIPWMworker@token           cstackBANK0  00044
UARTcharFromString@c         cstackBANK0  0003C
UARTcharFromString@c1        cstackBANK0  0003E
UARTcharFromString@outF      cstackBANK0  0003D
UARTcharFromString@rC        cstackBANK0  0003F
UARTread@temp                cstackCOMMON 00074
UARTworker@EEaddr            cstackBANK0  0004A
UARTworker@EEaddrF           cstackBANK0  00048
UARTworker@adcc              cstackBANK0  00049
UARTworker@addr              cstackBANK0  00046
UARTworker@c                 cstackBANK0  0004C
UARTworker@helpC             cstackBANK0  00047
UARTworker@instruction       cstackBANK0  0004D
UARTworker@mode              cstackBANK0  0004B
UARTwrite@c                  cstackCOMMON 00073
UARTwriteDecimal@c           cstackBANK0  0003A
UARTwriteDecimal@d           cstackBANK0  0003C
UARTwriteDecimal@hC          cstackBANK0  0003B
UARTwriteString@i            cstackCOMMON 00078
UARTwriteString@str          cstackCOMMON 00074
_ADCON0                      (abs)        0009D
_ADCON0bits                  (abs)        0009D
_ADCON1                      (abs)        0009E
_ADRESH                      (abs)        0009C
_ADRESL                      (abs)        0009B
_ANSELA                      (abs)        0018C
_ANSELB                      (abs)        0018D
_ANSELC                      (abs)        0018E
_APFCON0                     (abs)        0011D
_APFCON1                     (abs)        0011E
_APFCON1bits                 (abs)        0011E
_BRGH                        (abs)        00CF2
_CARRY                       (abs)        00018
_CCP2CON                     (abs)        0029A
_CCPR2L                      (abs)        00298
_CCPTMRS                     (abs)        0029E
_CREN                        (abs)        00CEC
_DACCON0                     (abs)        00118
_DACCON1                     (abs)        00119
_DACOE                       (abs)        008C5
_EEADR                       (abs)        00191
_EEADRL                      (abs)        00191
_EECON1                      (abs)        00195
_EECON1bits                  (abs)        00195
_EECON2                      (abs)        00196
_EEDATA                      (abs)        00193
_EEDATL                      (abs)        00193
_EEPROMread                  text1338     014DA
_EEPROMwrite                 text1333     01553
_FVRCON                      (abs)        00117
_GIE                         (abs)        0005F
_I2CADCworker                text1300     00A8D
_I2CDACworker                text1302     00B1F
_I2CEEworker                 text1304     006D8
_I2CPWMworker                text1306     0003F
_I2CWrite                    text1331     014EF
_LATA                        (abs)        0010C
_LATB                        (abs)        0010D
_LATC                        (abs)        0010E
_OSCCONbits                  (abs)        00099
_PORTA                       (abs)        0000C
_PORTB                       (abs)        0000D
_PORTC                       (abs)        0000E
_PORTCbits                   (abs)        0000E
_PR2                         (abs)        0001B
_PWMduty                     bssBANK0     00063
_PWMperiod                   bssBANK0     00064
_RA2                         (abs)        00062
_RB4                         (abs)        0006C
_RB6                         (abs)        0006E
_RC2                         (abs)        00072
_RC3                         (abs)        00073
_RC5                         (abs)        00075
_RCIF                        (abs)        0008D
_RCREG                       (abs)        00199
_RCSTA                       (abs)        0019D
_RD                          (abs)        00CA8
_SPBRGH                      (abs)        0019C
_SPBRGL                      (abs)        0019B
_SPEN                        (abs)        00CEF
_SPIADCworker                text1301     017A3
_SPIDACworker                text1303     01628
_SPIEEworker                 text1305     00BB3
_SPIPWMworker                text1307     0097D
_SSP2ADD                     (abs)        0021A
_SSP2BUF                     (abs)        00219
_SSP2CON1                    (abs)        0021D
_SSP2CON1bits                (abs)        0021D
_SSP2CON2bits                (abs)        0021E
_SSP2CON3                    (abs)        0021F
_SSP2IF                      (abs)        000A0
_SSP2MSK                     (abs)        0021B
_SSP2STAT                    (abs)        0021C
_SSP2STATbits                (abs)        0021C
_SYNC                        (abs)        00CF4
_T2CON                       (abs)        0001C
_T2CONbits                   (abs)        0001C
_TMR2IF                      (abs)        00089
_TRISA                       (abs)        0008C
_TRISAbits                   (abs)        0008C
_TRISB                       (abs)        0008D
_TRISB5                      (abs)        0046D
_TRISC                       (abs)        0008E
_TRISC4                      (abs)        00474
_TRISCbits                   (abs)        0008E
_TRMT                        (abs)        00CF1
_TXEN                        (abs)        00CF5
_TXIF                        (abs)        0008C
_TXREG                       (abs)        0019A
_UARTcharFromString          text1312     0083B
_UARTread                    text1325     0153F
_UARTworker                  text1309     00D42
_UARTwrite                   text1326     0151F
_UARTwriteDecimal            text1313     00803
_UARTwriteString             text1314     015CF
_WPUA                        (abs)        0020C
_WPUB                        (abs)        0020D
_WPUC                        (abs)        0020E
_WR                          (abs)        00CA9
_WREN                        (abs)        00CAA
__Habs1                      abs1         00000
__Hbank0                     bank0        00000
__Hbank1                     bank1        00000
__Hbank10                    bank10       00000
__Hbank11                    bank11       00000
__Hbank12                    bank12       00000
__Hbank13                    bank13       00000
__Hbank14                    bank14       00000
__Hbank15                    bank15       00000
__Hbank16                    bank16       00000
__Hbank17                    bank17       00000
__Hbank18                    bank18       00000
__Hbank19                    bank19       00000
__Hbank2                     bank2        00000
__Hbank20                    bank20       00000
__Hbank21                    bank21       00000
__Hbank22                    bank22       00000
__Hbank23                    bank23       00000
__Hbank24                    bank24       00000
__Hbank25                    bank25       00000
__Hbank26                    bank26       00000
__Hbank27                    bank27       00000
__Hbank28                    bank28       00000
__Hbank29                    bank29       00000
__Hbank3                     bank3        00000
__Hbank30                    bank30       00000
__Hbank31                    bank31       00000
__Hbank4                     bank4        00000
__Hbank5                     bank5        00000
__Hbank6                     bank6        00000
__Hbank7                     bank7        00000
__Hbank8                     bank8        00000
__Hbank9                     bank9        00000
__Hbigram                    bigram       00000
__HbssBANK0                  bssBANK0     00000
__HbssCOMMON                 bssCOMMON    00000
__Hcinit                     cinit        00000
__Hclrtext                   clrtext      00000
__Hcode                      code         00000
__Hcommon                    common       00000
__Hconfig                    config       08009
__HcstackBANK0               cstackBANK0  00000
__HcstackCOMMON              cstackCOMMON 00000
__HdataBANK0                 dataBANK0    00000
__Heeprom_data               eeprom_data  00000
__Hend_init                  end_init     0003F
__Hfunctab                   functab      00117
__HidataBANK0                idataBANK0   00000
__Hidloc                     idloc        00000
__Hinit                      init         0003C
__Hinittext                  inittext     00000
__Hintentry                  intentry     0003C
__Hmaintext                  maintext     00000
__HnvBANK0                   nvBANK0      00000
__Hpowerup                   powerup      00000
__Hram                       ram          00000
__Hreset_vec                 reset_vec    00002
__Hsfr0                      sfr0         00000
__Hsfr1                      sfr1         00000
__Hsfr10                     sfr10        00000
__Hsfr11                     sfr11        00000
__Hsfr12                     sfr12        00000
__Hsfr13                     sfr13        00000
__Hsfr14                     sfr14        00000
__Hsfr15                     sfr15        00000
__Hsfr16                     sfr16        00000
__Hsfr17                     sfr17        00000
__Hsfr18                     sfr18        00000
__Hsfr19                     sfr19        00000
__Hsfr2                      sfr2         00000
__Hsfr20                     sfr20        00000
__Hsfr21                     sfr21        00000
__Hsfr22                     sfr22        00000
__Hsfr23                     sfr23        00000
__Hsfr24                     sfr24        00000
__Hsfr25                     sfr25        00000
__Hsfr26                     sfr26        00000
__Hsfr27                     sfr27        00000
__Hsfr28                     sfr28        00000
__Hsfr29                     sfr29        00000
__Hsfr3                      sfr3         00000
__Hsfr30                     sfr30        00000
__Hsfr31                     sfr31        00000
__Hsfr4                      sfr4         00000
__Hsfr5                      sfr5         00000
__Hsfr6                      sfr6         00000
__Hsfr7                      sfr7         00000
__Hsfr8                      sfr8         00000
__Hsfr9                      sfr9         00000
__Hstrings                   strings      00000
__Hstringtext                stringtext   00000
__Htext                      text         00000
__Labs1                      abs1         00000
__Lbank0                     bank0        00000
__Lbank1                     bank1        00000
__Lbank10                    bank10       00000
__Lbank11                    bank11       00000
__Lbank12                    bank12       00000
__Lbank13                    bank13       00000
__Lbank14                    bank14       00000
__Lbank15                    bank15       00000
__Lbank16                    bank16       00000
__Lbank17                    bank17       00000
__Lbank18                    bank18       00000
__Lbank19                    bank19       00000
__Lbank2                     bank2        00000
__Lbank20                    bank20       00000
__Lbank21                    bank21       00000
__Lbank22                    bank22       00000
__Lbank23                    bank23       00000
__Lbank24                    bank24       00000
__Lbank25                    bank25       00000
__Lbank26                    bank26       00000
__Lbank27                    bank27       00000
__Lbank28                    bank28       00000
__Lbank29                    bank29       00000
__Lbank3                     bank3        00000
__Lbank30                    bank30       00000
__Lbank31                    bank31       00000
__Lbank4                     bank4        00000
__Lbank5                     bank5        00000
__Lbank6                     bank6        00000
__Lbank7                     bank7        00000
__Lbank8                     bank8        00000
__Lbank9                     bank9        00000
__Lbigram                    bigram       00000
__LbssBANK0                  bssBANK0     00000
__LbssCOMMON                 bssCOMMON    00000
__Lcinit                     cinit        00000
__Lclrtext                   clrtext      00000
__Lcode                      code         00000
__Lcommon                    common       00000
__Lconfig                    config       08007
__LcstackBANK0               cstackBANK0  00000
__LcstackCOMMON              cstackCOMMON 00000
__LdataBANK0                 dataBANK0    00000
__Leeprom_data               eeprom_data  00000
__Lend_init                  end_init     0003C
__Lfunctab                   functab      00100
__LidataBANK0                idataBANK0   00000
__Lidloc                     idloc        00000
__Linit                      init         0003C
__Linittext                  inittext     00000
__Lintentry                  intentry     00004
__Lmaintext                  maintext     00000
__LnvBANK0                   nvBANK0      00000
__Lpowerup                   powerup      00000
__Lram                       ram          00000
__Lreset_vec                 reset_vec    00000
__Lsfr0                      sfr0         00000
__Lsfr1                      sfr1         00000
__Lsfr10                     sfr10        00000
__Lsfr11                     sfr11        00000
__Lsfr12                     sfr12        00000
__Lsfr13                     sfr13        00000
__Lsfr14                     sfr14        00000
__Lsfr15                     sfr15        00000
__Lsfr16                     sfr16        00000
__Lsfr17                     sfr17        00000
__Lsfr18                     sfr18        00000
__Lsfr19                     sfr19        00000
__Lsfr2                      sfr2         00000
__Lsfr20                     sfr20        00000
__Lsfr21                     sfr21        00000
__Lsfr22                     sfr22        00000
__Lsfr23                     sfr23        00000
__Lsfr24                     sfr24        00000
__Lsfr25                     sfr25        00000
__Lsfr26                     sfr26        00000
__Lsfr27                     sfr27        00000
__Lsfr28                     sfr28        00000
__Lsfr29                     sfr29        00000
__Lsfr3                      sfr3         00000
__Lsfr30                     sfr30        00000
__Lsfr31                     sfr31        00000
__Lsfr4                      sfr4         00000
__Lsfr5                      sfr5         00000
__Lsfr6                      sfr6         00000
__Lsfr7                      sfr7         00000
__Lsfr8                      sfr8         00000
__Lsfr9                      sfr9         00000
__Lstrings                   strings      00000
__Lstringtext                stringtext   00000
__Ltext                      text         00000
__S0                         (abs)        08009
__S1                         (abs)        0007B
__S2                         (abs)        00000
___bmul                      text1322     0156A
___bmul@multiplicand         cstackCOMMON 00073
___bmul@multiplier           cstackCOMMON 00076
___bmul@product              cstackCOMMON 00075
___lbdiv                     text1319     015F8
___lbdiv@counter             cstackCOMMON 00076
___lbdiv@dividend            cstackCOMMON 00075
___lbdiv@divisor             cstackCOMMON 00073
___lbdiv@quotient            cstackCOMMON 00077
___lwdiv                     text1320     0166D
___lwdiv@counter             cstackBANK0  0003A
___lwdiv@dividend            cstackCOMMON 00075
___lwdiv@divisor             cstackCOMMON 00073
___lwdiv@quotient            cstackBANK0  0003B
___wmul                      text1321     01583
___wmul@multiplicand         cstackCOMMON 00075
___wmul@multiplier           cstackCOMMON 00073
___wmul@product              cstackCOMMON 00077
__end_of_EEPROMread          text1338     014E4
__end_of_EEPROMwrite         text1333     0156A
__end_of_I2CADCworker        text1300     00B1F
__end_of_I2CDACworker        text1302     00BB3
__end_of_I2CEEworker         text1304     007BC
__end_of_I2CPWMworker        text1306     000E5
__end_of_I2CWrite            text1331     014FA
__end_of_SPIADCworker        text1301     01800
__end_of_SPIDACworker        text1303     0166D
__end_of_SPIEEworker         text1305     00D42
__end_of_SPIPWMworker        text1307     00A03
__end_of_UARTcharFromString  text1312     0089C
__end_of_UARTread            text1325     01553
__end_of_UARTworker          text1309     01000
__end_of_UARTwrite           text1326     0152E
__end_of_UARTwriteDecimal    text1313     0083B
__end_of_UARTwriteString     text1314     015F8
__end_of___bmul              text1322     01583
__end_of___lbdiv             text1319     01628
__end_of___lwdiv             text1320     016B4
__end_of___wmul              text1321     015A7
__end_of_disableDAC          text1323     00803
__end_of_disablePWM          text1324     014CD
__end_of_doEE                text1310     016FD
__end_of_enableDAC           text1329     014C8
__end_of_enablePWM           text1317     00800
__end_of_enableTS            text1332     014DA
__end_of_getADC              text1327     00A8D
__end_of_init                text1318     0090B
__end_of_initI2C             text1335     0151F
__end_of_initSPI             text1336     014EF
__end_of_initUART            text1334     0153F
__end_of_isEE                text1337     014C4
__end_of_isr                 intentry     0003C
__end_of_main                maintext     001C1
__end_of_nullfunc1           text1308     00200
__end_of_setDAC              text1328     014D3
__end_of_setDuty             text1315     0097D
__end_of_setPeriod           text1316     01747
__end_of_startADC16          text1330     017A3
__end_of_teletype            text1311     001FF
__pbssBANK0                  bssBANK0     00053
__pbssBIGRAM                 (abs)        022F0
__pbssCOMMON                 bssCOMMON    0007A
__pcstackBANK0               cstackBANK0  0003A
__pcstackCOMMON              cstackCOMMON 00070
__pdataBANK0                 dataBANK0    00020
__pfunctab                   functab      00100
__pidataBANK0                idataBANK0   000E5
__pintentry                  intentry     00004
__pmaintext                  maintext     00117
__pnvBANK0                   nvBANK0      00068
__pstringtext                stringtext   00200
__pswtext1                   swtext1      01000
__ptext1300                  text1300     00A8D
__ptext1301                  text1301     017A3
__ptext1302                  text1302     00B1F
__ptext1303                  text1303     01628
__ptext1304                  text1304     006D8
__ptext1305                  text1305     00BB3
__ptext1306                  text1306     0003F
__ptext1307                  text1307     0097D
__ptext1308                  text1308     001FF
__ptext1309                  text1309     00D42
__ptext1310                  text1310     016B4
__ptext1311                  text1311     001C1
__ptext1312                  text1312     0083B
__ptext1313                  text1313     00803
__ptext1314                  text1314     015CF
__ptext1315                  text1315     0090B
__ptext1316                  text1316     016FD
__ptext1317                  text1317     007BC
__ptext1318                  text1318     0089C
__ptext1319                  text1319     015F8
__ptext1320                  text1320     0166D
__ptext1321                  text1321     01583
__ptext1322                  text1322     0156A
__ptext1323                  text1323     00800
__ptext1324                  text1324     014C8
__ptext1325                  text1325     0153F
__ptext1326                  text1326     0151F
__ptext1327                  text1327     00A03
__ptext1328                  text1328     014CD
__ptext1329                  text1329     014C4
__ptext1330                  text1330     01747
__ptext1331                  text1331     014EF
__ptext1332                  text1332     014D3
__ptext1333                  text1333     01553
__ptext1334                  text1334     0152E
__ptext1335                  text1335     01512
__ptext1336                  text1336     014E4
__ptext1337                  text1337     014C1
__ptext1338                  text1338     014DA
__size_of_EEPROMread         (abs)        00000
__size_of_EEPROMwrite        (abs)        00000
__size_of_I2CADCworker       (abs)        00000
__size_of_I2CDACworker       (abs)        00000
__size_of_I2CEEworker        (abs)        00000
__size_of_I2CPWMworker       (abs)        00000
__size_of_I2CWrite           (abs)        00000
__size_of_SPIADCworker       (abs)        00000
__size_of_SPIDACworker       (abs)        00000
__size_of_SPIEEworker        (abs)        00000
__size_of_SPIPWMworker       (abs)        00000
__size_of_UARTcharFromString (abs)        00000
__size_of_UARTread           (abs)        00000
__size_of_UARTworker         (abs)        00000
__size_of_UARTwrite          (abs)        00000
__size_of_UARTwriteDecimal   (abs)        00000
__size_of_UARTwriteString    (abs)        00000
__size_of___bmul             (abs)        00000
__size_of___lbdiv            (abs)        00000
__size_of___lwdiv            (abs)        00000
__size_of___wmul             (abs)        00000
__size_of_disableDAC         (abs)        00000
__size_of_disablePWM         (abs)        00000
__size_of_doEE               (abs)        00000
__size_of_enableDAC          (abs)        00000
__size_of_enablePWM          (abs)        00000
__size_of_enableTS           (abs)        00000
__size_of_getADC             (abs)        00000
__size_of_init               (abs)        00000
__size_of_initI2C            (abs)        00000
__size_of_initSPI            (abs)        00000
__size_of_initUART           (abs)        00000
__size_of_isEE               (abs)        00000
__size_of_isr                (abs)        00000
__size_of_main               (abs)        00000
__size_of_nullfunc1          (abs)        00000
__size_of_setDAC             (abs)        00000
__size_of_setDuty            (abs)        00000
__size_of_setPeriod          (abs)        00000
__size_of_startADC16         (abs)        00000
__size_of_teletype           (abs)        00000
__stringtab                  stringtext   00200
_disableDAC                  text1323     00800
_disablePWM                  text1324     014C8
_doEE                        text1310     016B4
_eeBuf                       (abs)        022F0
_enableDAC                   text1329     014C4
_enablePWM                   text1317     007BC
_enableTS                    text1332     014D3
_exit                        init         0003C
_getADC                      text1327     00A03
_init                        text1318     0089C
_initI2C                     text1335     01512
_initSPI                     text1336     014E4
_initUART                    text1334     0152E
_isEE                        text1337     014C1
_isr                         intentry     00004
_main                        maintext     00117
_mode                        nvBANK0      00068
_mode_device                 bssBANK0     00065
_mode_protocol               bssBANK0     00066
_msgDACsetV                  stringtext   0044A
_msgEEaddr                   stringtext   00473
_msgEEw                      stringtext   00411
_msgMenu                     dataBANK0    00030
_msgMenu0                    stringtext   002F6
_msgMenu1                    stringtext   00201
_msgMenu2                    stringtext   00368
_msgMenu3                    stringtext   003C5
_msgMenu4                    stringtext   0027C
_nWPUEN                      (abs)        004AF
_nullfunc1                   text1308     001FF
_protos                      dataBANK0    00020
_rhead                       bssBANK0     00067
_ringbuff                    bssBANK0     00053
_rtail                       bssCOMMON    0007A
_setDAC                      text1328     014CD
_setDuty                     text1315     0090B
_setPeriod                   text1316     016FD
_startADC16                  text1330     01747
_teletype                    text1311     001C1
btemp                        (abs)        0007E
clear_ram                    clrtext      01506
enablePWM@tempP              cstackBANK0  00040
end_of_initialization        cinit        015CC
fpbase                       functab      00102
fptable                      functab      00100
fptotal                      (abs)        0001A
getADC@adc                   cstackBANK0  0003D
getADC@i                     cstackBANK0  0003B
getADC@temp                  cstackBANK0  0003A
init_ram                     inittext     014FA
intlevel0                    functab      00100
intlevel1                    functab      00100
intlevel2                    functab      00100
intlevel3                    functab      00100
intlevel4                    functab      00100
intlevel5                    functab      00100
main@i                       cstackBANK0  00051
reset_vec                    reset_vec    00000
setDAC@dac                   cstackCOMMON 00073
setDuty@D                    cstackBANK0  00041
setDuty@temp                 cstackBANK0  00042
setPeriod@P                  cstackBANK0  00043
setPeriod@temp               cstackBANK0  00041
start                        init         0003C
startADC16@adc               cstackCOMMON 00076
startADC16@i                 cstackCOMMON 00074
start_initialization         cinit        015A7
teletype@i                   cstackCOMMON 00076
teletype@s                   cstackCOMMON 00074
wtemp0                       (abs)        0007E
