MPLINK 4.34, Linker
Linker Map File - Created Mon May 10 13:58:10 2010

                                 Section Info
                  Section       Type    Address   Location Size(Bytes)
                ---------  ---------  ---------  ---------  ---------
                   .org_0       code   0x000000    program   0x000006
                   .org_1       code   0x000008    program   0x00000a
                   .org_2       code   0x000016    program   0x000002
                   .org_3       code   0x000018    program   0x000004
                   .cinit    romdata   0x00001c    program   0x000002
          USB_DESCRIPTORS       code   0x000038    program   0x00005d
            BOOT_ASM_CODE       code   0x000096    program   0x0005f0
                  APPSTRT       code   0x000800    program   0x000002
    .config_300000_BOOT.O    romdata   0x300000    program   0x000001
    .config_300001_BOOT.O    romdata   0x300001    program   0x000001
    .config_300002_BOOT.O    romdata   0x300002    program   0x000001
    .config_300003_BOOT.O    romdata   0x300003    program   0x000001
    .config_300005_BOOT.O    romdata   0x300005    program   0x000001
    .config_300006_BOOT.O    romdata   0x300006    program   0x000001
    .config_300008_BOOT.O    romdata   0x300008    program   0x000001
    .config_300009_BOOT.O    romdata   0x300009    program   0x000001
    .config_30000A_BOOT.O    romdata   0x30000a    program   0x000001
    .config_30000B_BOOT.O    romdata   0x30000b    program   0x000001
    .config_30000C_BOOT.O    romdata   0x30000c    program   0x000001
    .config_30000D_BOOT.O    romdata   0x30000d    program   0x000001
                BOOT_DATA      udata   0x000000       data   0x00009e
                  USB_BDT      udata   0x000400       data   0x000090
                  USB_HID      udata   0x000500       data   0x000080



                              Program Memory Usage 
                               Start         End      
                           ---------   ---------      
                            0x000000    0x000005      
                            0x000008    0x000011      
                            0x000016    0x00001d      
                            0x000038    0x000094      
                            0x000096    0x000685      
                            0x000800    0x000801      
                            0x300000    0x300003      
                            0x300005    0x300006      
                            0x300008    0x30000d      
            1651 out of 2330 program addresses used, program memory utilization is 70%



                              Symbols - Sorted by Name
                     Name    Address   Location    Storage File                     
                ---------  ---------  ---------  --------- ---------                
             USB_CFG_DESC   0x00004a    program     extern C:\flashdestroyer-bootloader\usb_desc.asm
   USB_CFG_DESC_Total_end   0x00006c    program     static C:\flashdestroyer-bootloader\usb_desc.asm
   USB_CFG_DESC_bCfgValue   0x00004f    program     static C:\flashdestroyer-bootloader\usb_desc.asm
    USB_CFG_DESC_bDscType   0x00004b    program     static C:\flashdestroyer-bootloader\usb_desc.asm
     USB_CFG_DESC_bLength   0x00004a    program     static C:\flashdestroyer-bootloader\usb_desc.asm
   USB_CFG_DESC_bMaxPower   0x000052    program     static C:\flashdestroyer-bootloader\usb_desc.asm
    USB_CFG_DESC_bNumIntf   0x00004e    program     static C:\flashdestroyer-bootloader\usb_desc.asm
USB_CFG_DESC_bmAttributes   0x000051    program     static C:\flashdestroyer-bootloader\usb_desc.asm
         USB_CFG_DESC_end   0x000053    program     extern C:\flashdestroyer-bootloader\usb_desc.asm
        USB_CFG_DESC_iCfg   0x000050    program     static C:\flashdestroyer-bootloader\usb_desc.asm
USB_CFG_DESC_wTotalLength   0x00004c    program     static C:\flashdestroyer-bootloader\usb_desc.asm
     USB_DESC_END_SECTION   0x000095    program     static C:\flashdestroyer-bootloader\usb_desc.asm
             USB_DEV_DESC   0x000038    program     extern C:\flashdestroyer-bootloader\usb_desc.asm
     USB_DEV_DESC_bDevCls   0x00003c    program     static C:\flashdestroyer-bootloader\usb_desc.asm
USB_DEV_DESC_bDevProtocol   0x00003e    program     static C:\flashdestroyer-bootloader\usb_desc.asm
  USB_DEV_DESC_bDevSubCls   0x00003d    program     static C:\flashdestroyer-bootloader\usb_desc.asm
    USB_DEV_DESC_bDscType   0x000039    program     static C:\flashdestroyer-bootloader\usb_desc.asm
     USB_DEV_DESC_bLength   0x000038    program     static C:\flashdestroyer-bootloader\usb_desc.asm
USB_DEV_DESC_bMaxPktSize0   0x00003f    program     static C:\flashdestroyer-bootloader\usb_desc.asm
     USB_DEV_DESC_bNumCfg   0x000049    program     static C:\flashdestroyer-bootloader\usb_desc.asm
   USB_DEV_DESC_bcdDevice   0x000044    program     static C:\flashdestroyer-bootloader\usb_desc.asm
      USB_DEV_DESC_bcdUSB   0x00003a    program     static C:\flashdestroyer-bootloader\usb_desc.asm
         USB_DEV_DESC_end   0x00004a    program     extern C:\flashdestroyer-bootloader\usb_desc.asm
        USB_DEV_DESC_iMfg   0x000046    program     static C:\flashdestroyer-bootloader\usb_desc.asm
    USB_DEV_DESC_iProduct   0x000047    program     static C:\flashdestroyer-bootloader\usb_desc.asm
  USB_DEV_DESC_iSerialNum   0x000048    program     static C:\flashdestroyer-bootloader\usb_desc.asm
   USB_DEV_DESC_idProduct   0x000042    program     static C:\flashdestroyer-bootloader\usb_desc.asm
    USB_DEV_DESC_idVendor   0x000040    program     static C:\flashdestroyer-bootloader\usb_desc.asm
              USB_EP_DESC   0x000065    program     extern C:\flashdestroyer-bootloader\usb_desc.asm
     USB_EP_DESC_bDscType   0x000066    program     static C:\flashdestroyer-bootloader\usb_desc.asm
       USB_EP_DESC_bEPAdr   0x000067    program     static C:\flashdestroyer-bootloader\usb_desc.asm
    USB_EP_DESC_bInterval   0x00006b    program     static C:\flashdestroyer-bootloader\usb_desc.asm
      USB_EP_DESC_bLength   0x000065    program     static C:\flashdestroyer-bootloader\usb_desc.asm
 USB_EP_DESC_bmAttributes   0x000068    program     static C:\flashdestroyer-bootloader\usb_desc.asm
          USB_EP_DESC_end   0x00006c    program     extern C:\flashdestroyer-bootloader\usb_desc.asm
  USB_EP_DESC_wMaxPktSize   0x000069    program     static C:\flashdestroyer-bootloader\usb_desc.asm
             USB_HID_DESC   0x00005c    program     extern C:\flashdestroyer-bootloader\usb_desc.asm
USB_HID_DESC_HDR_bDscType   0x000062    program     static C:\flashdestroyer-bootloader\usb_desc.asm
USB_HID_DESC_bCountryCode   0x000060    program     static C:\flashdestroyer-bootloader\usb_desc.asm
    USB_HID_DESC_bDscType   0x00005d    program     static C:\flashdestroyer-bootloader\usb_desc.asm
     USB_HID_DESC_bLength   0x00005c    program     static C:\flashdestroyer-bootloader\usb_desc.asm
     USB_HID_DESC_bNumDsc   0x000061    program     static C:\flashdestroyer-bootloader\usb_desc.asm
      USB_HID_DESC_bcdHID   0x00005e    program     static C:\flashdestroyer-bootloader\usb_desc.asm
         USB_HID_DESC_end   0x000065    program     extern C:\flashdestroyer-bootloader\usb_desc.asm
  USB_HID_DESC_wDscLength   0x000063    program     static C:\flashdestroyer-bootloader\usb_desc.asm
              USB_HID_RPT   0x00006c    program     extern C:\flashdestroyer-bootloader\usb_desc.asm
          USB_HID_RPT_end   0x000083    program     extern C:\flashdestroyer-bootloader\usb_desc.asm
              USB_IF_DESC   0x000053    program     extern C:\flashdestroyer-bootloader\usb_desc.asm
  USB_IF_DESC_bAltSetting   0x000056    program     static C:\flashdestroyer-bootloader\usb_desc.asm
     USB_IF_DESC_bDscType   0x000054    program     static C:\flashdestroyer-bootloader\usb_desc.asm
     USB_IF_DESC_bIntfCls   0x000058    program     static C:\flashdestroyer-bootloader\usb_desc.asm
     USB_IF_DESC_bIntfNum   0x000055    program     static C:\flashdestroyer-bootloader\usb_desc.asm
USB_IF_DESC_bIntfProtocol   0x00005a    program     static C:\flashdestroyer-bootloader\usb_desc.asm
  USB_IF_DESC_bIntfSubCls   0x000059    program     static C:\flashdestroyer-bootloader\usb_desc.asm
      USB_IF_DESC_bLength   0x000053    program     static C:\flashdestroyer-bootloader\usb_desc.asm
      USB_IF_DESC_bNumEPs   0x000057    program     static C:\flashdestroyer-bootloader\usb_desc.asm
          USB_IF_DESC_end   0x00005c    program     extern C:\flashdestroyer-bootloader\usb_desc.asm
        USB_IF_DESC_iIntf   0x00005b    program     static C:\flashdestroyer-bootloader\usb_desc.asm
            USB_LANG_DESC   0x000083    program     extern C:\flashdestroyer-bootloader\usb_desc.asm
   USB_LANG_DESC_bDscType   0x000084    program     static C:\flashdestroyer-bootloader\usb_desc.asm
    USB_LANG_DESC_bLength   0x000083    program     static C:\flashdestroyer-bootloader\usb_desc.asm
        USB_LANG_DESC_end   0x000087    program     extern C:\flashdestroyer-bootloader\usb_desc.asm
     USB_LANG_DESC_string   0x000085    program     static C:\flashdestroyer-bootloader\usb_desc.asm
             USB_MFG_DESC   0x000087    program     extern C:\flashdestroyer-bootloader\usb_desc.asm
    USB_MFG_DESC_bDscType   0x000088    program     static C:\flashdestroyer-bootloader\usb_desc.asm
     USB_MFG_DESC_bLength   0x000087    program     static C:\flashdestroyer-bootloader\usb_desc.asm
         USB_MFG_DESC_end   0x000095    program     extern C:\flashdestroyer-bootloader\usb_desc.asm
            _APPSTRT_0800   0x000800    program     static C:\flashdestroyer-bootloader\vectors.asm
      _BOOT_ASM_CODE_000C   0x000244    program     static C:\flashdestroyer-bootloader\usb.asm
      _BOOT_ASM_CODE_008C   0x000122    program     static C:\flashdestroyer-bootloader\boot_asm.asm
      _BOOT_ASM_CODE_00BE   0x0002f6    program     static C:\flashdestroyer-bootloader\usb.asm
      _BOOT_ASM_CODE_0110   0x0001a6    program     static C:\flashdestroyer-bootloader\boot_asm.asm
      _BOOT_ASM_CODE_0114   0x0001aa    program     static C:\flashdestroyer-bootloader\boot_asm.asm
      _BOOT_ASM_CODE_0146   0x0001dc    program     static C:\flashdestroyer-bootloader\boot_asm.asm
                     _fsr   0x000210    program     extern C:\flashdestroyer-bootloader\boot_asm.asm
               bootloader   0x00054e    program     extern C:\flashdestroyer-bootloader\boot.asm
          bootloader_loop   0x000552    program     static C:\flashdestroyer-bootloader\boot.asm
    bootloader_soft_reset   0x000198    program     extern C:\flashdestroyer-bootloader\boot_asm.asm
             clr_eep_mark   0x0001c6    program     static C:\flashdestroyer-bootloader\boot_asm.asm
            copy_boot_rep   0x0001ae    program     extern C:\flashdestroyer-bootloader\boot_asm.asm
       copy_boot_rep_loop   0x0001ba    program     static C:\flashdestroyer-bootloader\boot_asm.asm
              eeprom_init   0x000140    program     static C:\flashdestroyer-bootloader\boot_asm.asm
             eeprom_write   0x0001fe    program     static C:\flashdestroyer-bootloader\boot_asm.asm
               erase_code   0x000096    program     static C:\flashdestroyer-bootloader\boot_asm.asm
          erase_code_loop   0x000098    program     static C:\flashdestroyer-bootloader\boot_asm.asm
              flash_write   0x0001fc    program     static C:\flashdestroyer-bootloader\boot_asm.asm
           get_fw_version   0x00018a    program     static C:\flashdestroyer-bootloader\boot_asm.asm
          hid_process_cmd   0x00014e    program     extern C:\flashdestroyer-bootloader\boot_asm.asm
          hid_send_report   0x0005e0    program     extern C:\flashdestroyer-bootloader\boot.asm
      hid_send_report_end   0x0005fe    program     static C:\flashdestroyer-bootloader\boot.asm
             load_address   0x0001ea    program     static C:\flashdestroyer-bootloader\boot_asm.asm
       load_address_size8   0x0001e2    program     static C:\flashdestroyer-bootloader\boot_asm.asm
                     main   0x000530    program     extern C:\flashdestroyer-bootloader\boot.asm
                 pre_main   0x00000c    program     static C:\flashdestroyer-bootloader\vectors.asm
             rdwr_id_init   0x000104    program     static C:\flashdestroyer-bootloader\boot_asm.asm
           rdwr_id_return   0x0000e8    program     static C:\flashdestroyer-bootloader\boot_asm.asm
                read_code   0x0000aa    program     static C:\flashdestroyer-bootloader\boot_asm.asm
           read_code_loop   0x0000b0    program     static C:\flashdestroyer-bootloader\boot_asm.asm
              read_eeprom   0x00012c    program     static C:\flashdestroyer-bootloader\boot_asm.asm
         read_eeprom_loop   0x000132    program     static C:\flashdestroyer-bootloader\boot_asm.asm
                  read_id   0x0000d8    program     static C:\flashdestroyer-bootloader\boot_asm.asm
             read_id_loop   0x0000de    program     static C:\flashdestroyer-bootloader\boot_asm.asm
        restore_fsr1_fsr2   0x000226    program     extern C:\flashdestroyer-bootloader\boot_asm.asm
   return_hid_process_cmd   0x000188    program     static C:\flashdestroyer-bootloader\boot_asm.asm
             set_eep_mark   0x0001cc    program     static C:\flashdestroyer-bootloader\boot_asm.asm
               soft_reset   0x00019c    program     static C:\flashdestroyer-bootloader\boot_asm.asm
              soft_reset2   0x00019e    program     static C:\flashdestroyer-bootloader\boot_asm.asm
          store_fsr1_fsr2   0x000214    program     extern C:\flashdestroyer-bootloader\boot_asm.asm
              unknown_cmd   0x000184    program     static C:\flashdestroyer-bootloader\boot_asm.asm
                 usb_init   0x000238    program     extern C:\flashdestroyer-bootloader\usb.asm
       usb_sm_HID_init_EP   0x0005c8    program     extern C:\flashdestroyer-bootloader\boot.asm
       usb_sm_HID_request   0x000600    program     extern C:\flashdestroyer-bootloader\boot.asm
   usb_sm_HID_request_end   0x000684    program     static C:\flashdestroyer-bootloader\boot.asm
        usb_sm_HID_rq_cls   0x00064a    program     static C:\flashdestroyer-bootloader\boot.asm
     usb_sm_HID_rq_cls_rq   0x000654    program     static C:\flashdestroyer-bootloader\boot.asm
 usb_sm_HID_rq_cls_rq_end   0x00067e    program     static C:\flashdestroyer-bootloader\boot.asm
usb_sm_HID_rq_cls_rq_end_ses   0x000682    program     static C:\flashdestroyer-bootloader\boot.asm
usb_sm_HID_rq_cls_rq_gidle   0x000684    program     static C:\flashdestroyer-bootloader\boot.asm
usb_sm_HID_rq_cls_rq_gprot   0x000684    program     static C:\flashdestroyer-bootloader\boot.asm
usb_sm_HID_rq_cls_rq_grpt   0x000670    program     static C:\flashdestroyer-bootloader\boot.asm
usb_sm_HID_rq_cls_rq_grpt_end   0x000672    program     static C:\flashdestroyer-bootloader\boot.asm
usb_sm_HID_rq_cls_rq_sidle   0x000684    program     static C:\flashdestroyer-bootloader\boot.asm
usb_sm_HID_rq_cls_rq_sprot   0x000684    program     static C:\flashdestroyer-bootloader\boot.asm
usb_sm_HID_rq_cls_rq_srpt   0x000674    program     static C:\flashdestroyer-bootloader\boot.asm
usb_sm_HID_rq_cls_rq_srpt_end   0x00067c    program     static C:\flashdestroyer-bootloader\boot.asm
usb_sm_HID_rq_cls_rq_unknown   0x00066e    program     static C:\flashdestroyer-bootloader\boot.asm
    usb_sm_HID_rq_dsc_end   0x000642    program     static C:\flashdestroyer-bootloader\boot.asm
    usb_sm_HID_rq_dsc_hid   0x000628    program     static C:\flashdestroyer-bootloader\boot.asm
usb_sm_HID_rq_dsc_hid_end   0x000632    program     static C:\flashdestroyer-bootloader\boot.asm
    usb_sm_HID_rq_dsc_phy   0x000640    program     static C:\flashdestroyer-bootloader\boot.asm
usb_sm_HID_rq_dsc_phy_end   0x000640    program     static C:\flashdestroyer-bootloader\boot.asm
    usb_sm_HID_rq_dsc_rpt   0x000634    program     static C:\flashdestroyer-bootloader\boot.asm
usb_sm_HID_rq_dsc_rpt_end   0x00063e    program     static C:\flashdestroyer-bootloader\boot.asm
usb_sm_HID_rq_dsc_unknown   0x000626    program     static C:\flashdestroyer-bootloader\boot.asm
       usb_sm_HID_rq_rcpt   0x00060a    program     static C:\flashdestroyer-bootloader\boot.asm
    usb_sm_HID_rq_rcpt_id   0x000612    program     static C:\flashdestroyer-bootloader\boot.asm
              usb_sm_ctrl   0x00029e    program     extern C:\flashdestroyer-bootloader\usb.asm
     usb_sm_ctrl_copy_pkt   0x0002ae    program     static C:\flashdestroyer-bootloader\usb.asm
          usb_sm_ctrl_end   0x0002d8    program     static C:\flashdestroyer-bootloader\usb.asm
           usb_sm_ctrl_in   0x0002f0    program     extern C:\flashdestroyer-bootloader\usb.asm
      usb_sm_ctrl_in_addr   0x0002fe    program     static C:\flashdestroyer-bootloader\usb.asm
  usb_sm_ctrl_in_addr_end   0x00030e    program     static C:\flashdestroyer-bootloader\usb.asm
     usb_sm_ctrl_in_token   0x0002d0    program     static C:\flashdestroyer-bootloader\usb.asm
        usb_sm_ctrl_in_tx   0x000314    program     static C:\flashdestroyer-bootloader\usb.asm
    usb_sm_ctrl_in_tx_end   0x000320    program     static C:\flashdestroyer-bootloader\usb.asm
          usb_sm_ctrl_out   0x0002da    program     extern C:\flashdestroyer-bootloader\usb.asm
    usb_sm_ctrl_out_setup   0x0002c0    program     static C:\flashdestroyer-bootloader\usb.asm
    usb_sm_ctrl_out_token   0x0002cc    program     static C:\flashdestroyer-bootloader\usb.asm
   usb_sm_ctrl_out_trf_rx   0x0002e0    program     static C:\flashdestroyer-bootloader\usb.asm
usb_sm_ctrl_out_trf_rx_end   0x0002ec    program     static C:\flashdestroyer-bootloader\usb.asm
      usb_sm_ctrl_process   0x0002b6    program     static C:\flashdestroyer-bootloader\usb.asm
           usb_sm_ctrl_rx   0x000324    program     extern C:\flashdestroyer-bootloader\usb.asm
      usb_sm_ctrl_rx_read   0x000336    program     static C:\flashdestroyer-bootloader\usb.asm
  usb_sm_ctrl_rx_read_end   0x000346    program     static C:\flashdestroyer-bootloader\usb.asm
        usb_sm_ctrl_setup   0x000398    program     extern C:\flashdestroyer-bootloader\usb.asm
  usb_sm_ctrl_setup_clsrq   0x00049c    program     static C:\flashdestroyer-bootloader\usb.asm
usb_sm_ctrl_setup_clsrq_end   0x0004a0    program     static C:\flashdestroyer-bootloader\usb.asm
usb_sm_ctrl_setup_dsc_cfg   0x00042a    program     static C:\flashdestroyer-bootloader\usb.asm
usb_sm_ctrl_setup_dsc_cfg_end   0x000432    program     static C:\flashdestroyer-bootloader\usb.asm
usb_sm_ctrl_setup_dsc_dev   0x000422    program     static C:\flashdestroyer-bootloader\usb.asm
usb_sm_ctrl_setup_dsc_dev_end   0x00042a    program     static C:\flashdestroyer-bootloader\usb.asm
 usb_sm_ctrl_setup_dsc_ep   0x000448    program     static C:\flashdestroyer-bootloader\usb.asm
usb_sm_ctrl_setup_dsc_ep_end   0x000448    program     static C:\flashdestroyer-bootloader\usb.asm
 usb_sm_ctrl_setup_dsc_if   0x000446    program     static C:\flashdestroyer-bootloader\usb.asm
usb_sm_ctrl_setup_dsc_if_end   0x000446    program     static C:\flashdestroyer-bootloader\usb.asm
usb_sm_ctrl_setup_dsc_str   0x000432    program     static C:\flashdestroyer-bootloader\usb.asm
usb_sm_ctrl_setup_dsc_str_end   0x000444    program     static C:\flashdestroyer-bootloader\usb.asm
usb_sm_ctrl_setup_dsc_str_lng   0x000436    program     static C:\flashdestroyer-bootloader\usb.asm
usb_sm_ctrl_setup_dsc_str_mfg   0x00043e    program     static C:\flashdestroyer-bootloader\usb.asm
usb_sm_ctrl_setup_dsc_unknown   0x00041e    program     static C:\flashdestroyer-bootloader\usb.asm
    usb_sm_ctrl_setup_end   0x0004a2    program     static C:\flashdestroyer-bootloader\usb.asm
 usb_sm_ctrl_setup_end_in   0x0004b4    program     static C:\flashdestroyer-bootloader\usb.asm
usb_sm_ctrl_setup_end_in_out   0x00050a    program     static C:\flashdestroyer-bootloader\usb.asm
usb_sm_ctrl_setup_end_null   0x0004b0    program     static C:\flashdestroyer-bootloader\usb.asm
usb_sm_ctrl_setup_end_out   0x0004ec    program     static C:\flashdestroyer-bootloader\usb.asm
usb_sm_ctrl_setup_end_run_c   0x0004a8    program     static C:\flashdestroyer-bootloader\usb.asm
 usb_sm_ctrl_setup_rqtype   0x0003a0    program     static C:\flashdestroyer-bootloader\usb.asm
usb_sm_ctrl_setup_rqtype_end   0x0003b0    program     static C:\flashdestroyer-bootloader\usb.asm
  usb_sm_ctrl_setup_sdtrq   0x0003b0    program     static C:\flashdestroyer-bootloader\usb.asm
usb_sm_ctrl_setup_sdtrq_clrf   0x0003fc    program     static C:\flashdestroyer-bootloader\usb.asm
usb_sm_ctrl_setup_sdtrq_clrf_end   0x0003fc    program     static C:\flashdestroyer-bootloader\usb.asm
usb_sm_ctrl_setup_sdtrq_end   0x00049a    program     static C:\flashdestroyer-bootloader\usb.asm
usb_sm_ctrl_setup_sdtrq_getc   0x000452    program     static C:\flashdestroyer-bootloader\usb.asm
usb_sm_ctrl_setup_sdtrq_getc_end   0x000464    program     static C:\flashdestroyer-bootloader\usb.asm
usb_sm_ctrl_setup_sdtrq_getd   0x000406    program     static C:\flashdestroyer-bootloader\usb.asm
usb_sm_ctrl_setup_sdtrq_getd_end   0x00044a    program     static C:\flashdestroyer-bootloader\usb.asm
usb_sm_ctrl_setup_sdtrq_geti   0x00047e    program     static C:\flashdestroyer-bootloader\usb.asm
usb_sm_ctrl_setup_sdtrq_geti_end   0x00048e    program     static C:\flashdestroyer-bootloader\usb.asm
usb_sm_ctrl_setup_sdtrq_gets   0x0003e2    program     static C:\flashdestroyer-bootloader\usb.asm
usb_sm_ctrl_setup_sdtrq_gets_end   0x0003fa    program     static C:\flashdestroyer-bootloader\usb.asm
usb_sm_ctrl_setup_sdtrq_seta   0x0003fe    program     static C:\flashdestroyer-bootloader\usb.asm
usb_sm_ctrl_setup_sdtrq_seta_end   0x000406    program     static C:\flashdestroyer-bootloader\usb.asm
usb_sm_ctrl_setup_sdtrq_setc   0x000464    program     static C:\flashdestroyer-bootloader\usb.asm
usb_sm_ctrl_setup_sdtrq_setc_0   0x000478    program     static C:\flashdestroyer-bootloader\usb.asm
usb_sm_ctrl_setup_sdtrq_setc_end   0x00047c    program     static C:\flashdestroyer-bootloader\usb.asm
usb_sm_ctrl_setup_sdtrq_setc_x   0x000470    program     static C:\flashdestroyer-bootloader\usb.asm
usb_sm_ctrl_setup_sdtrq_setd   0x000450    program     static C:\flashdestroyer-bootloader\usb.asm
usb_sm_ctrl_setup_sdtrq_setd_end   0x000450    program     static C:\flashdestroyer-bootloader\usb.asm
usb_sm_ctrl_setup_sdtrq_setf   0x0003fc    program     static C:\flashdestroyer-bootloader\usb.asm
usb_sm_ctrl_setup_sdtrq_setf_end   0x0003fc    program     static C:\flashdestroyer-bootloader\usb.asm
usb_sm_ctrl_setup_sdtrq_seti   0x000490    program     static C:\flashdestroyer-bootloader\usb.asm
usb_sm_ctrl_setup_sdtrq_seti_end   0x000496    program     static C:\flashdestroyer-bootloader\usb.asm
usb_sm_ctrl_setup_sdtrq_sf   0x000498    program     static C:\flashdestroyer-bootloader\usb.asm
usb_sm_ctrl_setup_sdtrq_sf_end   0x000498    program     static C:\flashdestroyer-bootloader\usb.asm
usb_sm_ctrl_setup_stall_ep   0x0004a0    program     static C:\flashdestroyer-bootloader\usb.asm
usb_sm_ctrl_setup_stall_ep_end   0x0004a2    program     static C:\flashdestroyer-bootloader\usb.asm
  usb_sm_ctrl_setup_token   0x0002c8    program     static C:\flashdestroyer-bootloader\usb.asm
           usb_sm_ctrl_tx   0x000348    program     extern C:\flashdestroyer-bootloader\usb.asm
       usb_sm_ctrl_tx_end   0x000396    program     static C:\flashdestroyer-bootloader\usb.asm
       usb_sm_ctrl_tx_ram   0x000362    program     static C:\flashdestroyer-bootloader\usb.asm
 usb_sm_ctrl_tx_ram_write   0x00036e    program     static C:\flashdestroyer-bootloader\usb.asm
       usb_sm_ctrl_tx_rom   0x000380    program     static C:\flashdestroyer-bootloader\usb.asm
 usb_sm_ctrl_tx_rom_write   0x000388    program     static C:\flashdestroyer-bootloader\usb.asm
  usb_sm_ctrl_tx_size_end   0x000350    program     static C:\flashdestroyer-bootloader\usb.asm
usb_sm_prepare_next_setup_trf   0x000272    program     extern C:\flashdestroyer-bootloader\usb.asm
             usb_sm_reset   0x000252    program     extern C:\flashdestroyer-bootloader\usb.asm
       usb_sm_reset_trnif   0x00025e    program     static C:\flashdestroyer-bootloader\usb.asm
   usb_sm_reset_trnif_end   0x000266    program     static C:\flashdestroyer-bootloader\usb.asm
            usb_stall_ep0   0x00050c    program     static C:\flashdestroyer-bootloader\usb.asm
        usb_state_machine   0x00055c    program     extern C:\flashdestroyer-bootloader\boot.asm
  usb_state_machine_actif   0x00055c    program     static C:\flashdestroyer-bootloader\boot.asm
usb_state_machine_actif_end   0x00056a    program     static C:\flashdestroyer-bootloader\boot.asm
    usb_state_machine_err   0x0005aa    program     static C:\flashdestroyer-bootloader\boot.asm
usb_state_machine_err_end   0x0005b4    program     static C:\flashdestroyer-bootloader\boot.asm
 usb_state_machine_idleif   0x000578    program     static C:\flashdestroyer-bootloader\boot.asm
usb_state_machine_idleif_end   0x00058e    program     static C:\flashdestroyer-bootloader\boot.asm
  usb_state_machine_rstif   0x00056e    program     static C:\flashdestroyer-bootloader\boot.asm
usb_state_machine_rstif_end   0x000578    program     static C:\flashdestroyer-bootloader\boot.asm
    usb_state_machine_sof   0x00058e    program     static C:\flashdestroyer-bootloader\boot.asm
usb_state_machine_sof_end   0x000598    program     static C:\flashdestroyer-bootloader\boot.asm
usb_state_machine_stallif   0x000598    program     static C:\flashdestroyer-bootloader\boot.asm
usb_state_machine_stallif_clr   0x0005a8    program     static C:\flashdestroyer-bootloader\boot.asm
usb_state_machine_stallif_end   0x0005aa    program     static C:\flashdestroyer-bootloader\boot.asm
  usb_state_machine_trnif   0x0005ba    program     static C:\flashdestroyer-bootloader\boot.asm
usb_state_machine_trnif_end   0x0005c6    program     static C:\flashdestroyer-bootloader\boot.asm
               write_code   0x0000ba    program     static C:\flashdestroyer-bootloader\boot_asm.asm
          write_code_loop   0x0000c2    program     static C:\flashdestroyer-bootloader\boot_asm.asm
           write_eep_mark   0x0001d0    program     static C:\flashdestroyer-bootloader\boot_asm.asm
             write_eeprom   0x000114    program     static C:\flashdestroyer-bootloader\boot_asm.asm
        write_eeprom_loop   0x00011a    program     static C:\flashdestroyer-bootloader\boot_asm.asm
                 write_id   0x0000ec    program     static C:\flashdestroyer-bootloader\boot_asm.asm
            write_id_loop   0x0000f6    program     static C:\flashdestroyer-bootloader\boot_asm.asm
                    Count   0x000009       data     extern C:\flashdestroyer-bootloader\usb.asm
              CtrlTrfData   0x000450       data     extern C:\flashdestroyer-bootloader\usb.asm
                 SetupPkt   0x000410       data     extern C:\flashdestroyer-bootloader\usb.asm
             SetupPktCopy   0x000012       data     extern C:\flashdestroyer-bootloader\usb.asm
          active_protocol   0x00001c       data     extern C:\flashdestroyer-bootloader\boot.asm
                 boot_cmd   0x00001e       data     extern C:\flashdestroyer-bootloader\boot.asm
                 boot_rep   0x00005e       data     extern C:\flashdestroyer-bootloader\boot.asm
             byte_to_read   0x00001a       data     static C:\flashdestroyer-bootloader\usb.asm
             byte_to_send   0x00001b       data     static C:\flashdestroyer-bootloader\usb.asm
                     cntr   0x000000       data     static C:\flashdestroyer-bootloader\boot_asm.asm
             ctrl_trf_mem   0x000010       data     extern C:\flashdestroyer-bootloader\usb.asm
   ctrl_trf_session_owner   0x000011       data     extern C:\flashdestroyer-bootloader\usb.asm
             eep_mark_set   0x000002       data     extern C:\flashdestroyer-bootloader\boot_asm.asm
                    ep0Bi   0x000404       data     extern C:\flashdestroyer-bootloader\usb.asm
                    ep0Bo   0x000400       data     extern C:\flashdestroyer-bootloader\usb.asm
                    ep1Bi   0x00040c       data     extern C:\flashdestroyer-bootloader\usb.asm
                    ep1Bo   0x000408       data     extern C:\flashdestroyer-bootloader\usb.asm
            hid_report_in   0x000540       data     extern C:\flashdestroyer-bootloader\boot.asm
           hid_report_out   0x000500       data     extern C:\flashdestroyer-bootloader\boot.asm
                   hold_r   0x000001       data     static C:\flashdestroyer-bootloader\boot_asm.asm
                idle_rate   0x00001d       data     extern C:\flashdestroyer-bootloader\boot.asm
                     pDst   0x00000a       data     extern C:\flashdestroyer-bootloader\usb.asm
                     pSrc   0x00000c       data     extern C:\flashdestroyer-bootloader\usb.asm
                     tmpw   0x000003       data     static C:\flashdestroyer-bootloader\usb.asm
           usb_active_cfg   0x000007       data     extern C:\flashdestroyer-bootloader\usb.asm
             usb_alt_intf   0x000008       data     extern C:\flashdestroyer-bootloader\usb.asm
        usb_sm_ctrl_state   0x000006       data     extern C:\flashdestroyer-bootloader\usb.asm
             usb_sm_state   0x000005       data     extern C:\flashdestroyer-bootloader\usb.asm



                              Symbols - Sorted by Address
                     Name    Address   Location    Storage File                     
                ---------  ---------  ---------  --------- ---------                
                 pre_main   0x00000c    program     static C:\flashdestroyer-bootloader\vectors.asm
             USB_DEV_DESC   0x000038    program     extern C:\flashdestroyer-bootloader\usb_desc.asm
     USB_DEV_DESC_bLength   0x000038    program     static C:\flashdestroyer-bootloader\usb_desc.asm
    USB_DEV_DESC_bDscType   0x000039    program     static C:\flashdestroyer-bootloader\usb_desc.asm
      USB_DEV_DESC_bcdUSB   0x00003a    program     static C:\flashdestroyer-bootloader\usb_desc.asm
     USB_DEV_DESC_bDevCls   0x00003c    program     static C:\flashdestroyer-bootloader\usb_desc.asm
  USB_DEV_DESC_bDevSubCls   0x00003d    program     static C:\flashdestroyer-bootloader\usb_desc.asm
USB_DEV_DESC_bDevProtocol   0x00003e    program     static C:\flashdestroyer-bootloader\usb_desc.asm
USB_DEV_DESC_bMaxPktSize0   0x00003f    program     static C:\flashdestroyer-bootloader\usb_desc.asm
    USB_DEV_DESC_idVendor   0x000040    program     static C:\flashdestroyer-bootloader\usb_desc.asm
   USB_DEV_DESC_idProduct   0x000042    program     static C:\flashdestroyer-bootloader\usb_desc.asm
   USB_DEV_DESC_bcdDevice   0x000044    program     static C:\flashdestroyer-bootloader\usb_desc.asm
        USB_DEV_DESC_iMfg   0x000046    program     static C:\flashdestroyer-bootloader\usb_desc.asm
    USB_DEV_DESC_iProduct   0x000047    program     static C:\flashdestroyer-bootloader\usb_desc.asm
  USB_DEV_DESC_iSerialNum   0x000048    program     static C:\flashdestroyer-bootloader\usb_desc.asm
     USB_DEV_DESC_bNumCfg   0x000049    program     static C:\flashdestroyer-bootloader\usb_desc.asm
         USB_DEV_DESC_end   0x00004a    program     extern C:\flashdestroyer-bootloader\usb_desc.asm
     USB_CFG_DESC_bLength   0x00004a    program     static C:\flashdestroyer-bootloader\usb_desc.asm
             USB_CFG_DESC   0x00004a    program     extern C:\flashdestroyer-bootloader\usb_desc.asm
    USB_CFG_DESC_bDscType   0x00004b    program     static C:\flashdestroyer-bootloader\usb_desc.asm
USB_CFG_DESC_wTotalLength   0x00004c    program     static C:\flashdestroyer-bootloader\usb_desc.asm
    USB_CFG_DESC_bNumIntf   0x00004e    program     static C:\flashdestroyer-bootloader\usb_desc.asm
   USB_CFG_DESC_bCfgValue   0x00004f    program     static C:\flashdestroyer-bootloader\usb_desc.asm
        USB_CFG_DESC_iCfg   0x000050    program     static C:\flashdestroyer-bootloader\usb_desc.asm
USB_CFG_DESC_bmAttributes   0x000051    program     static C:\flashdestroyer-bootloader\usb_desc.asm
   USB_CFG_DESC_bMaxPower   0x000052    program     static C:\flashdestroyer-bootloader\usb_desc.asm
         USB_CFG_DESC_end   0x000053    program     extern C:\flashdestroyer-bootloader\usb_desc.asm
              USB_IF_DESC   0x000053    program     extern C:\flashdestroyer-bootloader\usb_desc.asm
      USB_IF_DESC_bLength   0x000053    program     static C:\flashdestroyer-bootloader\usb_desc.asm
     USB_IF_DESC_bDscType   0x000054    program     static C:\flashdestroyer-bootloader\usb_desc.asm
     USB_IF_DESC_bIntfNum   0x000055    program     static C:\flashdestroyer-bootloader\usb_desc.asm
  USB_IF_DESC_bAltSetting   0x000056    program     static C:\flashdestroyer-bootloader\usb_desc.asm
      USB_IF_DESC_bNumEPs   0x000057    program     static C:\flashdestroyer-bootloader\usb_desc.asm
     USB_IF_DESC_bIntfCls   0x000058    program     static C:\flashdestroyer-bootloader\usb_desc.asm
  USB_IF_DESC_bIntfSubCls   0x000059    program     static C:\flashdestroyer-bootloader\usb_desc.asm
USB_IF_DESC_bIntfProtocol   0x00005a    program     static C:\flashdestroyer-bootloader\usb_desc.asm
        USB_IF_DESC_iIntf   0x00005b    program     static C:\flashdestroyer-bootloader\usb_desc.asm
     USB_HID_DESC_bLength   0x00005c    program     static C:\flashdestroyer-bootloader\usb_desc.asm
             USB_HID_DESC   0x00005c    program     extern C:\flashdestroyer-bootloader\usb_desc.asm
          USB_IF_DESC_end   0x00005c    program     extern C:\flashdestroyer-bootloader\usb_desc.asm
    USB_HID_DESC_bDscType   0x00005d    program     static C:\flashdestroyer-bootloader\usb_desc.asm
      USB_HID_DESC_bcdHID   0x00005e    program     static C:\flashdestroyer-bootloader\usb_desc.asm
USB_HID_DESC_bCountryCode   0x000060    program     static C:\flashdestroyer-bootloader\usb_desc.asm
     USB_HID_DESC_bNumDsc   0x000061    program     static C:\flashdestroyer-bootloader\usb_desc.asm
USB_HID_DESC_HDR_bDscType   0x000062    program     static C:\flashdestroyer-bootloader\usb_desc.asm
  USB_HID_DESC_wDscLength   0x000063    program     static C:\flashdestroyer-bootloader\usb_desc.asm
         USB_HID_DESC_end   0x000065    program     extern C:\flashdestroyer-bootloader\usb_desc.asm
              USB_EP_DESC   0x000065    program     extern C:\flashdestroyer-bootloader\usb_desc.asm
      USB_EP_DESC_bLength   0x000065    program     static C:\flashdestroyer-bootloader\usb_desc.asm
     USB_EP_DESC_bDscType   0x000066    program     static C:\flashdestroyer-bootloader\usb_desc.asm
       USB_EP_DESC_bEPAdr   0x000067    program     static C:\flashdestroyer-bootloader\usb_desc.asm
 USB_EP_DESC_bmAttributes   0x000068    program     static C:\flashdestroyer-bootloader\usb_desc.asm
  USB_EP_DESC_wMaxPktSize   0x000069    program     static C:\flashdestroyer-bootloader\usb_desc.asm
    USB_EP_DESC_bInterval   0x00006b    program     static C:\flashdestroyer-bootloader\usb_desc.asm
   USB_CFG_DESC_Total_end   0x00006c    program     static C:\flashdestroyer-bootloader\usb_desc.asm
          USB_EP_DESC_end   0x00006c    program     extern C:\flashdestroyer-bootloader\usb_desc.asm
              USB_HID_RPT   0x00006c    program     extern C:\flashdestroyer-bootloader\usb_desc.asm
          USB_HID_RPT_end   0x000083    program     extern C:\flashdestroyer-bootloader\usb_desc.asm
            USB_LANG_DESC   0x000083    program     extern C:\flashdestroyer-bootloader\usb_desc.asm
    USB_LANG_DESC_bLength   0x000083    program     static C:\flashdestroyer-bootloader\usb_desc.asm
   USB_LANG_DESC_bDscType   0x000084    program     static C:\flashdestroyer-bootloader\usb_desc.asm
     USB_LANG_DESC_string   0x000085    program     static C:\flashdestroyer-bootloader\usb_desc.asm
        USB_LANG_DESC_end   0x000087    program     extern C:\flashdestroyer-bootloader\usb_desc.asm
             USB_MFG_DESC   0x000087    program     extern C:\flashdestroyer-bootloader\usb_desc.asm
     USB_MFG_DESC_bLength   0x000087    program     static C:\flashdestroyer-bootloader\usb_desc.asm
    USB_MFG_DESC_bDscType   0x000088    program     static C:\flashdestroyer-bootloader\usb_desc.asm
         USB_MFG_DESC_end   0x000095    program     extern C:\flashdestroyer-bootloader\usb_desc.asm
     USB_DESC_END_SECTION   0x000095    program     static C:\flashdestroyer-bootloader\usb_desc.asm
               erase_code   0x000096    program     static C:\flashdestroyer-bootloader\boot_asm.asm
          erase_code_loop   0x000098    program     static C:\flashdestroyer-bootloader\boot_asm.asm
                read_code   0x0000aa    program     static C:\flashdestroyer-bootloader\boot_asm.asm
           read_code_loop   0x0000b0    program     static C:\flashdestroyer-bootloader\boot_asm.asm
               write_code   0x0000ba    program     static C:\flashdestroyer-bootloader\boot_asm.asm
          write_code_loop   0x0000c2    program     static C:\flashdestroyer-bootloader\boot_asm.asm
                  read_id   0x0000d8    program     static C:\flashdestroyer-bootloader\boot_asm.asm
             read_id_loop   0x0000de    program     static C:\flashdestroyer-bootloader\boot_asm.asm
           rdwr_id_return   0x0000e8    program     static C:\flashdestroyer-bootloader\boot_asm.asm
                 write_id   0x0000ec    program     static C:\flashdestroyer-bootloader\boot_asm.asm
            write_id_loop   0x0000f6    program     static C:\flashdestroyer-bootloader\boot_asm.asm
             rdwr_id_init   0x000104    program     static C:\flashdestroyer-bootloader\boot_asm.asm
             write_eeprom   0x000114    program     static C:\flashdestroyer-bootloader\boot_asm.asm
        write_eeprom_loop   0x00011a    program     static C:\flashdestroyer-bootloader\boot_asm.asm
      _BOOT_ASM_CODE_008C   0x000122    program     static C:\flashdestroyer-bootloader\boot_asm.asm
              read_eeprom   0x00012c    program     static C:\flashdestroyer-bootloader\boot_asm.asm
         read_eeprom_loop   0x000132    program     static C:\flashdestroyer-bootloader\boot_asm.asm
              eeprom_init   0x000140    program     static C:\flashdestroyer-bootloader\boot_asm.asm
          hid_process_cmd   0x00014e    program     extern C:\flashdestroyer-bootloader\boot_asm.asm
              unknown_cmd   0x000184    program     static C:\flashdestroyer-bootloader\boot_asm.asm
   return_hid_process_cmd   0x000188    program     static C:\flashdestroyer-bootloader\boot_asm.asm
           get_fw_version   0x00018a    program     static C:\flashdestroyer-bootloader\boot_asm.asm
    bootloader_soft_reset   0x000198    program     extern C:\flashdestroyer-bootloader\boot_asm.asm
               soft_reset   0x00019c    program     static C:\flashdestroyer-bootloader\boot_asm.asm
              soft_reset2   0x00019e    program     static C:\flashdestroyer-bootloader\boot_asm.asm
      _BOOT_ASM_CODE_0110   0x0001a6    program     static C:\flashdestroyer-bootloader\boot_asm.asm
      _BOOT_ASM_CODE_0114   0x0001aa    program     static C:\flashdestroyer-bootloader\boot_asm.asm
            copy_boot_rep   0x0001ae    program     extern C:\flashdestroyer-bootloader\boot_asm.asm
       copy_boot_rep_loop   0x0001ba    program     static C:\flashdestroyer-bootloader\boot_asm.asm
             clr_eep_mark   0x0001c6    program     static C:\flashdestroyer-bootloader\boot_asm.asm
             set_eep_mark   0x0001cc    program     static C:\flashdestroyer-bootloader\boot_asm.asm
           write_eep_mark   0x0001d0    program     static C:\flashdestroyer-bootloader\boot_asm.asm
      _BOOT_ASM_CODE_0146   0x0001dc    program     static C:\flashdestroyer-bootloader\boot_asm.asm
       load_address_size8   0x0001e2    program     static C:\flashdestroyer-bootloader\boot_asm.asm
             load_address   0x0001ea    program     static C:\flashdestroyer-bootloader\boot_asm.asm
              flash_write   0x0001fc    program     static C:\flashdestroyer-bootloader\boot_asm.asm
             eeprom_write   0x0001fe    program     static C:\flashdestroyer-bootloader\boot_asm.asm
                     _fsr   0x000210    program     extern C:\flashdestroyer-bootloader\boot_asm.asm
          store_fsr1_fsr2   0x000214    program     extern C:\flashdestroyer-bootloader\boot_asm.asm
        restore_fsr1_fsr2   0x000226    program     extern C:\flashdestroyer-bootloader\boot_asm.asm
                 usb_init   0x000238    program     extern C:\flashdestroyer-bootloader\usb.asm
      _BOOT_ASM_CODE_000C   0x000244    program     static C:\flashdestroyer-bootloader\usb.asm
             usb_sm_reset   0x000252    program     extern C:\flashdestroyer-bootloader\usb.asm
       usb_sm_reset_trnif   0x00025e    program     static C:\flashdestroyer-bootloader\usb.asm
   usb_sm_reset_trnif_end   0x000266    program     static C:\flashdestroyer-bootloader\usb.asm
usb_sm_prepare_next_setup_trf   0x000272    program     extern C:\flashdestroyer-bootloader\usb.asm
              usb_sm_ctrl   0x00029e    program     extern C:\flashdestroyer-bootloader\usb.asm
     usb_sm_ctrl_copy_pkt   0x0002ae    program     static C:\flashdestroyer-bootloader\usb.asm
      usb_sm_ctrl_process   0x0002b6    program     static C:\flashdestroyer-bootloader\usb.asm
    usb_sm_ctrl_out_setup   0x0002c0    program     static C:\flashdestroyer-bootloader\usb.asm
  usb_sm_ctrl_setup_token   0x0002c8    program     static C:\flashdestroyer-bootloader\usb.asm
    usb_sm_ctrl_out_token   0x0002cc    program     static C:\flashdestroyer-bootloader\usb.asm
     usb_sm_ctrl_in_token   0x0002d0    program     static C:\flashdestroyer-bootloader\usb.asm
          usb_sm_ctrl_end   0x0002d8    program     static C:\flashdestroyer-bootloader\usb.asm
          usb_sm_ctrl_out   0x0002da    program     extern C:\flashdestroyer-bootloader\usb.asm
   usb_sm_ctrl_out_trf_rx   0x0002e0    program     static C:\flashdestroyer-bootloader\usb.asm
usb_sm_ctrl_out_trf_rx_end   0x0002ec    program     static C:\flashdestroyer-bootloader\usb.asm
           usb_sm_ctrl_in   0x0002f0    program     extern C:\flashdestroyer-bootloader\usb.asm
      _BOOT_ASM_CODE_00BE   0x0002f6    program     static C:\flashdestroyer-bootloader\usb.asm
      usb_sm_ctrl_in_addr   0x0002fe    program     static C:\flashdestroyer-bootloader\usb.asm
  usb_sm_ctrl_in_addr_end   0x00030e    program     static C:\flashdestroyer-bootloader\usb.asm
        usb_sm_ctrl_in_tx   0x000314    program     static C:\flashdestroyer-bootloader\usb.asm
    usb_sm_ctrl_in_tx_end   0x000320    program     static C:\flashdestroyer-bootloader\usb.asm
           usb_sm_ctrl_rx   0x000324    program     extern C:\flashdestroyer-bootloader\usb.asm
      usb_sm_ctrl_rx_read   0x000336    program     static C:\flashdestroyer-bootloader\usb.asm
  usb_sm_ctrl_rx_read_end   0x000346    program     static C:\flashdestroyer-bootloader\usb.asm
           usb_sm_ctrl_tx   0x000348    program     extern C:\flashdestroyer-bootloader\usb.asm
  usb_sm_ctrl_tx_size_end   0x000350    program     static C:\flashdestroyer-bootloader\usb.asm
       usb_sm_ctrl_tx_ram   0x000362    program     static C:\flashdestroyer-bootloader\usb.asm
 usb_sm_ctrl_tx_ram_write   0x00036e    program     static C:\flashdestroyer-bootloader\usb.asm
       usb_sm_ctrl_tx_rom   0x000380    program     static C:\flashdestroyer-bootloader\usb.asm
 usb_sm_ctrl_tx_rom_write   0x000388    program     static C:\flashdestroyer-bootloader\usb.asm
       usb_sm_ctrl_tx_end   0x000396    program     static C:\flashdestroyer-bootloader\usb.asm
        usb_sm_ctrl_setup   0x000398    program     extern C:\flashdestroyer-bootloader\usb.asm
 usb_sm_ctrl_setup_rqtype   0x0003a0    program     static C:\flashdestroyer-bootloader\usb.asm
  usb_sm_ctrl_setup_sdtrq   0x0003b0    program     static C:\flashdestroyer-bootloader\usb.asm
usb_sm_ctrl_setup_rqtype_end   0x0003b0    program     static C:\flashdestroyer-bootloader\usb.asm
usb_sm_ctrl_setup_sdtrq_gets   0x0003e2    program     static C:\flashdestroyer-bootloader\usb.asm
usb_sm_ctrl_setup_sdtrq_gets_end   0x0003fa    program     static C:\flashdestroyer-bootloader\usb.asm
usb_sm_ctrl_setup_sdtrq_clrf   0x0003fc    program     static C:\flashdestroyer-bootloader\usb.asm
usb_sm_ctrl_setup_sdtrq_clrf_end   0x0003fc    program     static C:\flashdestroyer-bootloader\usb.asm
usb_sm_ctrl_setup_sdtrq_setf   0x0003fc    program     static C:\flashdestroyer-bootloader\usb.asm
usb_sm_ctrl_setup_sdtrq_setf_end   0x0003fc    program     static C:\flashdestroyer-bootloader\usb.asm
usb_sm_ctrl_setup_sdtrq_seta   0x0003fe    program     static C:\flashdestroyer-bootloader\usb.asm
usb_sm_ctrl_setup_sdtrq_getd   0x000406    program     static C:\flashdestroyer-bootloader\usb.asm
usb_sm_ctrl_setup_sdtrq_seta_end   0x000406    program     static C:\flashdestroyer-bootloader\usb.asm
usb_sm_ctrl_setup_dsc_unknown   0x00041e    program     static C:\flashdestroyer-bootloader\usb.asm
usb_sm_ctrl_setup_dsc_dev   0x000422    program     static C:\flashdestroyer-bootloader\usb.asm
usb_sm_ctrl_setup_dsc_dev_end   0x00042a    program     static C:\flashdestroyer-bootloader\usb.asm
usb_sm_ctrl_setup_dsc_cfg   0x00042a    program     static C:\flashdestroyer-bootloader\usb.asm
usb_sm_ctrl_setup_dsc_cfg_end   0x000432    program     static C:\flashdestroyer-bootloader\usb.asm
usb_sm_ctrl_setup_dsc_str   0x000432    program     static C:\flashdestroyer-bootloader\usb.asm
usb_sm_ctrl_setup_dsc_str_lng   0x000436    program     static C:\flashdestroyer-bootloader\usb.asm
usb_sm_ctrl_setup_dsc_str_mfg   0x00043e    program     static C:\flashdestroyer-bootloader\usb.asm
usb_sm_ctrl_setup_dsc_str_end   0x000444    program     static C:\flashdestroyer-bootloader\usb.asm
 usb_sm_ctrl_setup_dsc_if   0x000446    program     static C:\flashdestroyer-bootloader\usb.asm
usb_sm_ctrl_setup_dsc_if_end   0x000446    program     static C:\flashdestroyer-bootloader\usb.asm
usb_sm_ctrl_setup_dsc_ep_end   0x000448    program     static C:\flashdestroyer-bootloader\usb.asm
 usb_sm_ctrl_setup_dsc_ep   0x000448    program     static C:\flashdestroyer-bootloader\usb.asm
usb_sm_ctrl_setup_sdtrq_getd_end   0x00044a    program     static C:\flashdestroyer-bootloader\usb.asm
usb_sm_ctrl_setup_sdtrq_setd   0x000450    program     static C:\flashdestroyer-bootloader\usb.asm
usb_sm_ctrl_setup_sdtrq_setd_end   0x000450    program     static C:\flashdestroyer-bootloader\usb.asm
usb_sm_ctrl_setup_sdtrq_getc   0x000452    program     static C:\flashdestroyer-bootloader\usb.asm
usb_sm_ctrl_setup_sdtrq_setc   0x000464    program     static C:\flashdestroyer-bootloader\usb.asm
usb_sm_ctrl_setup_sdtrq_getc_end   0x000464    program     static C:\flashdestroyer-bootloader\usb.asm
usb_sm_ctrl_setup_sdtrq_setc_x   0x000470    program     static C:\flashdestroyer-bootloader\usb.asm
usb_sm_ctrl_setup_sdtrq_setc_0   0x000478    program     static C:\flashdestroyer-bootloader\usb.asm
usb_sm_ctrl_setup_sdtrq_setc_end   0x00047c    program     static C:\flashdestroyer-bootloader\usb.asm
usb_sm_ctrl_setup_sdtrq_geti   0x00047e    program     static C:\flashdestroyer-bootloader\usb.asm
usb_sm_ctrl_setup_sdtrq_geti_end   0x00048e    program     static C:\flashdestroyer-bootloader\usb.asm
usb_sm_ctrl_setup_sdtrq_seti   0x000490    program     static C:\flashdestroyer-bootloader\usb.asm
usb_sm_ctrl_setup_sdtrq_seti_end   0x000496    program     static C:\flashdestroyer-bootloader\usb.asm
usb_sm_ctrl_setup_sdtrq_sf_end   0x000498    program     static C:\flashdestroyer-bootloader\usb.asm
usb_sm_ctrl_setup_sdtrq_sf   0x000498    program     static C:\flashdestroyer-bootloader\usb.asm
usb_sm_ctrl_setup_sdtrq_end   0x00049a    program     static C:\flashdestroyer-bootloader\usb.asm
  usb_sm_ctrl_setup_clsrq   0x00049c    program     static C:\flashdestroyer-bootloader\usb.asm
usb_sm_ctrl_setup_stall_ep   0x0004a0    program     static C:\flashdestroyer-bootloader\usb.asm
usb_sm_ctrl_setup_clsrq_end   0x0004a0    program     static C:\flashdestroyer-bootloader\usb.asm
usb_sm_ctrl_setup_stall_ep_end   0x0004a2    program     static C:\flashdestroyer-bootloader\usb.asm
    usb_sm_ctrl_setup_end   0x0004a2    program     static C:\flashdestroyer-bootloader\usb.asm
usb_sm_ctrl_setup_end_run_c   0x0004a8    program     static C:\flashdestroyer-bootloader\usb.asm
usb_sm_ctrl_setup_end_null   0x0004b0    program     static C:\flashdestroyer-bootloader\usb.asm
 usb_sm_ctrl_setup_end_in   0x0004b4    program     static C:\flashdestroyer-bootloader\usb.asm
usb_sm_ctrl_setup_end_out   0x0004ec    program     static C:\flashdestroyer-bootloader\usb.asm
usb_sm_ctrl_setup_end_in_out   0x00050a    program     static C:\flashdestroyer-bootloader\usb.asm
            usb_stall_ep0   0x00050c    program     static C:\flashdestroyer-bootloader\usb.asm
                     main   0x000530    program     extern C:\flashdestroyer-bootloader\boot.asm
               bootloader   0x00054e    program     extern C:\flashdestroyer-bootloader\boot.asm
          bootloader_loop   0x000552    program     static C:\flashdestroyer-bootloader\boot.asm
        usb_state_machine   0x00055c    program     extern C:\flashdestroyer-bootloader\boot.asm
  usb_state_machine_actif   0x00055c    program     static C:\flashdestroyer-bootloader\boot.asm
usb_state_machine_actif_end   0x00056a    program     static C:\flashdestroyer-bootloader\boot.asm
  usb_state_machine_rstif   0x00056e    program     static C:\flashdestroyer-bootloader\boot.asm
 usb_state_machine_idleif   0x000578    program     static C:\flashdestroyer-bootloader\boot.asm
usb_state_machine_rstif_end   0x000578    program     static C:\flashdestroyer-bootloader\boot.asm
usb_state_machine_idleif_end   0x00058e    program     static C:\flashdestroyer-bootloader\boot.asm
    usb_state_machine_sof   0x00058e    program     static C:\flashdestroyer-bootloader\boot.asm
usb_state_machine_sof_end   0x000598    program     static C:\flashdestroyer-bootloader\boot.asm
usb_state_machine_stallif   0x000598    program     static C:\flashdestroyer-bootloader\boot.asm
usb_state_machine_stallif_clr   0x0005a8    program     static C:\flashdestroyer-bootloader\boot.asm
    usb_state_machine_err   0x0005aa    program     static C:\flashdestroyer-bootloader\boot.asm
usb_state_machine_stallif_end   0x0005aa    program     static C:\flashdestroyer-bootloader\boot.asm
usb_state_machine_err_end   0x0005b4    program     static C:\flashdestroyer-bootloader\boot.asm
  usb_state_machine_trnif   0x0005ba    program     static C:\flashdestroyer-bootloader\boot.asm
usb_state_machine_trnif_end   0x0005c6    program     static C:\flashdestroyer-bootloader\boot.asm
       usb_sm_HID_init_EP   0x0005c8    program     extern C:\flashdestroyer-bootloader\boot.asm
          hid_send_report   0x0005e0    program     extern C:\flashdestroyer-bootloader\boot.asm
      hid_send_report_end   0x0005fe    program     static C:\flashdestroyer-bootloader\boot.asm
       usb_sm_HID_request   0x000600    program     extern C:\flashdestroyer-bootloader\boot.asm
       usb_sm_HID_rq_rcpt   0x00060a    program     static C:\flashdestroyer-bootloader\boot.asm
    usb_sm_HID_rq_rcpt_id   0x000612    program     static C:\flashdestroyer-bootloader\boot.asm
usb_sm_HID_rq_dsc_unknown   0x000626    program     static C:\flashdestroyer-bootloader\boot.asm
    usb_sm_HID_rq_dsc_hid   0x000628    program     static C:\flashdestroyer-bootloader\boot.asm
usb_sm_HID_rq_dsc_hid_end   0x000632    program     static C:\flashdestroyer-bootloader\boot.asm
    usb_sm_HID_rq_dsc_rpt   0x000634    program     static C:\flashdestroyer-bootloader\boot.asm
usb_sm_HID_rq_dsc_rpt_end   0x00063e    program     static C:\flashdestroyer-bootloader\boot.asm
    usb_sm_HID_rq_dsc_phy   0x000640    program     static C:\flashdestroyer-bootloader\boot.asm
usb_sm_HID_rq_dsc_phy_end   0x000640    program     static C:\flashdestroyer-bootloader\boot.asm
    usb_sm_HID_rq_dsc_end   0x000642    program     static C:\flashdestroyer-bootloader\boot.asm
        usb_sm_HID_rq_cls   0x00064a    program     static C:\flashdestroyer-bootloader\boot.asm
     usb_sm_HID_rq_cls_rq   0x000654    program     static C:\flashdestroyer-bootloader\boot.asm
usb_sm_HID_rq_cls_rq_unknown   0x00066e    program     static C:\flashdestroyer-bootloader\boot.asm
usb_sm_HID_rq_cls_rq_grpt   0x000670    program     static C:\flashdestroyer-bootloader\boot.asm
usb_sm_HID_rq_cls_rq_grpt_end   0x000672    program     static C:\flashdestroyer-bootloader\boot.asm
usb_sm_HID_rq_cls_rq_srpt   0x000674    program     static C:\flashdestroyer-bootloader\boot.asm
usb_sm_HID_rq_cls_rq_srpt_end   0x00067c    program     static C:\flashdestroyer-bootloader\boot.asm
 usb_sm_HID_rq_cls_rq_end   0x00067e    program     static C:\flashdestroyer-bootloader\boot.asm
usb_sm_HID_rq_cls_rq_end_ses   0x000682    program     static C:\flashdestroyer-bootloader\boot.asm
   usb_sm_HID_request_end   0x000684    program     static C:\flashdestroyer-bootloader\boot.asm
usb_sm_HID_rq_cls_rq_gidle   0x000684    program     static C:\flashdestroyer-bootloader\boot.asm
usb_sm_HID_rq_cls_rq_gprot   0x000684    program     static C:\flashdestroyer-bootloader\boot.asm
usb_sm_HID_rq_cls_rq_sidle   0x000684    program     static C:\flashdestroyer-bootloader\boot.asm
usb_sm_HID_rq_cls_rq_sprot   0x000684    program     static C:\flashdestroyer-bootloader\boot.asm
            _APPSTRT_0800   0x000800    program     static C:\flashdestroyer-bootloader\vectors.asm
                     cntr   0x000000       data     static C:\flashdestroyer-bootloader\boot_asm.asm
                   hold_r   0x000001       data     static C:\flashdestroyer-bootloader\boot_asm.asm
             eep_mark_set   0x000002       data     extern C:\flashdestroyer-bootloader\boot_asm.asm
                     tmpw   0x000003       data     static C:\flashdestroyer-bootloader\usb.asm
             usb_sm_state   0x000005       data     extern C:\flashdestroyer-bootloader\usb.asm
        usb_sm_ctrl_state   0x000006       data     extern C:\flashdestroyer-bootloader\usb.asm
           usb_active_cfg   0x000007       data     extern C:\flashdestroyer-bootloader\usb.asm
             usb_alt_intf   0x000008       data     extern C:\flashdestroyer-bootloader\usb.asm
                    Count   0x000009       data     extern C:\flashdestroyer-bootloader\usb.asm
                     pDst   0x00000a       data     extern C:\flashdestroyer-bootloader\usb.asm
                     pSrc   0x00000c       data     extern C:\flashdestroyer-bootloader\usb.asm
             ctrl_trf_mem   0x000010       data     extern C:\flashdestroyer-bootloader\usb.asm
   ctrl_trf_session_owner   0x000011       data     extern C:\flashdestroyer-bootloader\usb.asm
             SetupPktCopy   0x000012       data     extern C:\flashdestroyer-bootloader\usb.asm
             byte_to_read   0x00001a       data     static C:\flashdestroyer-bootloader\usb.asm
             byte_to_send   0x00001b       data     static C:\flashdestroyer-bootloader\usb.asm
          active_protocol   0x00001c       data     extern C:\flashdestroyer-bootloader\boot.asm
                idle_rate   0x00001d       data     extern C:\flashdestroyer-bootloader\boot.asm
                 boot_cmd   0x00001e       data     extern C:\flashdestroyer-bootloader\boot.asm
                 boot_rep   0x00005e       data     extern C:\flashdestroyer-bootloader\boot.asm
                    ep0Bo   0x000400       data     extern C:\flashdestroyer-bootloader\usb.asm
                    ep0Bi   0x000404       data     extern C:\flashdestroyer-bootloader\usb.asm
                    ep1Bo   0x000408       data     extern C:\flashdestroyer-bootloader\usb.asm
                    ep1Bi   0x00040c       data     extern C:\flashdestroyer-bootloader\usb.asm
                 SetupPkt   0x000410       data     extern C:\flashdestroyer-bootloader\usb.asm
              CtrlTrfData   0x000450       data     extern C:\flashdestroyer-bootloader\usb.asm
           hid_report_out   0x000500       data     extern C:\flashdestroyer-bootloader\boot.asm
            hid_report_in   0x000540       data     extern C:\flashdestroyer-bootloader\boot.asm


