MPLINK 4.37, Linker
Linker Map File - Created Tue Oct 04 17:22:50 2011

                                 Section Info
                  Section       Type    Address   Location Size(Bytes)
                ---------  ---------  ---------  ---------  ---------
               _entry_scn       code   0x000000    program   0x000006
                   .cinit    romdata   0x00082a    program   0x00000e
        .code_usb_stack.o       code   0x000838    program   0x0012a4
              .code_cdc.o       code   0x001adc    program   0x000984
             .code_main.o       code   0x002460    program   0x0000e0
          .romdata_main.o    romdata   0x002540    program   0x0000a7
        .romdata___init.o    romdata   0x0025e7    program   0x000000
        .idata___init.o_i    romdata   0x0025e7    program   0x000000
      .romdata_fxd3232u.o    romdata   0x0025e7    program   0x000000
      .idata_fxd3232u.o_i    romdata   0x0025e7    program   0x000000
           .romdata_cdc.o    romdata   0x0025e7    program   0x000000
     .romdata_usb_stack.o    romdata   0x0025e7    program   0x000000
     .idata_usb_stack.o_i    romdata   0x0025e7    program   0x000000
         .idata_c018i.o_i    romdata   0x0025e7    program   0x000000
         .romdata_c018i.o    romdata   0x0025e7    program   0x000000
          .idata_main.o_i    romdata   0x0025e7    program   0x000000
            .code_c018i.o       code   0x0025e8    program   0x000000
               _cinit_scn       code   0x0025e8    program   0x00009e
                   STRING       code   0x002686    program   0x000056
         .code_fxd3232u.o       code   0x0026dc    program   0x000048
                    .code       code   0x002724    program   0x000020
             _startup_scn       code   0x002744    program   0x00001c
           .code___init.o       code   0x002760    program   0x000002
           .idata_cdc.o_i    romdata   0x002762    program   0x000006
    .config_300000_main.o    romdata   0x300000    program   0x000001
    .config_300001_main.o    romdata   0x300001    program   0x000001
    .config_300002_main.o    romdata   0x300002    program   0x000001
    .config_300003_main.o    romdata   0x300003    program   0x000001
    .config_300005_main.o    romdata   0x300005    program   0x000001
    .config_300006_main.o    romdata   0x300006    program   0x000001
    .config_300008_main.o    romdata   0x300008    program   0x000001
    .config_300009_main.o    romdata   0x300009    program   0x000001
    .config_30000a_main.o    romdata   0x30000a    program   0x000001
    .config_30000b_main.o    romdata   0x30000b    program   0x000001
    .config_30000c_main.o    romdata   0x30000c    program   0x000001
    .config_30000d_main.o    romdata   0x30000d    program   0x000001
                MATH_DATA      udata   0x000000       data   0x000010
                 .tmpdata      udata   0x000010       data   0x000008
       .udata_usb_stack.o      udata   0x000060       data   0x000061
           .udata_c018i.o      udata   0x0000c1       data   0x00000a
             .idata_cdc.o      idata   0x0000cb       data   0x000006
            .udata_main.o      udata   0x0000d1       data   0x000001
           .idata_c018i.o      idata   0x0000d2       data   0x000000
            .idata_main.o      idata   0x0000d2       data   0x000000
       .idata_usb_stack.o      idata   0x0000d2       data   0x000000
          .idata___init.o      idata   0x0000d2       data   0x000000
          .udata___init.o      udata   0x0000d2       data   0x000000
        .idata_fxd3232u.o      idata   0x0000d2       data   0x000000
        .udata_fxd3232u.o      udata   0x0000d2       data   0x000000
             .udata_cdc.o      udata   0x000100       data   0x000059
                   .stack      udata   0x000300       data   0x000100
                  usb_bdt      udata   0x000400       data   0x000018
                 usb_data      udata   0x000480       data   0x00001a
                usb_data2      udata   0x000500       data   0x000080
                usb_data3      udata   0x000580       data   0x000100
            SFR_UNBANKED0      udata   0x000f66       data   0x00009a



                              Program Memory Usage 
                               Start         End      
                           ---------   ---------      
                            0x000000    0x000005      
                            0x00082a    0x0025e6      
                            0x0025e8    0x002767      
                            0x300000    0x300003      
                            0x300005    0x300006      
                            0x300008    0x30000d      
            8015 out of 33048 program addresses used, program memory utilization is 24%



                              Symbols - Sorted by Name
                     Name    Address   Location    Storage File                     
                ---------  ---------  ---------  --------- ---------                
               ArmCDCInDB   0x00215e    program     extern E:\Work\dp\USB_stack\echo-demo\cdc.c
              ArmCDCOutDB   0x0021be    program     extern E:\Work\dp\USB_stack\echo-demo\cdc.c
            DisArmCDCInDB   0x002194    program     extern E:\Work\dp\USB_stack\echo-demo\cdc.c
           DisArmCDCOutDB   0x002224    program     extern E:\Work\dp\USB_stack\echo-demo\cdc.c
         FAST_usb_handler   0x0016b2    program     extern E:\Work\dp\USB_stack\echo-demo\usb_stack.c
                 FXD3232U   0x0026dc    program     extern C:\MCC18\src\traditional\math\fxd3232u.c
        PEEKusbbufgetbyte   0x002416    program     extern E:\Work\dp\USB_stack\echo-demo\cdc.c
       SendCDC_In_ArmNext   0x0020c8    program     extern E:\Work\dp\USB_stack\echo-demo\cdc.c
                  SendZLP   0x00227e    program     extern E:\Work\dp\USB_stack\echo-demo\cdc.c
               SetupBoard   0x002534    program     extern E:\Work\dp\USB_stack\echo-demo\main.c
           USBDeviceTasks   0x00099a    program     extern E:\Work\dp\USB_stack\echo-demo\usb_stack.c
              WaitInReady   0x001f36    program     extern E:\Work\dp\USB_stack\echo-demo\cdc.c
             WaitOutReady   0x001efe    program     extern E:\Work\dp\USB_stack\echo-demo\cdc.c
              _4jContinue   0x0026ba    program     static C:\MCC18\src\traditional\stdclib\memcpy.asm
                   _5jEnd   0x0026c4    program     static C:\MCC18\src\traditional\stdclib\memcpy.asm
       ___return_lbl00000   0x000004    program     static                          
       ___return_lbl00000   0x002722    program     static                          
       ___return_lbl00001   0x00275e    program     static                          
       ___return_lbl00002   0x002684    program     static                          
               __config_0   0x300000    program     static E:\Work\dp\USB_stack\echo-demo\main.c
               __config_1   0x300001    program     static E:\Work\dp\USB_stack\echo-demo\main.c
              __config_10   0x30000c    program     static E:\Work\dp\USB_stack\echo-demo\main.c
              __config_11   0x30000d    program     static E:\Work\dp\USB_stack\echo-demo\main.c
               __config_2   0x300002    program     static E:\Work\dp\USB_stack\echo-demo\main.c
               __config_3   0x300003    program     static E:\Work\dp\USB_stack\echo-demo\main.c
               __config_4   0x300005    program     static E:\Work\dp\USB_stack\echo-demo\main.c
               __config_5   0x300006    program     static E:\Work\dp\USB_stack\echo-demo\main.c
               __config_6   0x300008    program     static E:\Work\dp\USB_stack\echo-demo\main.c
               __config_7   0x300009    program     static E:\Work\dp\USB_stack\echo-demo\main.c
               __config_8   0x30000a    program     static E:\Work\dp\USB_stack\echo-demo\main.c
               __config_9   0x30000b    program     static E:\Work\dp\USB_stack\echo-demo\main.c
                   __init   0x002760    program     extern C:\MCC18\src\traditional\stdclib\__init.c
            __zero_memory   0x002724    program     extern C:\MCC18\src\traditional\proc\p18F2550.asm
                _do_cinit   0x0025e8    program     extern C:\MCC18\src\traditional\startup\c018i.c
                   _entry   0x000000    program     extern C:\MCC18\src\traditional\startup\c018i.c
                   _false   0x00271e    program     static                          
                 _startup   0x002744    program     extern C:\MCC18\src\traditional\startup\c018i.c
    cdc_config_descriptor   0x002552    program     extern E:\Work\dp\USB_stack\echo-demo\descriptors.h
    cdc_device_descriptor   0x002540    program     extern E:\Work\dp\USB_stack\echo-demo\descriptors.h
      cdc_get_line_coding   0x001da0    program     extern E:\Work\dp\USB_stack\echo-demo\cdc.c
cdc_set_control_line_state_status   0x001ee6    program     extern E:\Work\dp\USB_stack\echo-demo\cdc.c
 cdc_set_line_coding_data   0x001db8    program     extern E:\Work\dp\USB_stack\echo-demo\cdc.c
cdc_set_line_coding_status   0x001ece    program     extern E:\Work\dp\USB_stack\echo-demo\cdc.c
                cdc_setup   0x001bac    program     extern E:\Work\dp\USB_stack\echo-demo\cdc.c
            cdc_str_descs   0x002595    program     extern E:\Work\dp\USB_stack\echo-demo\descriptors.h
                compare_l   0x00273a    program     static C:\MCC18\src\traditional\proc\p18F2550.asm
                copy_loop   0x00265a    program     static                          
            copy_one_byte   0x002660    program     static                          
                     done   0x002684    program     static                          
             done_copying   0x00266e    program     static                          
       getCDC_Out_ArmNext   0x002034    program     extern E:\Work\dp\USB_stack\echo-demo\cdc.c
               getInReady   0x0022c8    program     extern E:\Work\dp\USB_stack\echo-demo\cdc.c
              getOutReady   0x0022b0    program     extern E:\Work\dp\USB_stack\echo-demo\cdc.c
             getsUSBUSART   0x0022e0    program     extern E:\Work\dp\USB_stack\echo-demo\cdc.c
                  initCDC   0x001adc    program     extern E:\Work\dp\USB_stack\echo-demo\cdc.c
                     jEnd   0x0026ca    program     static C:\MCC18\src\traditional\stdclib\memcpy.asm
                    jLoop   0x0026ae    program     static C:\MCC18\src\traditional\stdclib\memcpy.asm
                     loop   0x0026ea    program     static                          
                     loop   0x002754    program     static                          
                   loop_h   0x002732    program     static C:\MCC18\src\traditional\proc\p18F2550.asm
                   loop_l   0x00273c    program     static C:\MCC18\src\traditional\proc\p18F2550.asm
                     main   0x002460    program     extern E:\Work\dp\USB_stack\echo-demo\main.c
                   memcpy   0x002686    program     extern C:\MCC18\src\traditional\stdclib\memcpy.asm
     putFULLARRAYUSBUSART   0x001fea    program     extern E:\Work\dp\USB_stack\echo-demo\cdc.c
     putPARTARRAYUSBUSART   0x001f6e    program     extern E:\Work\dp\USB_stack\echo-demo\cdc.c
                     test   0x002602    program     static                          
         usb_RequestError   0x001950    program     extern E:\Work\dp\USB_stack\echo-demo\usb_stack.c
                  usb_ack   0x001884    program     extern E:\Work\dp\USB_stack\echo-demo\usb_stack.c
             usb_ack_dat1   0x001908    program     extern E:\Work\dp\USB_stack\echo-demo\usb_stack.c
             usb_ack_zero   0x0018be    program     extern E:\Work\dp\USB_stack\echo-demo\usb_stack.c
usb_handle_StandardDeviceRequest   0x000c6e    program     extern E:\Work\dp\USB_stack\echo-demo\usb_stack.c
usb_handle_StandardEndpointRequest   0x00141c    program     extern E:\Work\dp\USB_stack\echo-demo\usb_stack.c
usb_handle_StandardInterfaceRequest   0x0012ba    program     extern E:\Work\dp\USB_stack\echo-demo\usb_stack.c
         usb_handle_error   0x0009d4    program     extern E:\Work\dp\USB_stack\echo-demo\usb_stack.c
            usb_handle_in   0x0016ec    program     extern E:\Work\dp\USB_stack\echo-demo\usb_stack.c
           usb_handle_out   0x001746    program     extern E:\Work\dp\USB_stack\echo-demo\usb_stack.c
         usb_handle_reset   0x0009d8    program     extern E:\Work\dp\USB_stack\echo-demo\usb_stack.c
         usb_handle_setup   0x000b08    program     extern E:\Work\dp\USB_stack\echo-demo\usb_stack.c
   usb_handle_transaction   0x000aa0    program     extern E:\Work\dp\USB_stack\echo-demo\usb_stack.c
              usb_handler   0x00099e    program     extern E:\Work\dp\USB_stack\echo-demo\usb_stack.c
                 usb_init   0x000838    program     extern E:\Work\dp\USB_stack\echo-demo\usb_stack.c
usb_register_class_setup_handler   0x0017cc    program     extern E:\Work\dp\USB_stack\echo-demo\usb_stack.c
 usb_register_sof_handler   0x0017b0    program     extern E:\Work\dp\USB_stack\echo-demo\usb_stack.c
usb_register_vendor_setup_handler   0x0017e8    program     extern E:\Work\dp\USB_stack\echo-demo\usb_stack.c
             usb_send_rom   0x00198a    program     extern E:\Work\dp\USB_stack\echo-demo\usb_stack.c
          usb_set_address   0x00195e    program     extern E:\Work\dp\USB_stack\echo-demo\usb_stack.c
       usb_set_in_handler   0x001804    program     extern E:\Work\dp\USB_stack\echo-demo\usb_stack.c
      usb_set_out_handler   0x001840    program     extern E:\Work\dp\USB_stack\echo-demo\usb_stack.c
                usb_start   0x000986    program     extern E:\Work\dp\USB_stack\echo-demo\usb_stack.c
              usbbufflush   0x002458    program     extern E:\Work\dp\USB_stack\echo-demo\cdc.c
            usbbufgetbyte   0x0023d0    program     extern E:\Work\dp\USB_stack\echo-demo\cdc.c
            usbbufservice   0x0023a4    program     extern E:\Work\dp\USB_stack\echo-demo\cdc.c
     user_configured_init   0x001b08    program     extern E:\Work\dp\USB_stack\echo-demo\cdc.c
               zero_block   0x002732    program     static C:\MCC18\src\traditional\proc\p18F2550.asm
                   ADCON0   0x000fc2       data     extern C:\MCC18\src\traditional\proc\p18F2550.asm
               ADCON0bits   0x000fc2       data     extern C:\MCC18\src\traditional\proc\p18F2550.asm
                   ADCON1   0x000fc1       data     extern C:\MCC18\src\traditional\proc\p18F2550.asm
               ADCON1bits   0x000fc1       data     extern C:\MCC18\src\traditional\proc\p18F2550.asm
                   ADCON2   0x000fc0       data     extern C:\MCC18\src\traditional\proc\p18F2550.asm
               ADCON2bits   0x000fc0       data     extern C:\MCC18\src\traditional\proc\p18F2550.asm
                    ADRES   0x000fc3       data     extern C:\MCC18\src\traditional\proc\p18F2550.asm
                   ADRESH   0x000fc4       data     extern C:\MCC18\src\traditional\proc\p18F2550.asm
                   ADRESL   0x000fc3       data     extern C:\MCC18\src\traditional\proc\p18F2550.asm
                  BAUDCON   0x000fb8       data     extern C:\MCC18\src\traditional\proc\p18F2550.asm
              BAUDCONbits   0x000fb8       data     extern C:\MCC18\src\traditional\proc\p18F2550.asm
                      BSR   0x000fe0       data     extern C:\MCC18\src\traditional\proc\p18F2550.asm
                   CCP1AS   0x000fb6       data     extern C:\MCC18\src\traditional\proc\p18F2550.asm
               CCP1ASbits   0x000fb6       data     extern C:\MCC18\src\traditional\proc\p18F2550.asm
                  CCP1CON   0x000fbd       data     extern C:\MCC18\src\traditional\proc\p18F2550.asm
              CCP1CONbits   0x000fbd       data     extern C:\MCC18\src\traditional\proc\p18F2550.asm
                  CCP1DEL   0x000fb7       data     extern C:\MCC18\src\traditional\proc\p18F2550.asm
              CCP1DELbits   0x000fb7       data     extern C:\MCC18\src\traditional\proc\p18F2550.asm
                  CCP2CON   0x000fba       data     extern C:\MCC18\src\traditional\proc\p18F2550.asm
              CCP2CONbits   0x000fba       data     extern C:\MCC18\src\traditional\proc\p18F2550.asm
                    CCPR1   0x000fbe       data     extern C:\MCC18\src\traditional\proc\p18F2550.asm
                   CCPR1H   0x000fbf       data     extern C:\MCC18\src\traditional\proc\p18F2550.asm
                   CCPR1L   0x000fbe       data     extern C:\MCC18\src\traditional\proc\p18F2550.asm
                    CCPR2   0x000fbb       data     extern C:\MCC18\src\traditional\proc\p18F2550.asm
                   CCPR2H   0x000fbc       data     extern C:\MCC18\src\traditional\proc\p18F2550.asm
                   CCPR2L   0x000fbb       data     extern C:\MCC18\src\traditional\proc\p18F2550.asm
         CDCFunctionError   0x000157       data     extern E:\Work\dp\USB_stack\echo-demo\cdc.c
                    CMCON   0x000fb4       data     extern C:\MCC18\src\traditional\proc\p18F2550.asm
                CMCONbits   0x000fb4       data     extern C:\MCC18\src\traditional\proc\p18F2550.asm
                   CVRCON   0x000fb5       data     extern C:\MCC18\src\traditional\proc\p18F2550.asm
               CVRCONbits   0x000fb5       data     extern C:\MCC18\src\traditional\proc\p18F2550.asm
                     DDRA   0x000f92       data     extern C:\MCC18\src\traditional\proc\p18F2550.asm
                 DDRAbits   0x000f92       data     extern C:\MCC18\src\traditional\proc\p18F2550.asm
                     DDRB   0x000f93       data     extern C:\MCC18\src\traditional\proc\p18F2550.asm
                 DDRBbits   0x000f93       data     extern C:\MCC18\src\traditional\proc\p18F2550.asm
                     DDRC   0x000f94       data     extern C:\MCC18\src\traditional\proc\p18F2550.asm
                 DDRCbits   0x000f94       data     extern C:\MCC18\src\traditional\proc\p18F2550.asm
                  ECCP1AS   0x000fb6       data     extern C:\MCC18\src\traditional\proc\p18F2550.asm
              ECCP1ASbits   0x000fb6       data     extern C:\MCC18\src\traditional\proc\p18F2550.asm
                 ECCP1DEL   0x000fb7       data     extern C:\MCC18\src\traditional\proc\p18F2550.asm
             ECCP1DELbits   0x000fb7       data     extern C:\MCC18\src\traditional\proc\p18F2550.asm
                    EEADR   0x000fa9       data     extern C:\MCC18\src\traditional\proc\p18F2550.asm
                   EECON1   0x000fa6       data     extern C:\MCC18\src\traditional\proc\p18F2550.asm
               EECON1bits   0x000fa6       data     extern C:\MCC18\src\traditional\proc\p18F2550.asm
                   EECON2   0x000fa7       data     extern C:\MCC18\src\traditional\proc\p18F2550.asm
                   EEDATA   0x000fa8       data     extern C:\MCC18\src\traditional\proc\p18F2550.asm
                     FSR0   0x000fe9       data     extern C:\MCC18\src\traditional\proc\p18F2550.asm
                    FSR0H   0x000fea       data     extern C:\MCC18\src\traditional\proc\p18F2550.asm
                    FSR0L   0x000fe9       data     extern C:\MCC18\src\traditional\proc\p18F2550.asm
                     FSR1   0x000fe1       data     extern C:\MCC18\src\traditional\proc\p18F2550.asm
                    FSR1H   0x000fe2       data     extern C:\MCC18\src\traditional\proc\p18F2550.asm
                    FSR1L   0x000fe1       data     extern C:\MCC18\src\traditional\proc\p18F2550.asm
                     FSR2   0x000fd9       data     extern C:\MCC18\src\traditional\proc\p18F2550.asm
                    FSR2H   0x000fda       data     extern C:\MCC18\src\traditional\proc\p18F2550.asm
                    FSR2L   0x000fd9       data     extern C:\MCC18\src\traditional\proc\p18F2550.asm
                  HLVDCON   0x000fd2       data     extern C:\MCC18\src\traditional\proc\p18F2550.asm
              HLVDCONbits   0x000fd2       data     extern C:\MCC18\src\traditional\proc\p18F2550.asm
                    INDF0   0x000fef       data     extern C:\MCC18\src\traditional\proc\p18F2550.asm
                    INDF1   0x000fe7       data     extern C:\MCC18\src\traditional\proc\p18F2550.asm
                    INDF2   0x000fdf       data     extern C:\MCC18\src\traditional\proc\p18F2550.asm
                   INTCON   0x000ff2       data     extern C:\MCC18\src\traditional\proc\p18F2550.asm
                  INTCON2   0x000ff1       data     extern C:\MCC18\src\traditional\proc\p18F2550.asm
              INTCON2bits   0x000ff1       data     extern C:\MCC18\src\traditional\proc\p18F2550.asm
                  INTCON3   0x000ff0       data     extern C:\MCC18\src\traditional\proc\p18F2550.asm
              INTCON3bits   0x000ff0       data     extern C:\MCC18\src\traditional\proc\p18F2550.asm
               INTCONbits   0x000ff2       data     extern C:\MCC18\src\traditional\proc\p18F2550.asm
                     IPR1   0x000f9f       data     extern C:\MCC18\src\traditional\proc\p18F2550.asm
                 IPR1bits   0x000f9f       data     extern C:\MCC18\src\traditional\proc\p18F2550.asm
                     IPR2   0x000fa2       data     extern C:\MCC18\src\traditional\proc\p18F2550.asm
                 IPR2bits   0x000fa2       data     extern C:\MCC18\src\traditional\proc\p18F2550.asm
                    InPtr   0x00014f       data     extern E:\Work\dp\USB_stack\echo-demo\cdc.c
                    Inbdp   0x000155       data     extern E:\Work\dp\USB_stack\echo-demo\cdc.c
              IsInBufferA   0x00014d       data     extern E:\Work\dp\USB_stack\echo-demo\cdc.c
             IsOutBufferA   0x00014e       data     extern E:\Work\dp\USB_stack\echo-demo\cdc.c
                     LATA   0x000f89       data     extern C:\MCC18\src\traditional\proc\p18F2550.asm
                 LATAbits   0x000f89       data     extern C:\MCC18\src\traditional\proc\p18F2550.asm
                     LATB   0x000f8a       data     extern C:\MCC18\src\traditional\proc\p18F2550.asm
                 LATBbits   0x000f8a       data     extern C:\MCC18\src\traditional\proc\p18F2550.asm
                     LATC   0x000f8b       data     extern C:\MCC18\src\traditional\proc\p18F2550.asm
                 LATCbits   0x000f8b       data     extern C:\MCC18\src\traditional\proc\p18F2550.asm
                   LVDCON   0x000fd2       data     extern C:\MCC18\src\traditional\proc\p18F2550.asm
               LVDCONbits   0x000fd2       data     extern C:\MCC18\src\traditional\proc\p18F2550.asm
         LineStateUpdated   0x0000d0       data     extern E:\Work\dp\USB_stack\echo-demo\cdc.c
                   OSCCON   0x000fd3       data     extern C:\MCC18\src\traditional\proc\p18F2550.asm
               OSCCONbits   0x000fd3       data     extern C:\MCC18\src\traditional\proc\p18F2550.asm
                  OSCTUNE   0x000f9b       data     extern C:\MCC18\src\traditional\proc\p18F2550.asm
              OSCTUNEbits   0x000f9b       data     extern C:\MCC18\src\traditional\proc\p18F2550.asm
                   OutPtr   0x000151       data     extern E:\Work\dp\USB_stack\echo-demo\cdc.c
                   Outbdp   0x000153       data     extern E:\Work\dp\USB_stack\echo-demo\cdc.c
                       PC   0x000ff9       data     extern C:\MCC18\src\traditional\proc\p18F2550.asm
                      PCL   0x000ff9       data     extern C:\MCC18\src\traditional\proc\p18F2550.asm
                   PCLATH   0x000ffa       data     extern C:\MCC18\src\traditional\proc\p18F2550.asm
                   PCLATU   0x000ffb       data     extern C:\MCC18\src\traditional\proc\p18F2550.asm
                     PIE1   0x000f9d       data     extern C:\MCC18\src\traditional\proc\p18F2550.asm
                 PIE1bits   0x000f9d       data     extern C:\MCC18\src\traditional\proc\p18F2550.asm
                     PIE2   0x000fa0       data     extern C:\MCC18\src\traditional\proc\p18F2550.asm
                 PIE2bits   0x000fa0       data     extern C:\MCC18\src\traditional\proc\p18F2550.asm
                     PIR1   0x000f9e       data     extern C:\MCC18\src\traditional\proc\p18F2550.asm
                 PIR1bits   0x000f9e       data     extern C:\MCC18\src\traditional\proc\p18F2550.asm
                     PIR2   0x000fa1       data     extern C:\MCC18\src\traditional\proc\p18F2550.asm
                 PIR2bits   0x000fa1       data     extern C:\MCC18\src\traditional\proc\p18F2550.asm
                   PLUSW0   0x000feb       data     extern C:\MCC18\src\traditional\proc\p18F2550.asm
                   PLUSW1   0x000fe3       data     extern C:\MCC18\src\traditional\proc\p18F2550.asm
                   PLUSW2   0x000fdb       data     extern C:\MCC18\src\traditional\proc\p18F2550.asm
                    PORTA   0x000f80       data     extern C:\MCC18\src\traditional\proc\p18F2550.asm
                PORTAbits   0x000f80       data     extern C:\MCC18\src\traditional\proc\p18F2550.asm
                    PORTB   0x000f81       data     extern C:\MCC18\src\traditional\proc\p18F2550.asm
                PORTBbits   0x000f81       data     extern C:\MCC18\src\traditional\proc\p18F2550.asm
                    PORTC   0x000f82       data     extern C:\MCC18\src\traditional\proc\p18F2550.asm
                PORTCbits   0x000f82       data     extern C:\MCC18\src\traditional\proc\p18F2550.asm
                    PORTE   0x000f84       data     extern C:\MCC18\src\traditional\proc\p18F2550.asm
                PORTEbits   0x000f84       data     extern C:\MCC18\src\traditional\proc\p18F2550.asm
                 POSTDEC0   0x000fed       data     extern C:\MCC18\src\traditional\proc\p18F2550.asm
                 POSTDEC1   0x000fe5       data     extern C:\MCC18\src\traditional\proc\p18F2550.asm
                 POSTDEC2   0x000fdd       data     extern C:\MCC18\src\traditional\proc\p18F2550.asm
                 POSTINC0   0x000fee       data     extern C:\MCC18\src\traditional\proc\p18F2550.asm
                 POSTINC1   0x000fe6       data     extern C:\MCC18\src\traditional\proc\p18F2550.asm
                 POSTINC2   0x000fde       data     extern C:\MCC18\src\traditional\proc\p18F2550.asm
                      PR2   0x000fcb       data     extern C:\MCC18\src\traditional\proc\p18F2550.asm
                  PREINC0   0x000fec       data     extern C:\MCC18\src\traditional\proc\p18F2550.asm
                  PREINC1   0x000fe4       data     extern C:\MCC18\src\traditional\proc\p18F2550.asm
                  PREINC2   0x000fdc       data     extern C:\MCC18\src\traditional\proc\p18F2550.asm
                     PROD   0x000ff3       data     extern C:\MCC18\src\traditional\proc\p18F2550.asm
                    PRODH   0x000ff4       data     extern C:\MCC18\src\traditional\proc\p18F2550.asm
                    PRODL   0x000ff3       data     extern C:\MCC18\src\traditional\proc\p18F2550.asm
                     RCON   0x000fd0       data     extern C:\MCC18\src\traditional\proc\p18F2550.asm
                 RCONbits   0x000fd0       data     extern C:\MCC18\src\traditional\proc\p18F2550.asm
                    RCREG   0x000fae       data     extern C:\MCC18\src\traditional\proc\p18F2550.asm
                    RCSTA   0x000fab       data     extern C:\MCC18\src\traditional\proc\p18F2550.asm
                RCSTAbits   0x000fab       data     extern C:\MCC18\src\traditional\proc\p18F2550.asm
                     SIGN   0x00000e       data     extern C:\MCC18\src\traditional\math\cmath18.asm
                    SPBRG   0x000faf       data     extern C:\MCC18\src\traditional\proc\p18F2550.asm
                   SPBRGH   0x000fb0       data     extern C:\MCC18\src\traditional\proc\p18F2550.asm
                   SSPADD   0x000fc8       data     extern C:\MCC18\src\traditional\proc\p18F2550.asm
                   SSPBUF   0x000fc9       data     extern C:\MCC18\src\traditional\proc\p18F2550.asm
                  SSPCON1   0x000fc6       data     extern C:\MCC18\src\traditional\proc\p18F2550.asm
              SSPCON1bits   0x000fc6       data     extern C:\MCC18\src\traditional\proc\p18F2550.asm
                  SSPCON2   0x000fc5       data     extern C:\MCC18\src\traditional\proc\p18F2550.asm
              SSPCON2bits   0x000fc5       data     extern C:\MCC18\src\traditional\proc\p18F2550.asm
                  SSPSTAT   0x000fc7       data     extern C:\MCC18\src\traditional\proc\p18F2550.asm
              SSPSTATbits   0x000fc7       data     extern C:\MCC18\src\traditional\proc\p18F2550.asm
                   STATUS   0x000fd8       data     extern C:\MCC18\src\traditional\proc\p18F2550.asm
               STATUSbits   0x000fd8       data     extern C:\MCC18\src\traditional\proc\p18F2550.asm
                   STKPTR   0x000ffc       data     extern C:\MCC18\src\traditional\proc\p18F2550.asm
               STKPTRbits   0x000ffc       data     extern C:\MCC18\src\traditional\proc\p18F2550.asm
                    T0CON   0x000fd5       data     extern C:\MCC18\src\traditional\proc\p18F2550.asm
                T0CONbits   0x000fd5       data     extern C:\MCC18\src\traditional\proc\p18F2550.asm
                    T1CON   0x000fcd       data     extern C:\MCC18\src\traditional\proc\p18F2550.asm
                T1CONbits   0x000fcd       data     extern C:\MCC18\src\traditional\proc\p18F2550.asm
                    T2CON   0x000fca       data     extern C:\MCC18\src\traditional\proc\p18F2550.asm
                T2CONbits   0x000fca       data     extern C:\MCC18\src\traditional\proc\p18F2550.asm
                    T3CON   0x000fb1       data     extern C:\MCC18\src\traditional\proc\p18F2550.asm
                T3CONbits   0x000fb1       data     extern C:\MCC18\src\traditional\proc\p18F2550.asm
                   TABLAT   0x000ff5       data     extern C:\MCC18\src\traditional\proc\p18F2550.asm
                   TBLPTR   0x000ff6       data     extern C:\MCC18\src\traditional\proc\p18F2550.asm
                  TBLPTRH   0x000ff7       data     extern C:\MCC18\src\traditional\proc\p18F2550.asm
                  TBLPTRL   0x000ff6       data     extern C:\MCC18\src\traditional\proc\p18F2550.asm
                  TBLPTRU   0x000ff8       data     extern C:\MCC18\src\traditional\proc\p18F2550.asm
                    TMR0H   0x000fd7       data     extern C:\MCC18\src\traditional\proc\p18F2550.asm
                    TMR0L   0x000fd6       data     extern C:\MCC18\src\traditional\proc\p18F2550.asm
                    TMR1H   0x000fcf       data     extern C:\MCC18\src\traditional\proc\p18F2550.asm
                    TMR1L   0x000fce       data     extern C:\MCC18\src\traditional\proc\p18F2550.asm
                     TMR2   0x000fcc       data     extern C:\MCC18\src\traditional\proc\p18F2550.asm
                    TMR3H   0x000fb3       data     extern C:\MCC18\src\traditional\proc\p18F2550.asm
                    TMR3L   0x000fb2       data     extern C:\MCC18\src\traditional\proc\p18F2550.asm
                      TOS   0x000ffd       data     extern C:\MCC18\src\traditional\proc\p18F2550.asm
                     TOSH   0x000ffe       data     extern C:\MCC18\src\traditional\proc\p18F2550.asm
                     TOSL   0x000ffd       data     extern C:\MCC18\src\traditional\proc\p18F2550.asm
                     TOSU   0x000fff       data     extern C:\MCC18\src\traditional\proc\p18F2550.asm
                    TRISA   0x000f92       data     extern C:\MCC18\src\traditional\proc\p18F2550.asm
                TRISAbits   0x000f92       data     extern C:\MCC18\src\traditional\proc\p18F2550.asm
                    TRISB   0x000f93       data     extern C:\MCC18\src\traditional\proc\p18F2550.asm
                TRISBbits   0x000f93       data     extern C:\MCC18\src\traditional\proc\p18F2550.asm
                    TRISC   0x000f94       data     extern C:\MCC18\src\traditional\proc\p18F2550.asm
                TRISCbits   0x000f94       data     extern C:\MCC18\src\traditional\proc\p18F2550.asm
                    TXREG   0x000fad       data     extern C:\MCC18\src\traditional\proc\p18F2550.asm
                    TXSTA   0x000fac       data     extern C:\MCC18\src\traditional\proc\p18F2550.asm
                TXSTAbits   0x000fac       data     extern C:\MCC18\src\traditional\proc\p18F2550.asm
                    UADDR   0x000f6e       data     extern C:\MCC18\src\traditional\proc\p18F2550.asm
                UADDRbits   0x000f6e       data     extern C:\MCC18\src\traditional\proc\p18F2550.asm
                     UCFG   0x000f6f       data     extern C:\MCC18\src\traditional\proc\p18F2550.asm
                 UCFGbits   0x000f6f       data     extern C:\MCC18\src\traditional\proc\p18F2550.asm
                     UCON   0x000f6d       data     extern C:\MCC18\src\traditional\proc\p18F2550.asm
                 UCONbits   0x000f6d       data     extern C:\MCC18\src\traditional\proc\p18F2550.asm
                     UEIE   0x000f6b       data     extern C:\MCC18\src\traditional\proc\p18F2550.asm
                 UEIEbits   0x000f6b       data     extern C:\MCC18\src\traditional\proc\p18F2550.asm
                     UEIR   0x000f6a       data     extern C:\MCC18\src\traditional\proc\p18F2550.asm
                 UEIRbits   0x000f6a       data     extern C:\MCC18\src\traditional\proc\p18F2550.asm
                     UEP0   0x000f70       data     extern C:\MCC18\src\traditional\proc\p18F2550.asm
                 UEP0bits   0x000f70       data     extern C:\MCC18\src\traditional\proc\p18F2550.asm
                     UEP1   0x000f71       data     extern C:\MCC18\src\traditional\proc\p18F2550.asm
                    UEP10   0x000f7a       data     extern C:\MCC18\src\traditional\proc\p18F2550.asm
                UEP10bits   0x000f7a       data     extern C:\MCC18\src\traditional\proc\p18F2550.asm
                    UEP11   0x000f7b       data     extern C:\MCC18\src\traditional\proc\p18F2550.asm
                UEP11bits   0x000f7b       data     extern C:\MCC18\src\traditional\proc\p18F2550.asm
                    UEP12   0x000f7c       data     extern C:\MCC18\src\traditional\proc\p18F2550.asm
                UEP12bits   0x000f7c       data     extern C:\MCC18\src\traditional\proc\p18F2550.asm
                    UEP13   0x000f7d       data     extern C:\MCC18\src\traditional\proc\p18F2550.asm
                UEP13bits   0x000f7d       data     extern C:\MCC18\src\traditional\proc\p18F2550.asm
                    UEP14   0x000f7e       data     extern C:\MCC18\src\traditional\proc\p18F2550.asm
                UEP14bits   0x000f7e       data     extern C:\MCC18\src\traditional\proc\p18F2550.asm
                    UEP15   0x000f7f       data     extern C:\MCC18\src\traditional\proc\p18F2550.asm
                UEP15bits   0x000f7f       data     extern C:\MCC18\src\traditional\proc\p18F2550.asm
                 UEP1bits   0x000f71       data     extern C:\MCC18\src\traditional\proc\p18F2550.asm
                     UEP2   0x000f72       data     extern C:\MCC18\src\traditional\proc\p18F2550.asm
                 UEP2bits   0x000f72       data     extern C:\MCC18\src\traditional\proc\p18F2550.asm
                     UEP3   0x000f73       data     extern C:\MCC18\src\traditional\proc\p18F2550.asm
                 UEP3bits   0x000f73       data     extern C:\MCC18\src\traditional\proc\p18F2550.asm
                     UEP4   0x000f74       data     extern C:\MCC18\src\traditional\proc\p18F2550.asm
                 UEP4bits   0x000f74       data     extern C:\MCC18\src\traditional\proc\p18F2550.asm
                     UEP5   0x000f75       data     extern C:\MCC18\src\traditional\proc\p18F2550.asm
                 UEP5bits   0x000f75       data     extern C:\MCC18\src\traditional\proc\p18F2550.asm
                     UEP6   0x000f76       data     extern C:\MCC18\src\traditional\proc\p18F2550.asm
                 UEP6bits   0x000f76       data     extern C:\MCC18\src\traditional\proc\p18F2550.asm
                     UEP7   0x000f77       data     extern C:\MCC18\src\traditional\proc\p18F2550.asm
                 UEP7bits   0x000f77       data     extern C:\MCC18\src\traditional\proc\p18F2550.asm
                     UEP8   0x000f78       data     extern C:\MCC18\src\traditional\proc\p18F2550.asm
                 UEP8bits   0x000f78       data     extern C:\MCC18\src\traditional\proc\p18F2550.asm
                     UEP9   0x000f79       data     extern C:\MCC18\src\traditional\proc\p18F2550.asm
                 UEP9bits   0x000f79       data     extern C:\MCC18\src\traditional\proc\p18F2550.asm
                     UFRM   0x000f66       data     extern C:\MCC18\src\traditional\proc\p18F2550.asm
                    UFRMH   0x000f67       data     extern C:\MCC18\src\traditional\proc\p18F2550.asm
                UFRMHbits   0x000f67       data     extern C:\MCC18\src\traditional\proc\p18F2550.asm
                    UFRML   0x000f66       data     extern C:\MCC18\src\traditional\proc\p18F2550.asm
                UFRMLbits   0x000f66       data     extern C:\MCC18\src\traditional\proc\p18F2550.asm
                      UIE   0x000f69       data     extern C:\MCC18\src\traditional\proc\p18F2550.asm
                  UIEbits   0x000f69       data     extern C:\MCC18\src\traditional\proc\p18F2550.asm
                      UIR   0x000f68       data     extern C:\MCC18\src\traditional\proc\p18F2550.asm
                  UIRbits   0x000f68       data     extern C:\MCC18\src\traditional\proc\p18F2550.asm
                    USTAT   0x000f6c       data     extern C:\MCC18\src\traditional\proc\p18F2550.asm
                USTATbits   0x000f6c       data     extern C:\MCC18\src\traditional\proc\p18F2550.asm
                   WDTCON   0x000fd1       data     extern C:\MCC18\src\traditional\proc\p18F2550.asm
               WDTCONbits   0x000fd1       data     extern C:\MCC18\src\traditional\proc\p18F2550.asm
                     WREG   0x000fe8       data     extern C:\MCC18\src\traditional\proc\p18F2550.asm
                 __AARGB0   0x000007       data     extern C:\MCC18\src\traditional\math\aarg.asm
                 __AARGB1   0x000006       data     extern C:\MCC18\src\traditional\math\aarg.asm
                 __AARGB2   0x000005       data     extern C:\MCC18\src\traditional\math\aarg.asm
                 __AARGB3   0x000004       data     extern C:\MCC18\src\traditional\math\aarg.asm
                 __AARGB4   0x000003       data     extern C:\MCC18\src\traditional\math\aarg.asm
                 __AARGB5   0x000002       data     extern C:\MCC18\src\traditional\math\aarg.asm
                 __AARGB6   0x000001       data     extern C:\MCC18\src\traditional\math\aarg.asm
                 __AARGB7   0x000000       data     extern C:\MCC18\src\traditional\math\aarg.asm
                   __AEXP   0x000008       data     extern C:\MCC18\src\traditional\math\aarg.asm
                 __BARGB0   0x00000c       data     extern C:\MCC18\src\traditional\math\barg.asm
                 __BARGB1   0x00000b       data     extern C:\MCC18\src\traditional\math\barg.asm
                 __BARGB2   0x00000a       data     extern C:\MCC18\src\traditional\math\barg.asm
                 __BARGB3   0x000009       data     extern C:\MCC18\src\traditional\math\barg.asm
                   __BEXP   0x00000d       data     extern C:\MCC18\src\traditional\math\barg.asm
                __FPFLAGS   0x00000f       data     extern C:\MCC18\src\traditional\math\cmath18.asm
            __FPFLAGSbits   0x00000f       data     extern C:\MCC18\src\traditional\math\cmath18.asm
                  __REMB0   0x000003       data     extern C:\MCC18\src\traditional\math\aarg.asm
                  __REMB1   0x000002       data     extern C:\MCC18\src\traditional\math\aarg.asm
                  __REMB2   0x000001       data     extern C:\MCC18\src\traditional\math\aarg.asm
                  __REMB3   0x000000       data     extern C:\MCC18\src\traditional\math\aarg.asm
                  __tmp_0   0x000010       data     static E:\Work\dp\USB_stack\echo-demo\main.c
                  __tmp_0   0x000010       data     static E:\Work\dp\USB_stack\echo-demo\usb_stack.c
                  __tmp_0   0x000010       data     static E:\Work\dp\USB_stack\echo-demo\cdc.c
                      bdp   0x0000b8       data     extern E:\Work\dp\USB_stack\echo-demo\usb_stack.c
            cdc_In_buffer   0x000500       data     extern E:\Work\dp\USB_stack\echo-demo\cdc.c
           cdc_In_bufferA   0x000580       data     extern E:\Work\dp\USB_stack\echo-demo\cdc.c
           cdc_In_bufferB   0x0005c0       data     extern E:\Work\dp\USB_stack\echo-demo\cdc.c
               cdc_In_len   0x00014b       data     extern E:\Work\dp\USB_stack\echo-demo\cdc.c
           cdc_Out_buffer   0x000540       data     extern E:\Work\dp\USB_stack\echo-demo\cdc.c
          cdc_Out_bufferA   0x000600       data     extern E:\Work\dp\USB_stack\echo-demo\cdc.c
          cdc_Out_bufferB   0x000640       data     extern E:\Work\dp\USB_stack\echo-demo\cdc.c
              cdc_Out_len   0x00014c       data     extern E:\Work\dp\USB_stack\echo-demo\cdc.c
        cdc_acm_in_buffer   0x000490       data     extern E:\Work\dp\USB_stack\echo-demo\cdc.c
            cdc_trf_state   0x000158       data     extern E:\Work\dp\USB_stack\echo-demo\cdc.c
      class_setup_handler   0x00006d       data     extern E:\Work\dp\USB_stack\echo-demo\usb_stack.c
                      cls   0x000149       data     extern E:\Work\dp\USB_stack\echo-demo\cdc.c
                curr_byte   0x0000c4       data     static C:\MCC18\src\traditional\startup\c018i.c
               curr_entry   0x0000c6       data     static C:\MCC18\src\traditional\startup\c018i.c
                 data_ptr   0x0000c8       data     static C:\MCC18\src\traditional\startup\c018i.c
                endpoints   0x000071       data     extern E:\Work\dp\USB_stack\echo-demo\usb_stack.c
                   inByte   0x0000d1       data     extern E:\Work\dp\USB_stack\echo-demo\main.c
              linecodeing   0x000100       data     extern E:\Work\dp\USB_stack\echo-demo\cdc.c
               parity_str   0x0000cb       data     extern E:\Work\dp\USB_stack\echo-demo\cdc.c
                     prom   0x0000c1       data     static C:\MCC18\src\traditional\startup\c018i.c
                     rbdp   0x0000ba       data     extern E:\Work\dp\USB_stack\echo-demo\usb_stack.c
              sof_handler   0x00006b       data     extern E:\Work\dp\USB_stack\echo-demo\usb_stack.c
               trn_status   0x0000b7       data     extern E:\Work\dp\USB_stack\echo-demo\usb_stack.c
         usb_addr_pending   0x0000b6       data     extern E:\Work\dp\USB_stack\echo-demo\usb_stack.c
                  usb_bdt   0x000400       data     extern E:\Work\dp\USB_stack\echo-demo\usb_stack.c
    usb_config_descriptor   0x000063       data     extern E:\Work\dp\USB_stack\echo-demo\usb_stack.c
          usb_current_cfg   0x0000b3       data     extern E:\Work\dp\USB_stack\echo-demo\usb_stack.c
    usb_device_descriptor   0x000060       data     extern E:\Work\dp\USB_stack\echo-demo\usb_stack.c
         usb_device_state   0x0000b5       data     extern E:\Work\dp\USB_stack\echo-demo\usb_stack.c
        usb_device_status   0x0000b1       data     extern E:\Work\dp\USB_stack\echo-demo\usb_stack.c
           usb_ep0_in_buf   0x000488       data     extern E:\Work\dp\USB_stack\echo-demo\usb_stack.c
          usb_ep0_out_buf   0x000480       data     extern E:\Work\dp\USB_stack\echo-demo\usb_stack.c
usb_num_string_descriptors   0x000069       data     extern E:\Work\dp\USB_stack\echo-demo\usb_stack.c
              usb_rom_len   0x0000bf       data     extern E:\Work\dp\USB_stack\echo-demo\usb_stack.c
              usb_rom_ptr   0x0000bc       data     extern E:\Work\dp\USB_stack\echo-demo\usb_stack.c
    usb_string_descriptor   0x000066       data     extern E:\Work\dp\USB_stack\echo-demo\usb_stack.c
                   usbbuf   0x000107       data     static E:\Work\dp\USB_stack\echo-demo\cdc.c
     vendor_setup_handler   0x00006f       data     extern E:\Work\dp\USB_stack\echo-demo\usb_stack.c



                              Symbols - Sorted by Address
                     Name    Address   Location    Storage File                     
                ---------  ---------  ---------  --------- ---------                
                   _entry   0x000000    program     extern C:\MCC18\src\traditional\startup\c018i.c
       ___return_lbl00000   0x000004    program     static                          
                 usb_init   0x000838    program     extern E:\Work\dp\USB_stack\echo-demo\usb_stack.c
                usb_start   0x000986    program     extern E:\Work\dp\USB_stack\echo-demo\usb_stack.c
           USBDeviceTasks   0x00099a    program     extern E:\Work\dp\USB_stack\echo-demo\usb_stack.c
              usb_handler   0x00099e    program     extern E:\Work\dp\USB_stack\echo-demo\usb_stack.c
         usb_handle_error   0x0009d4    program     extern E:\Work\dp\USB_stack\echo-demo\usb_stack.c
         usb_handle_reset   0x0009d8    program     extern E:\Work\dp\USB_stack\echo-demo\usb_stack.c
   usb_handle_transaction   0x000aa0    program     extern E:\Work\dp\USB_stack\echo-demo\usb_stack.c
         usb_handle_setup   0x000b08    program     extern E:\Work\dp\USB_stack\echo-demo\usb_stack.c
usb_handle_StandardDeviceRequest   0x000c6e    program     extern E:\Work\dp\USB_stack\echo-demo\usb_stack.c
usb_handle_StandardInterfaceRequest   0x0012ba    program     extern E:\Work\dp\USB_stack\echo-demo\usb_stack.c
usb_handle_StandardEndpointRequest   0x00141c    program     extern E:\Work\dp\USB_stack\echo-demo\usb_stack.c
         FAST_usb_handler   0x0016b2    program     extern E:\Work\dp\USB_stack\echo-demo\usb_stack.c
            usb_handle_in   0x0016ec    program     extern E:\Work\dp\USB_stack\echo-demo\usb_stack.c
           usb_handle_out   0x001746    program     extern E:\Work\dp\USB_stack\echo-demo\usb_stack.c
 usb_register_sof_handler   0x0017b0    program     extern E:\Work\dp\USB_stack\echo-demo\usb_stack.c
usb_register_class_setup_handler   0x0017cc    program     extern E:\Work\dp\USB_stack\echo-demo\usb_stack.c
usb_register_vendor_setup_handler   0x0017e8    program     extern E:\Work\dp\USB_stack\echo-demo\usb_stack.c
       usb_set_in_handler   0x001804    program     extern E:\Work\dp\USB_stack\echo-demo\usb_stack.c
      usb_set_out_handler   0x001840    program     extern E:\Work\dp\USB_stack\echo-demo\usb_stack.c
                  usb_ack   0x001884    program     extern E:\Work\dp\USB_stack\echo-demo\usb_stack.c
             usb_ack_zero   0x0018be    program     extern E:\Work\dp\USB_stack\echo-demo\usb_stack.c
             usb_ack_dat1   0x001908    program     extern E:\Work\dp\USB_stack\echo-demo\usb_stack.c
         usb_RequestError   0x001950    program     extern E:\Work\dp\USB_stack\echo-demo\usb_stack.c
          usb_set_address   0x00195e    program     extern E:\Work\dp\USB_stack\echo-demo\usb_stack.c
             usb_send_rom   0x00198a    program     extern E:\Work\dp\USB_stack\echo-demo\usb_stack.c
                  initCDC   0x001adc    program     extern E:\Work\dp\USB_stack\echo-demo\cdc.c
     user_configured_init   0x001b08    program     extern E:\Work\dp\USB_stack\echo-demo\cdc.c
                cdc_setup   0x001bac    program     extern E:\Work\dp\USB_stack\echo-demo\cdc.c
      cdc_get_line_coding   0x001da0    program     extern E:\Work\dp\USB_stack\echo-demo\cdc.c
 cdc_set_line_coding_data   0x001db8    program     extern E:\Work\dp\USB_stack\echo-demo\cdc.c
cdc_set_line_coding_status   0x001ece    program     extern E:\Work\dp\USB_stack\echo-demo\cdc.c
cdc_set_control_line_state_status   0x001ee6    program     extern E:\Work\dp\USB_stack\echo-demo\cdc.c
             WaitOutReady   0x001efe    program     extern E:\Work\dp\USB_stack\echo-demo\cdc.c
              WaitInReady   0x001f36    program     extern E:\Work\dp\USB_stack\echo-demo\cdc.c
     putPARTARRAYUSBUSART   0x001f6e    program     extern E:\Work\dp\USB_stack\echo-demo\cdc.c
     putFULLARRAYUSBUSART   0x001fea    program     extern E:\Work\dp\USB_stack\echo-demo\cdc.c
       getCDC_Out_ArmNext   0x002034    program     extern E:\Work\dp\USB_stack\echo-demo\cdc.c
       SendCDC_In_ArmNext   0x0020c8    program     extern E:\Work\dp\USB_stack\echo-demo\cdc.c
               ArmCDCInDB   0x00215e    program     extern E:\Work\dp\USB_stack\echo-demo\cdc.c
            DisArmCDCInDB   0x002194    program     extern E:\Work\dp\USB_stack\echo-demo\cdc.c
              ArmCDCOutDB   0x0021be    program     extern E:\Work\dp\USB_stack\echo-demo\cdc.c
           DisArmCDCOutDB   0x002224    program     extern E:\Work\dp\USB_stack\echo-demo\cdc.c
                  SendZLP   0x00227e    program     extern E:\Work\dp\USB_stack\echo-demo\cdc.c
              getOutReady   0x0022b0    program     extern E:\Work\dp\USB_stack\echo-demo\cdc.c
               getInReady   0x0022c8    program     extern E:\Work\dp\USB_stack\echo-demo\cdc.c
             getsUSBUSART   0x0022e0    program     extern E:\Work\dp\USB_stack\echo-demo\cdc.c
            usbbufservice   0x0023a4    program     extern E:\Work\dp\USB_stack\echo-demo\cdc.c
            usbbufgetbyte   0x0023d0    program     extern E:\Work\dp\USB_stack\echo-demo\cdc.c
        PEEKusbbufgetbyte   0x002416    program     extern E:\Work\dp\USB_stack\echo-demo\cdc.c
              usbbufflush   0x002458    program     extern E:\Work\dp\USB_stack\echo-demo\cdc.c
                     main   0x002460    program     extern E:\Work\dp\USB_stack\echo-demo\main.c
               SetupBoard   0x002534    program     extern E:\Work\dp\USB_stack\echo-demo\main.c
    cdc_device_descriptor   0x002540    program     extern E:\Work\dp\USB_stack\echo-demo\descriptors.h
    cdc_config_descriptor   0x002552    program     extern E:\Work\dp\USB_stack\echo-demo\descriptors.h
            cdc_str_descs   0x002595    program     extern E:\Work\dp\USB_stack\echo-demo\descriptors.h
                _do_cinit   0x0025e8    program     extern C:\MCC18\src\traditional\startup\c018i.c
                     test   0x002602    program     static                          
                copy_loop   0x00265a    program     static                          
            copy_one_byte   0x002660    program     static                          
             done_copying   0x00266e    program     static                          
       ___return_lbl00002   0x002684    program     static                          
                     done   0x002684    program     static                          
                   memcpy   0x002686    program     extern C:\MCC18\src\traditional\stdclib\memcpy.asm
                    jLoop   0x0026ae    program     static C:\MCC18\src\traditional\stdclib\memcpy.asm
              _4jContinue   0x0026ba    program     static C:\MCC18\src\traditional\stdclib\memcpy.asm
                   _5jEnd   0x0026c4    program     static C:\MCC18\src\traditional\stdclib\memcpy.asm
                     jEnd   0x0026ca    program     static C:\MCC18\src\traditional\stdclib\memcpy.asm
                 FXD3232U   0x0026dc    program     extern C:\MCC18\src\traditional\math\fxd3232u.c
                     loop   0x0026ea    program     static                          
                   _false   0x00271e    program     static                          
       ___return_lbl00000   0x002722    program     static                          
            __zero_memory   0x002724    program     extern C:\MCC18\src\traditional\proc\p18F2550.asm
                   loop_h   0x002732    program     static C:\MCC18\src\traditional\proc\p18F2550.asm
               zero_block   0x002732    program     static C:\MCC18\src\traditional\proc\p18F2550.asm
                compare_l   0x00273a    program     static C:\MCC18\src\traditional\proc\p18F2550.asm
                   loop_l   0x00273c    program     static C:\MCC18\src\traditional\proc\p18F2550.asm
                 _startup   0x002744    program     extern C:\MCC18\src\traditional\startup\c018i.c
                     loop   0x002754    program     static                          
       ___return_lbl00001   0x00275e    program     static                          
                   __init   0x002760    program     extern C:\MCC18\src\traditional\stdclib\__init.c
               __config_0   0x300000    program     static E:\Work\dp\USB_stack\echo-demo\main.c
               __config_1   0x300001    program     static E:\Work\dp\USB_stack\echo-demo\main.c
               __config_2   0x300002    program     static E:\Work\dp\USB_stack\echo-demo\main.c
               __config_3   0x300003    program     static E:\Work\dp\USB_stack\echo-demo\main.c
               __config_4   0x300005    program     static E:\Work\dp\USB_stack\echo-demo\main.c
               __config_5   0x300006    program     static E:\Work\dp\USB_stack\echo-demo\main.c
               __config_6   0x300008    program     static E:\Work\dp\USB_stack\echo-demo\main.c
               __config_7   0x300009    program     static E:\Work\dp\USB_stack\echo-demo\main.c
               __config_8   0x30000a    program     static E:\Work\dp\USB_stack\echo-demo\main.c
               __config_9   0x30000b    program     static E:\Work\dp\USB_stack\echo-demo\main.c
              __config_10   0x30000c    program     static E:\Work\dp\USB_stack\echo-demo\main.c
              __config_11   0x30000d    program     static E:\Work\dp\USB_stack\echo-demo\main.c
                 __AARGB7   0x000000       data     extern C:\MCC18\src\traditional\math\aarg.asm
                  __REMB3   0x000000       data     extern C:\MCC18\src\traditional\math\aarg.asm
                  __REMB2   0x000001       data     extern C:\MCC18\src\traditional\math\aarg.asm
                 __AARGB6   0x000001       data     extern C:\MCC18\src\traditional\math\aarg.asm
                  __REMB1   0x000002       data     extern C:\MCC18\src\traditional\math\aarg.asm
                 __AARGB5   0x000002       data     extern C:\MCC18\src\traditional\math\aarg.asm
                 __AARGB4   0x000003       data     extern C:\MCC18\src\traditional\math\aarg.asm
                  __REMB0   0x000003       data     extern C:\MCC18\src\traditional\math\aarg.asm
                 __AARGB3   0x000004       data     extern C:\MCC18\src\traditional\math\aarg.asm
                 __AARGB2   0x000005       data     extern C:\MCC18\src\traditional\math\aarg.asm
                 __AARGB1   0x000006       data     extern C:\MCC18\src\traditional\math\aarg.asm
                 __AARGB0   0x000007       data     extern C:\MCC18\src\traditional\math\aarg.asm
                   __AEXP   0x000008       data     extern C:\MCC18\src\traditional\math\aarg.asm
                 __BARGB3   0x000009       data     extern C:\MCC18\src\traditional\math\barg.asm
                 __BARGB2   0x00000a       data     extern C:\MCC18\src\traditional\math\barg.asm
                 __BARGB1   0x00000b       data     extern C:\MCC18\src\traditional\math\barg.asm
                 __BARGB0   0x00000c       data     extern C:\MCC18\src\traditional\math\barg.asm
                   __BEXP   0x00000d       data     extern C:\MCC18\src\traditional\math\barg.asm
                     SIGN   0x00000e       data     extern C:\MCC18\src\traditional\math\cmath18.asm
                __FPFLAGS   0x00000f       data     extern C:\MCC18\src\traditional\math\cmath18.asm
            __FPFLAGSbits   0x00000f       data     extern C:\MCC18\src\traditional\math\cmath18.asm
                  __tmp_0   0x000010       data     static E:\Work\dp\USB_stack\echo-demo\main.c
                  __tmp_0   0x000010       data     static E:\Work\dp\USB_stack\echo-demo\usb_stack.c
                  __tmp_0   0x000010       data     static E:\Work\dp\USB_stack\echo-demo\cdc.c
    usb_device_descriptor   0x000060       data     extern E:\Work\dp\USB_stack\echo-demo\usb_stack.c
    usb_config_descriptor   0x000063       data     extern E:\Work\dp\USB_stack\echo-demo\usb_stack.c
    usb_string_descriptor   0x000066       data     extern E:\Work\dp\USB_stack\echo-demo\usb_stack.c
usb_num_string_descriptors   0x000069       data     extern E:\Work\dp\USB_stack\echo-demo\usb_stack.c
              sof_handler   0x00006b       data     extern E:\Work\dp\USB_stack\echo-demo\usb_stack.c
      class_setup_handler   0x00006d       data     extern E:\Work\dp\USB_stack\echo-demo\usb_stack.c
     vendor_setup_handler   0x00006f       data     extern E:\Work\dp\USB_stack\echo-demo\usb_stack.c
                endpoints   0x000071       data     extern E:\Work\dp\USB_stack\echo-demo\usb_stack.c
        usb_device_status   0x0000b1       data     extern E:\Work\dp\USB_stack\echo-demo\usb_stack.c
          usb_current_cfg   0x0000b3       data     extern E:\Work\dp\USB_stack\echo-demo\usb_stack.c
         usb_device_state   0x0000b5       data     extern E:\Work\dp\USB_stack\echo-demo\usb_stack.c
         usb_addr_pending   0x0000b6       data     extern E:\Work\dp\USB_stack\echo-demo\usb_stack.c
               trn_status   0x0000b7       data     extern E:\Work\dp\USB_stack\echo-demo\usb_stack.c
                      bdp   0x0000b8       data     extern E:\Work\dp\USB_stack\echo-demo\usb_stack.c
                     rbdp   0x0000ba       data     extern E:\Work\dp\USB_stack\echo-demo\usb_stack.c
              usb_rom_ptr   0x0000bc       data     extern E:\Work\dp\USB_stack\echo-demo\usb_stack.c
              usb_rom_len   0x0000bf       data     extern E:\Work\dp\USB_stack\echo-demo\usb_stack.c
                     prom   0x0000c1       data     static C:\MCC18\src\traditional\startup\c018i.c
                curr_byte   0x0000c4       data     static C:\MCC18\src\traditional\startup\c018i.c
               curr_entry   0x0000c6       data     static C:\MCC18\src\traditional\startup\c018i.c
                 data_ptr   0x0000c8       data     static C:\MCC18\src\traditional\startup\c018i.c
               parity_str   0x0000cb       data     extern E:\Work\dp\USB_stack\echo-demo\cdc.c
         LineStateUpdated   0x0000d0       data     extern E:\Work\dp\USB_stack\echo-demo\cdc.c
                   inByte   0x0000d1       data     extern E:\Work\dp\USB_stack\echo-demo\main.c
              linecodeing   0x000100       data     extern E:\Work\dp\USB_stack\echo-demo\cdc.c
                   usbbuf   0x000107       data     static E:\Work\dp\USB_stack\echo-demo\cdc.c
                      cls   0x000149       data     extern E:\Work\dp\USB_stack\echo-demo\cdc.c
               cdc_In_len   0x00014b       data     extern E:\Work\dp\USB_stack\echo-demo\cdc.c
              cdc_Out_len   0x00014c       data     extern E:\Work\dp\USB_stack\echo-demo\cdc.c
              IsInBufferA   0x00014d       data     extern E:\Work\dp\USB_stack\echo-demo\cdc.c
             IsOutBufferA   0x00014e       data     extern E:\Work\dp\USB_stack\echo-demo\cdc.c
                    InPtr   0x00014f       data     extern E:\Work\dp\USB_stack\echo-demo\cdc.c
                   OutPtr   0x000151       data     extern E:\Work\dp\USB_stack\echo-demo\cdc.c
                   Outbdp   0x000153       data     extern E:\Work\dp\USB_stack\echo-demo\cdc.c
                    Inbdp   0x000155       data     extern E:\Work\dp\USB_stack\echo-demo\cdc.c
         CDCFunctionError   0x000157       data     extern E:\Work\dp\USB_stack\echo-demo\cdc.c
            cdc_trf_state   0x000158       data     extern E:\Work\dp\USB_stack\echo-demo\cdc.c
                  usb_bdt   0x000400       data     extern E:\Work\dp\USB_stack\echo-demo\usb_stack.c
          usb_ep0_out_buf   0x000480       data     extern E:\Work\dp\USB_stack\echo-demo\usb_stack.c
           usb_ep0_in_buf   0x000488       data     extern E:\Work\dp\USB_stack\echo-demo\usb_stack.c
        cdc_acm_in_buffer   0x000490       data     extern E:\Work\dp\USB_stack\echo-demo\cdc.c
            cdc_In_buffer   0x000500       data     extern E:\Work\dp\USB_stack\echo-demo\cdc.c
           cdc_Out_buffer   0x000540       data     extern E:\Work\dp\USB_stack\echo-demo\cdc.c
           cdc_In_bufferA   0x000580       data     extern E:\Work\dp\USB_stack\echo-demo\cdc.c
           cdc_In_bufferB   0x0005c0       data     extern E:\Work\dp\USB_stack\echo-demo\cdc.c
          cdc_Out_bufferA   0x000600       data     extern E:\Work\dp\USB_stack\echo-demo\cdc.c
          cdc_Out_bufferB   0x000640       data     extern E:\Work\dp\USB_stack\echo-demo\cdc.c
                UFRMLbits   0x000f66       data     extern C:\MCC18\src\traditional\proc\p18F2550.asm
                    UFRML   0x000f66       data     extern C:\MCC18\src\traditional\proc\p18F2550.asm
                     UFRM   0x000f66       data     extern C:\MCC18\src\traditional\proc\p18F2550.asm
                UFRMHbits   0x000f67       data     extern C:\MCC18\src\traditional\proc\p18F2550.asm
                    UFRMH   0x000f67       data     extern C:\MCC18\src\traditional\proc\p18F2550.asm
                      UIR   0x000f68       data     extern C:\MCC18\src\traditional\proc\p18F2550.asm
                  UIRbits   0x000f68       data     extern C:\MCC18\src\traditional\proc\p18F2550.asm
                  UIEbits   0x000f69       data     extern C:\MCC18\src\traditional\proc\p18F2550.asm
                      UIE   0x000f69       data     extern C:\MCC18\src\traditional\proc\p18F2550.asm
                 UEIRbits   0x000f6a       data     extern C:\MCC18\src\traditional\proc\p18F2550.asm
                     UEIR   0x000f6a       data     extern C:\MCC18\src\traditional\proc\p18F2550.asm
                 UEIEbits   0x000f6b       data     extern C:\MCC18\src\traditional\proc\p18F2550.asm
                     UEIE   0x000f6b       data     extern C:\MCC18\src\traditional\proc\p18F2550.asm
                    USTAT   0x000f6c       data     extern C:\MCC18\src\traditional\proc\p18F2550.asm
                USTATbits   0x000f6c       data     extern C:\MCC18\src\traditional\proc\p18F2550.asm
                 UCONbits   0x000f6d       data     extern C:\MCC18\src\traditional\proc\p18F2550.asm
                     UCON   0x000f6d       data     extern C:\MCC18\src\traditional\proc\p18F2550.asm
                    UADDR   0x000f6e       data     extern C:\MCC18\src\traditional\proc\p18F2550.asm
                UADDRbits   0x000f6e       data     extern C:\MCC18\src\traditional\proc\p18F2550.asm
                     UCFG   0x000f6f       data     extern C:\MCC18\src\traditional\proc\p18F2550.asm
                 UCFGbits   0x000f6f       data     extern C:\MCC18\src\traditional\proc\p18F2550.asm
                     UEP0   0x000f70       data     extern C:\MCC18\src\traditional\proc\p18F2550.asm
                 UEP0bits   0x000f70       data     extern C:\MCC18\src\traditional\proc\p18F2550.asm
                 UEP1bits   0x000f71       data     extern C:\MCC18\src\traditional\proc\p18F2550.asm
                     UEP1   0x000f71       data     extern C:\MCC18\src\traditional\proc\p18F2550.asm
                 UEP2bits   0x000f72       data     extern C:\MCC18\src\traditional\proc\p18F2550.asm
                     UEP2   0x000f72       data     extern C:\MCC18\src\traditional\proc\p18F2550.asm
                     UEP3   0x000f73       data     extern C:\MCC18\src\traditional\proc\p18F2550.asm
                 UEP3bits   0x000f73       data     extern C:\MCC18\src\traditional\proc\p18F2550.asm
                 UEP4bits   0x000f74       data     extern C:\MCC18\src\traditional\proc\p18F2550.asm
                     UEP4   0x000f74       data     extern C:\MCC18\src\traditional\proc\p18F2550.asm
                     UEP5   0x000f75       data     extern C:\MCC18\src\traditional\proc\p18F2550.asm
                 UEP5bits   0x000f75       data     extern C:\MCC18\src\traditional\proc\p18F2550.asm
                     UEP6   0x000f76       data     extern C:\MCC18\src\traditional\proc\p18F2550.asm
                 UEP6bits   0x000f76       data     extern C:\MCC18\src\traditional\proc\p18F2550.asm
                     UEP7   0x000f77       data     extern C:\MCC18\src\traditional\proc\p18F2550.asm
                 UEP7bits   0x000f77       data     extern C:\MCC18\src\traditional\proc\p18F2550.asm
                 UEP8bits   0x000f78       data     extern C:\MCC18\src\traditional\proc\p18F2550.asm
                     UEP8   0x000f78       data     extern C:\MCC18\src\traditional\proc\p18F2550.asm
                 UEP9bits   0x000f79       data     extern C:\MCC18\src\traditional\proc\p18F2550.asm
                     UEP9   0x000f79       data     extern C:\MCC18\src\traditional\proc\p18F2550.asm
                UEP10bits   0x000f7a       data     extern C:\MCC18\src\traditional\proc\p18F2550.asm
                    UEP10   0x000f7a       data     extern C:\MCC18\src\traditional\proc\p18F2550.asm
                UEP11bits   0x000f7b       data     extern C:\MCC18\src\traditional\proc\p18F2550.asm
                    UEP11   0x000f7b       data     extern C:\MCC18\src\traditional\proc\p18F2550.asm
                    UEP12   0x000f7c       data     extern C:\MCC18\src\traditional\proc\p18F2550.asm
                UEP12bits   0x000f7c       data     extern C:\MCC18\src\traditional\proc\p18F2550.asm
                    UEP13   0x000f7d       data     extern C:\MCC18\src\traditional\proc\p18F2550.asm
                UEP13bits   0x000f7d       data     extern C:\MCC18\src\traditional\proc\p18F2550.asm
                    UEP14   0x000f7e       data     extern C:\MCC18\src\traditional\proc\p18F2550.asm
                UEP14bits   0x000f7e       data     extern C:\MCC18\src\traditional\proc\p18F2550.asm
                    UEP15   0x000f7f       data     extern C:\MCC18\src\traditional\proc\p18F2550.asm
                UEP15bits   0x000f7f       data     extern C:\MCC18\src\traditional\proc\p18F2550.asm
                    PORTA   0x000f80       data     extern C:\MCC18\src\traditional\proc\p18F2550.asm
                PORTAbits   0x000f80       data     extern C:\MCC18\src\traditional\proc\p18F2550.asm
                PORTBbits   0x000f81       data     extern C:\MCC18\src\traditional\proc\p18F2550.asm
                    PORTB   0x000f81       data     extern C:\MCC18\src\traditional\proc\p18F2550.asm
                PORTCbits   0x000f82       data     extern C:\MCC18\src\traditional\proc\p18F2550.asm
                    PORTC   0x000f82       data     extern C:\MCC18\src\traditional\proc\p18F2550.asm
                    PORTE   0x000f84       data     extern C:\MCC18\src\traditional\proc\p18F2550.asm
                PORTEbits   0x000f84       data     extern C:\MCC18\src\traditional\proc\p18F2550.asm
                 LATAbits   0x000f89       data     extern C:\MCC18\src\traditional\proc\p18F2550.asm
                     LATA   0x000f89       data     extern C:\MCC18\src\traditional\proc\p18F2550.asm
                     LATB   0x000f8a       data     extern C:\MCC18\src\traditional\proc\p18F2550.asm
                 LATBbits   0x000f8a       data     extern C:\MCC18\src\traditional\proc\p18F2550.asm
                     LATC   0x000f8b       data     extern C:\MCC18\src\traditional\proc\p18F2550.asm
                 LATCbits   0x000f8b       data     extern C:\MCC18\src\traditional\proc\p18F2550.asm
                     DDRA   0x000f92       data     extern C:\MCC18\src\traditional\proc\p18F2550.asm
                TRISAbits   0x000f92       data     extern C:\MCC18\src\traditional\proc\p18F2550.asm
                    TRISA   0x000f92       data     extern C:\MCC18\src\traditional\proc\p18F2550.asm
                 DDRAbits   0x000f92       data     extern C:\MCC18\src\traditional\proc\p18F2550.asm
                     DDRB   0x000f93       data     extern C:\MCC18\src\traditional\proc\p18F2550.asm
                 DDRBbits   0x000f93       data     extern C:\MCC18\src\traditional\proc\p18F2550.asm
                    TRISB   0x000f93       data     extern C:\MCC18\src\traditional\proc\p18F2550.asm
                TRISBbits   0x000f93       data     extern C:\MCC18\src\traditional\proc\p18F2550.asm
                    TRISC   0x000f94       data     extern C:\MCC18\src\traditional\proc\p18F2550.asm
                TRISCbits   0x000f94       data     extern C:\MCC18\src\traditional\proc\p18F2550.asm
                     DDRC   0x000f94       data     extern C:\MCC18\src\traditional\proc\p18F2550.asm
                 DDRCbits   0x000f94       data     extern C:\MCC18\src\traditional\proc\p18F2550.asm
                  OSCTUNE   0x000f9b       data     extern C:\MCC18\src\traditional\proc\p18F2550.asm
              OSCTUNEbits   0x000f9b       data     extern C:\MCC18\src\traditional\proc\p18F2550.asm
                     PIE1   0x000f9d       data     extern C:\MCC18\src\traditional\proc\p18F2550.asm
                 PIE1bits   0x000f9d       data     extern C:\MCC18\src\traditional\proc\p18F2550.asm
                     PIR1   0x000f9e       data     extern C:\MCC18\src\traditional\proc\p18F2550.asm
                 PIR1bits   0x000f9e       data     extern C:\MCC18\src\traditional\proc\p18F2550.asm
                     IPR1   0x000f9f       data     extern C:\MCC18\src\traditional\proc\p18F2550.asm
                 IPR1bits   0x000f9f       data     extern C:\MCC18\src\traditional\proc\p18F2550.asm
                     PIE2   0x000fa0       data     extern C:\MCC18\src\traditional\proc\p18F2550.asm
                 PIE2bits   0x000fa0       data     extern C:\MCC18\src\traditional\proc\p18F2550.asm
                     PIR2   0x000fa1       data     extern C:\MCC18\src\traditional\proc\p18F2550.asm
                 PIR2bits   0x000fa1       data     extern C:\MCC18\src\traditional\proc\p18F2550.asm
                 IPR2bits   0x000fa2       data     extern C:\MCC18\src\traditional\proc\p18F2550.asm
                     IPR2   0x000fa2       data     extern C:\MCC18\src\traditional\proc\p18F2550.asm
                   EECON1   0x000fa6       data     extern C:\MCC18\src\traditional\proc\p18F2550.asm
               EECON1bits   0x000fa6       data     extern C:\MCC18\src\traditional\proc\p18F2550.asm
                   EECON2   0x000fa7       data     extern C:\MCC18\src\traditional\proc\p18F2550.asm
                   EEDATA   0x000fa8       data     extern C:\MCC18\src\traditional\proc\p18F2550.asm
                    EEADR   0x000fa9       data     extern C:\MCC18\src\traditional\proc\p18F2550.asm
                    RCSTA   0x000fab       data     extern C:\MCC18\src\traditional\proc\p18F2550.asm
                RCSTAbits   0x000fab       data     extern C:\MCC18\src\traditional\proc\p18F2550.asm
                TXSTAbits   0x000fac       data     extern C:\MCC18\src\traditional\proc\p18F2550.asm
                    TXSTA   0x000fac       data     extern C:\MCC18\src\traditional\proc\p18F2550.asm
                    TXREG   0x000fad       data     extern C:\MCC18\src\traditional\proc\p18F2550.asm
                    RCREG   0x000fae       data     extern C:\MCC18\src\traditional\proc\p18F2550.asm
                    SPBRG   0x000faf       data     extern C:\MCC18\src\traditional\proc\p18F2550.asm
                   SPBRGH   0x000fb0       data     extern C:\MCC18\src\traditional\proc\p18F2550.asm
                    T3CON   0x000fb1       data     extern C:\MCC18\src\traditional\proc\p18F2550.asm
                T3CONbits   0x000fb1       data     extern C:\MCC18\src\traditional\proc\p18F2550.asm
                    TMR3L   0x000fb2       data     extern C:\MCC18\src\traditional\proc\p18F2550.asm
                    TMR3H   0x000fb3       data     extern C:\MCC18\src\traditional\proc\p18F2550.asm
                CMCONbits   0x000fb4       data     extern C:\MCC18\src\traditional\proc\p18F2550.asm
                    CMCON   0x000fb4       data     extern C:\MCC18\src\traditional\proc\p18F2550.asm
               CVRCONbits   0x000fb5       data     extern C:\MCC18\src\traditional\proc\p18F2550.asm
                   CVRCON   0x000fb5       data     extern C:\MCC18\src\traditional\proc\p18F2550.asm
              ECCP1ASbits   0x000fb6       data     extern C:\MCC18\src\traditional\proc\p18F2550.asm
                  ECCP1AS   0x000fb6       data     extern C:\MCC18\src\traditional\proc\p18F2550.asm
               CCP1ASbits   0x000fb6       data     extern C:\MCC18\src\traditional\proc\p18F2550.asm
                   CCP1AS   0x000fb6       data     extern C:\MCC18\src\traditional\proc\p18F2550.asm
             ECCP1DELbits   0x000fb7       data     extern C:\MCC18\src\traditional\proc\p18F2550.asm
                 ECCP1DEL   0x000fb7       data     extern C:\MCC18\src\traditional\proc\p18F2550.asm
              CCP1DELbits   0x000fb7       data     extern C:\MCC18\src\traditional\proc\p18F2550.asm
                  CCP1DEL   0x000fb7       data     extern C:\MCC18\src\traditional\proc\p18F2550.asm
              BAUDCONbits   0x000fb8       data     extern C:\MCC18\src\traditional\proc\p18F2550.asm
                  BAUDCON   0x000fb8       data     extern C:\MCC18\src\traditional\proc\p18F2550.asm
                  CCP2CON   0x000fba       data     extern C:\MCC18\src\traditional\proc\p18F2550.asm
              CCP2CONbits   0x000fba       data     extern C:\MCC18\src\traditional\proc\p18F2550.asm
                   CCPR2L   0x000fbb       data     extern C:\MCC18\src\traditional\proc\p18F2550.asm
                    CCPR2   0x000fbb       data     extern C:\MCC18\src\traditional\proc\p18F2550.asm
                   CCPR2H   0x000fbc       data     extern C:\MCC18\src\traditional\proc\p18F2550.asm
                  CCP1CON   0x000fbd       data     extern C:\MCC18\src\traditional\proc\p18F2550.asm
              CCP1CONbits   0x000fbd       data     extern C:\MCC18\src\traditional\proc\p18F2550.asm
                   CCPR1L   0x000fbe       data     extern C:\MCC18\src\traditional\proc\p18F2550.asm
                    CCPR1   0x000fbe       data     extern C:\MCC18\src\traditional\proc\p18F2550.asm
                   CCPR1H   0x000fbf       data     extern C:\MCC18\src\traditional\proc\p18F2550.asm
               ADCON2bits   0x000fc0       data     extern C:\MCC18\src\traditional\proc\p18F2550.asm
                   ADCON2   0x000fc0       data     extern C:\MCC18\src\traditional\proc\p18F2550.asm
               ADCON1bits   0x000fc1       data     extern C:\MCC18\src\traditional\proc\p18F2550.asm
                   ADCON1   0x000fc1       data     extern C:\MCC18\src\traditional\proc\p18F2550.asm
                   ADCON0   0x000fc2       data     extern C:\MCC18\src\traditional\proc\p18F2550.asm
               ADCON0bits   0x000fc2       data     extern C:\MCC18\src\traditional\proc\p18F2550.asm
                    ADRES   0x000fc3       data     extern C:\MCC18\src\traditional\proc\p18F2550.asm
                   ADRESL   0x000fc3       data     extern C:\MCC18\src\traditional\proc\p18F2550.asm
                   ADRESH   0x000fc4       data     extern C:\MCC18\src\traditional\proc\p18F2550.asm
                  SSPCON2   0x000fc5       data     extern C:\MCC18\src\traditional\proc\p18F2550.asm
              SSPCON2bits   0x000fc5       data     extern C:\MCC18\src\traditional\proc\p18F2550.asm
                  SSPCON1   0x000fc6       data     extern C:\MCC18\src\traditional\proc\p18F2550.asm
              SSPCON1bits   0x000fc6       data     extern C:\MCC18\src\traditional\proc\p18F2550.asm
                  SSPSTAT   0x000fc7       data     extern C:\MCC18\src\traditional\proc\p18F2550.asm
              SSPSTATbits   0x000fc7       data     extern C:\MCC18\src\traditional\proc\p18F2550.asm
                   SSPADD   0x000fc8       data     extern C:\MCC18\src\traditional\proc\p18F2550.asm
                   SSPBUF   0x000fc9       data     extern C:\MCC18\src\traditional\proc\p18F2550.asm
                T2CONbits   0x000fca       data     extern C:\MCC18\src\traditional\proc\p18F2550.asm
                    T2CON   0x000fca       data     extern C:\MCC18\src\traditional\proc\p18F2550.asm
                      PR2   0x000fcb       data     extern C:\MCC18\src\traditional\proc\p18F2550.asm
                     TMR2   0x000fcc       data     extern C:\MCC18\src\traditional\proc\p18F2550.asm
                T1CONbits   0x000fcd       data     extern C:\MCC18\src\traditional\proc\p18F2550.asm
                    T1CON   0x000fcd       data     extern C:\MCC18\src\traditional\proc\p18F2550.asm
                    TMR1L   0x000fce       data     extern C:\MCC18\src\traditional\proc\p18F2550.asm
                    TMR1H   0x000fcf       data     extern C:\MCC18\src\traditional\proc\p18F2550.asm
                     RCON   0x000fd0       data     extern C:\MCC18\src\traditional\proc\p18F2550.asm
                 RCONbits   0x000fd0       data     extern C:\MCC18\src\traditional\proc\p18F2550.asm
                   WDTCON   0x000fd1       data     extern C:\MCC18\src\traditional\proc\p18F2550.asm
               WDTCONbits   0x000fd1       data     extern C:\MCC18\src\traditional\proc\p18F2550.asm
               LVDCONbits   0x000fd2       data     extern C:\MCC18\src\traditional\proc\p18F2550.asm
                   LVDCON   0x000fd2       data     extern C:\MCC18\src\traditional\proc\p18F2550.asm
              HLVDCONbits   0x000fd2       data     extern C:\MCC18\src\traditional\proc\p18F2550.asm
                  HLVDCON   0x000fd2       data     extern C:\MCC18\src\traditional\proc\p18F2550.asm
               OSCCONbits   0x000fd3       data     extern C:\MCC18\src\traditional\proc\p18F2550.asm
                   OSCCON   0x000fd3       data     extern C:\MCC18\src\traditional\proc\p18F2550.asm
                    T0CON   0x000fd5       data     extern C:\MCC18\src\traditional\proc\p18F2550.asm
                T0CONbits   0x000fd5       data     extern C:\MCC18\src\traditional\proc\p18F2550.asm
                    TMR0L   0x000fd6       data     extern C:\MCC18\src\traditional\proc\p18F2550.asm
                    TMR0H   0x000fd7       data     extern C:\MCC18\src\traditional\proc\p18F2550.asm
               STATUSbits   0x000fd8       data     extern C:\MCC18\src\traditional\proc\p18F2550.asm
                   STATUS   0x000fd8       data     extern C:\MCC18\src\traditional\proc\p18F2550.asm
                    FSR2L   0x000fd9       data     extern C:\MCC18\src\traditional\proc\p18F2550.asm
                     FSR2   0x000fd9       data     extern C:\MCC18\src\traditional\proc\p18F2550.asm
                    FSR2H   0x000fda       data     extern C:\MCC18\src\traditional\proc\p18F2550.asm
                   PLUSW2   0x000fdb       data     extern C:\MCC18\src\traditional\proc\p18F2550.asm
                  PREINC2   0x000fdc       data     extern C:\MCC18\src\traditional\proc\p18F2550.asm
                 POSTDEC2   0x000fdd       data     extern C:\MCC18\src\traditional\proc\p18F2550.asm
                 POSTINC2   0x000fde       data     extern C:\MCC18\src\traditional\proc\p18F2550.asm
                    INDF2   0x000fdf       data     extern C:\MCC18\src\traditional\proc\p18F2550.asm
                      BSR   0x000fe0       data     extern C:\MCC18\src\traditional\proc\p18F2550.asm
                     FSR1   0x000fe1       data     extern C:\MCC18\src\traditional\proc\p18F2550.asm
                    FSR1L   0x000fe1       data     extern C:\MCC18\src\traditional\proc\p18F2550.asm
                    FSR1H   0x000fe2       data     extern C:\MCC18\src\traditional\proc\p18F2550.asm
                   PLUSW1   0x000fe3       data     extern C:\MCC18\src\traditional\proc\p18F2550.asm
                  PREINC1   0x000fe4       data     extern C:\MCC18\src\traditional\proc\p18F2550.asm
                 POSTDEC1   0x000fe5       data     extern C:\MCC18\src\traditional\proc\p18F2550.asm
                 POSTINC1   0x000fe6       data     extern C:\MCC18\src\traditional\proc\p18F2550.asm
                    INDF1   0x000fe7       data     extern C:\MCC18\src\traditional\proc\p18F2550.asm
                     WREG   0x000fe8       data     extern C:\MCC18\src\traditional\proc\p18F2550.asm
                     FSR0   0x000fe9       data     extern C:\MCC18\src\traditional\proc\p18F2550.asm
                    FSR0L   0x000fe9       data     extern C:\MCC18\src\traditional\proc\p18F2550.asm
                    FSR0H   0x000fea       data     extern C:\MCC18\src\traditional\proc\p18F2550.asm
                   PLUSW0   0x000feb       data     extern C:\MCC18\src\traditional\proc\p18F2550.asm
                  PREINC0   0x000fec       data     extern C:\MCC18\src\traditional\proc\p18F2550.asm
                 POSTDEC0   0x000fed       data     extern C:\MCC18\src\traditional\proc\p18F2550.asm
                 POSTINC0   0x000fee       data     extern C:\MCC18\src\traditional\proc\p18F2550.asm
                    INDF0   0x000fef       data     extern C:\MCC18\src\traditional\proc\p18F2550.asm
              INTCON3bits   0x000ff0       data     extern C:\MCC18\src\traditional\proc\p18F2550.asm
                  INTCON3   0x000ff0       data     extern C:\MCC18\src\traditional\proc\p18F2550.asm
              INTCON2bits   0x000ff1       data     extern C:\MCC18\src\traditional\proc\p18F2550.asm
                  INTCON2   0x000ff1       data     extern C:\MCC18\src\traditional\proc\p18F2550.asm
               INTCONbits   0x000ff2       data     extern C:\MCC18\src\traditional\proc\p18F2550.asm
                   INTCON   0x000ff2       data     extern C:\MCC18\src\traditional\proc\p18F2550.asm
                     PROD   0x000ff3       data     extern C:\MCC18\src\traditional\proc\p18F2550.asm
                    PRODL   0x000ff3       data     extern C:\MCC18\src\traditional\proc\p18F2550.asm
                    PRODH   0x000ff4       data     extern C:\MCC18\src\traditional\proc\p18F2550.asm
                   TABLAT   0x000ff5       data     extern C:\MCC18\src\traditional\proc\p18F2550.asm
                   TBLPTR   0x000ff6       data     extern C:\MCC18\src\traditional\proc\p18F2550.asm
                  TBLPTRL   0x000ff6       data     extern C:\MCC18\src\traditional\proc\p18F2550.asm
                  TBLPTRH   0x000ff7       data     extern C:\MCC18\src\traditional\proc\p18F2550.asm
                  TBLPTRU   0x000ff8       data     extern C:\MCC18\src\traditional\proc\p18F2550.asm
                      PCL   0x000ff9       data     extern C:\MCC18\src\traditional\proc\p18F2550.asm
                       PC   0x000ff9       data     extern C:\MCC18\src\traditional\proc\p18F2550.asm
                   PCLATH   0x000ffa       data     extern C:\MCC18\src\traditional\proc\p18F2550.asm
                   PCLATU   0x000ffb       data     extern C:\MCC18\src\traditional\proc\p18F2550.asm
                   STKPTR   0x000ffc       data     extern C:\MCC18\src\traditional\proc\p18F2550.asm
               STKPTRbits   0x000ffc       data     extern C:\MCC18\src\traditional\proc\p18F2550.asm
                      TOS   0x000ffd       data     extern C:\MCC18\src\traditional\proc\p18F2550.asm
                     TOSL   0x000ffd       data     extern C:\MCC18\src\traditional\proc\p18F2550.asm
                     TOSH   0x000ffe       data     extern C:\MCC18\src\traditional\proc\p18F2550.asm
                     TOSU   0x000fff       data     extern C:\MCC18\src\traditional\proc\p18F2550.asm


