MPLINK 4.37, Linker
Linker Map File - Created Mon Jan 31 15:24:48 2011

                                 Section Info
                  Section       Type    Address   Location Size(Bytes)
                ---------  ---------  ---------  ---------  ---------
               _entry_scn       code   0x000000    program   0x000006
    HIGH_INTERRUPT_VECTOR       code   0x000008    program   0x000002
     LOW_INTERRUPT_VECTOR       code   0x000018    program   0x00000e
                   .cinit    romdata   0x00082a    program   0x00000e
        .code_usb_stack.o       code   0x000838    program   0x0019f0
              .code_cdc.o       code   0x002228    program   0x000762
           .romdata_cdc.o    romdata   0x00298a    program   0x0000a7
        .idata___init.o_i    romdata   0x002a31    program   0x000000
        .romdata___init.o    romdata   0x002a31    program   0x000000
         .romdata_c018i.o    romdata   0x002a31    program   0x000000
          .romdata_main.o    romdata   0x002a31    program   0x000000
          .idata_main.o_i    romdata   0x002a31    program   0x000000
     .romdata_usb_stack.o    romdata   0x002a31    program   0x000000
     .idata_usb_stack.o_i    romdata   0x002a31    program   0x000000
         .idata_c018i.o_i    romdata   0x002a31    program   0x000000
            .code_c018i.o       code   0x002a32    program   0x000000
               _cinit_scn       code   0x002a32    program   0x00009e
             .code_main.o       code   0x002ad0    program   0x00009e
                     PROG       code   0x002b6e    program   0x00005a
                   STRING       code   0x002bc8    program   0x000056
             D10KTCYXCODE       code   0x002c1e    program   0x00002e
                    .code       code   0x002c4c    program   0x000020
             _startup_scn       code   0x002c6c    program   0x00001c
           .code___init.o       code   0x002c88    program   0x000002
           .idata_cdc.o_i    romdata   0x002c8a    program   0x000005
      .config_3ff8_main.o    romdata   0x003ff8    program   0x000001
      .config_3ff9_main.o    romdata   0x003ff9    program   0x000001
      .config_3ffa_main.o    romdata   0x003ffa    program   0x000001
      .config_3ffb_main.o    romdata   0x003ffb    program   0x000001
      .config_3ffc_main.o    romdata   0x003ffc    program   0x000001
      .config_3ffd_main.o    romdata   0x003ffd    program   0x000001
      .config_3ffe_main.o    romdata   0x003ffe    program   0x000001
      .config_3fff_main.o    romdata   0x003fff    program   0x000001
                MATH_DATA      udata   0x000000       data   0x000014
                 .tmpdata      udata   0x000014       data   0x000005
                DELAYDAT2      udata   0x000019       data   0x000001
                DELAYDAT1      udata   0x00001a       data   0x000001
                  usb_bdt      udata   0x000400       data   0x000080
             .udata_cdc.o      udata   0x000480       data   0x000011
           .udata_c018i.o      udata   0x000491       data   0x00000a
             .idata_cdc.o      idata   0x00049b       data   0x000005
            .udata_main.o      udata   0x0004a0       data   0x000001
       .idata_usb_stack.o      idata   0x0004a1       data   0x000000
            .idata_main.o      idata   0x0004a1       data   0x000000
          .idata___init.o      idata   0x0004a1       data   0x000000
          .udata___init.o      udata   0x0004a1       data   0x000000
           .idata_c018i.o      idata   0x0004a1       data   0x000000
                 usb_data      udata   0x000500       data   0x000030
       .udata_usb_stack.o      udata   0x000530       data   0x0000d0
                   .stack      udata   0x000d00       data   0x000100
              SFR_BANKED0      udata   0x000ec6       data   0x00000e
              SFR_BANKED1      udata   0x000ed7       data   0x000002
              SFR_BANKED2      udata   0x000ee7       data   0x000004
              SFR_BANKED3      udata   0x000eec       data   0x000003
              SFR_BANKED4      udata   0x000ef2       data   0x000002
              SFR_BANKED5      udata   0x000ef6       data   0x000002
              SFR_BANKED6      udata   0x000efb       data   0x000005
              SFR_BANKED7      udata   0x000f26       data   0x000014
              SFR_BANKED8      udata   0x000f3c       data   0x000007
              SFR_BANKED9      udata   0x000f48       data   0x000008
             SFR_BANKED10      udata   0x000f52       data   0x000002
            SFR_UNBANKED0      udata   0x000f60       data   0x0000a0



                              Program Memory Usage 
                               Start         End      
                           ---------   ---------      
                            0x000000    0x000005      
                            0x000008    0x000009      
                            0x000018    0x000025      
                            0x00082a    0x002a30      
                            0x002a32    0x002c8e      
                            0x003ff8    0x003fff      
            9346 out of 16386 program addresses used, program memory utilization is 57%



                              Symbols - Sorted by Name
                     Name    Address   Location    Storage File                     
                ---------  ---------  ---------  --------- ---------                
                  BusyCDC   0x0026a8    program     extern E:\Work\dp-svn\trunk\Honken USB stack CDC test\cdc.c
                 CloseCDC   0x0026a6    program     extern E:\Work\dp-svn\trunk\Honken USB stack CDC test\cdc.c
                   D10K_1   0x002c2a    program     static C:\MCC18\src\traditional\delays\d10ktcyx.asm
                    D10Kl   0x002c36    program     static C:\MCC18\src\traditional\delays\d10ktcyx.asm
                    D10Kx   0x002c28    program     static C:\MCC18\src\traditional\delays\d10ktcyx.asm
               DataRdyCDC   0x0026b6    program     extern E:\Work\dp-svn\trunk\Honken USB stack CDC test\cdc.c
             Delay10KTCYx   0x002c1e    program     extern C:\MCC18\src\traditional\delays\d10ktcyx.asm
                 FXM1616S   0x002b6e    program     extern C:\MCC18\src\traditional\math\fxm1616s.asm
                 High_ISR   0x000008    program     extern E:\Work\dp-svn\trunk\Honken USB stack CDC test\main.c
                  InitCDC   0x002228    program     extern E:\Work\dp-svn\trunk\Honken USB stack CDC test\cdc.c
                  Low_ISR   0x000018    program     extern E:\Work\dp-svn\trunk\Honken USB stack CDC test\main.c
                  OpenCDC   0x00269a    program     extern E:\Work\dp-svn\trunk\Honken USB stack CDC test\cdc.c
               TSIGN1616A   0x002bba    program     static C:\MCC18\src\traditional\math\fxm1616s.asm
              _4jContinue   0x002bfc    program     static C:\MCC18\src\traditional\stdclib\memcpy.asm
                   _5jEnd   0x002c06    program     static C:\MCC18\src\traditional\stdclib\memcpy.asm
       _D10KTCYXCODE_0010   0x002c2e    program     static C:\MCC18\src\traditional\delays\d10ktcyx.asm
       _D10KTCYXCODE_001C   0x002c3a    program     static C:\MCC18\src\traditional\delays\d10ktcyx.asm
           ___do_lbl00017   0x000cb0    program     static                          
           ___do_lbl00018   0x000cb0    program     static                          
           ___do_lbl00021   0x000ca6    program     static                          
         ___else_lbl00026   0x000ce6    program     static                          
         ___else_lbl00028   0x000cc8    program     static                          
         ___else_lbl00030   0x000cc0    program     static                          
         ___else_lbl00032   0x000cb4    program     static                          
         ___else_lbl00034   0x000ca2    program     static                          
         ___else_lbl00036   0x000c98    program     static                          
           ___if_lbl00022   0x000ce2    program     static                          
           ___if_lbl00025   0x000cf0    program     static                          
           ___if_lbl00027   0x000cf0    program     static                          
           ___if_lbl00029   0x000cf0    program     static                          
           ___if_lbl00031   0x000cf0    program     static                          
           ___if_lbl00033   0x000cf0    program     static                          
           ___if_lbl00035   0x000cf0    program     static                          
       ___return_lbl00000   0x000004    program     static                          
       ___return_lbl00001   0x002c86    program     static                          
       ___return_lbl00002   0x002ace    program     static                          
       ___return_lbl00016   0x000cf0    program     static                          
        ___while_lbl00019   0x000ca8    program     static                          
        ___while_lbl00020   0x000cb0    program     static                          
        ___while_lbl00023   0x000ce6    program     static                          
        ___while_lbl00024   0x000cf0    program     static                          
               __config_0   0x003ff8    program     static E:\Work\dp-svn\trunk\Honken USB stack CDC test\main.c
               __config_1   0x003ff9    program     static E:\Work\dp-svn\trunk\Honken USB stack CDC test\main.c
               __config_2   0x003ffa    program     static E:\Work\dp-svn\trunk\Honken USB stack CDC test\main.c
               __config_3   0x003ffb    program     static E:\Work\dp-svn\trunk\Honken USB stack CDC test\main.c
               __config_4   0x003ffc    program     static E:\Work\dp-svn\trunk\Honken USB stack CDC test\main.c
               __config_5   0x003ffd    program     static E:\Work\dp-svn\trunk\Honken USB stack CDC test\main.c
               __config_6   0x003ffe    program     static E:\Work\dp-svn\trunk\Honken USB stack CDC test\main.c
               __config_7   0x003fff    program     static E:\Work\dp-svn\trunk\Honken USB stack CDC test\main.c
                   __init   0x002c88    program     extern C:\MCC18\src\traditional\stdclib\__init.c
            __zero_memory   0x002c4c    program     extern C:\MCC18\src\traditional\proc\p18F24J50.asm
                _do_cinit   0x002a32    program     extern C:\MCC18\src\traditional\startup\c018i.c
                   _entry   0x000000    program     extern C:\MCC18\src\traditional\startup\c018i.c
                 _startup   0x002c6c    program     extern C:\MCC18\src\traditional\startup\c018i.c
                  baudCDC   0x00297e    program     extern E:\Work\dp-svn\trunk\Honken USB stack CDC test\cdc.c
               cdc_acm_in   0x0025d8    program     extern E:\Work\dp-svn\trunk\Honken USB stack CDC test\cdc.c
              cdc_acm_out   0x0025d6    program     extern E:\Work\dp-svn\trunk\Honken USB stack CDC test\cdc.c
    cdc_config_descriptor   0x00299c    program     extern E:\Work\dp-svn\trunk\Honken USB stack CDC test\descriptors.h
    cdc_device_descriptor   0x00298a    program     extern E:\Work\dp-svn\trunk\Honken USB stack CDC test\descriptors.h
             cdc_flush_tx   0x00265e    program     extern E:\Work\dp-svn\trunk\Honken USB stack CDC test\cdc.c
      cdc_get_line_coding   0x00250a    program     extern E:\Work\dp-svn\trunk\Honken USB stack CDC test\cdc.c
                   cdc_rx   0x0025da    program     extern E:\Work\dp-svn\trunk\Honken USB stack CDC test\cdc.c
cdc_set_control_line_state_status   0x0025be    program     extern E:\Work\dp-svn\trunk\Honken USB stack CDC test\cdc.c
 cdc_set_line_coding_data   0x002522    program     extern E:\Work\dp-svn\trunk\Honken USB stack CDC test\cdc.c
cdc_set_line_coding_status   0x0025a6    program     extern E:\Work\dp-svn\trunk\Honken USB stack CDC test\cdc.c
                cdc_setup   0x00232e    program     extern E:\Work\dp-svn\trunk\Honken USB stack CDC test\cdc.c
            cdc_str_descs   0x0029df    program     extern E:\Work\dp-svn\trunk\Honken USB stack CDC test\descriptors.h
                   cdc_tx   0x002640    program     extern E:\Work\dp-svn\trunk\Honken USB stack CDC test\cdc.c
                compare_l   0x002c62    program     static C:\MCC18\src\traditional\proc\p18F24J50.asm
                copy_loop   0x002aa4    program     static                          
            copy_one_byte   0x002aaa    program     static                          
                     done   0x002ace    program     static                          
             done_copying   0x002ab8    program     static                          
                  getaCDC   0x00271a    program     extern E:\Work\dp-svn\trunk\Honken USB stack CDC test\cdc.c
                  getcCDC   0x0026c8    program     extern E:\Work\dp-svn\trunk\Honken USB stack CDC test\cdc.c
                  getsCDC   0x0027a8    program     extern E:\Work\dp-svn\trunk\Honken USB stack CDC test\cdc.c
                     init   0x002b1c    program     extern E:\Work\dp-svn\trunk\Honken USB stack CDC test\main.c
                     jEnd   0x002c0c    program     static C:\MCC18\src\traditional\stdclib\memcpy.asm
                    jLoop   0x002bf0    program     static C:\MCC18\src\traditional\stdclib\memcpy.asm
                     loop   0x002c7c    program     static                          
                   loop_h   0x002c5a    program     static C:\MCC18\src\traditional\proc\p18F24J50.asm
                   loop_l   0x002c64    program     static C:\MCC18\src\traditional\proc\p18F24J50.asm
                     main   0x002ad0    program     extern E:\Work\dp-svn\trunk\Honken USB stack CDC test\main.c
                   memcpy   0x002bc8    program     extern C:\MCC18\src\traditional\stdclib\memcpy.asm
                  putaCDC   0x002854    program     extern E:\Work\dp-svn\trunk\Honken USB stack CDC test\cdc.c
                  putcCDC   0x0027e6    program     extern E:\Work\dp-svn\trunk\Honken USB stack CDC test\cdc.c
                 putrsCDC   0x002942    program     extern E:\Work\dp-svn\trunk\Honken USB stack CDC test\cdc.c
                  putsCDC   0x002906    program     extern E:\Work\dp-svn\trunk\Honken USB stack CDC test\cdc.c
                     test   0x002a4c    program     static                          
         usb_RequestError   0x00204e    program     extern E:\Work\dp-svn\trunk\Honken USB stack CDC test\usb_stack.c
                  usb_ack   0x001f7e    program     extern E:\Work\dp-svn\trunk\Honken USB stack CDC test\usb_stack.c
              usb_ack_out   0x002002    program     extern E:\Work\dp-svn\trunk\Honken USB stack CDC test\usb_stack.c
             usb_ack_zero   0x001fb8    program     extern E:\Work\dp-svn\trunk\Honken USB stack CDC test\usb_stack.c
usb_handle_StandardDeviceRequest   0x00115e    program     extern E:\Work\dp-svn\trunk\Honken USB stack CDC test\usb_stack.c
usb_handle_StandardEndpointRequest   0x0019ea    program     extern E:\Work\dp-svn\trunk\Honken USB stack CDC test\usb_stack.c
usb_handle_StandardInterfaceRequest   0x0018ac    program     extern E:\Work\dp-svn\trunk\Honken USB stack CDC test\usb_stack.c
         usb_handle_error   0x000cf2    program     extern E:\Work\dp-svn\trunk\Honken USB stack CDC test\usb_stack.c
            usb_handle_in   0x001c6a    program     extern E:\Work\dp-svn\trunk\Honken USB stack CDC test\usb_stack.c
           usb_handle_out   0x001cd4    program     extern E:\Work\dp-svn\trunk\Honken USB stack CDC test\usb_stack.c
         usb_handle_reset   0x000cf6    program     extern E:\Work\dp-svn\trunk\Honken USB stack CDC test\usb_stack.c
         usb_handle_setup   0x00100a    program     extern E:\Work\dp-svn\trunk\Honken USB stack CDC test\usb_stack.c
   usb_handle_transaction   0x000fa8    program     extern E:\Work\dp-svn\trunk\Honken USB stack CDC test\usb_stack.c
              usb_handler   0x000c8e    program     extern E:\Work\dp-svn\trunk\Honken USB stack CDC test\usb_stack.c
                 usb_init   0x000838    program     extern E:\Work\dp-svn\trunk\Honken USB stack CDC test\usb_stack.c
usb_register_class_setup_handler   0x001d5a    program     extern E:\Work\dp-svn\trunk\Honken USB stack CDC test\usb_stack.c
    usb_register_endpoint   0x001d92    program     extern E:\Work\dp-svn\trunk\Honken USB stack CDC test\usb_stack.c
 usb_register_sof_handler   0x001d3e    program     extern E:\Work\dp-svn\trunk\Honken USB stack CDC test\usb_stack.c
usb_register_vendor_setup_handler   0x001d76    program     extern E:\Work\dp-svn\trunk\Honken USB stack CDC test\usb_stack.c
      usb_send_descriptor   0x0020da    program     extern E:\Work\dp-svn\trunk\Honken USB stack CDC test\usb_stack.c
          usb_set_address   0x0020a8    program     extern E:\Work\dp-svn\trunk\Honken USB stack CDC test\usb_stack.c
       usb_set_in_handler   0x001eea    program     extern E:\Work\dp-svn\trunk\Honken USB stack CDC test\usb_stack.c
      usb_set_out_handler   0x001f34    program     extern E:\Work\dp-svn\trunk\Honken USB stack CDC test\usb_stack.c
                usb_start   0x000c7e    program     extern E:\Work\dp-svn\trunk\Honken USB stack CDC test\usb_stack.c
               zero_block   0x002c5a    program     static C:\MCC18\src\traditional\proc\p18F24J50.asm
                   ADCON0   0x000fc2       data     extern C:\MCC18\src\traditional\proc\p18F24J50.asm
               ADCON0bits   0x000fc2       data     extern C:\MCC18\src\traditional\proc\p18F24J50.asm
                   ADCON1   0x000fc1       data     extern C:\MCC18\src\traditional\proc\p18F24J50.asm
               ADCON1bits   0x000fc1       data     extern C:\MCC18\src\traditional\proc\p18F24J50.asm
                    ADRES   0x000fc3       data     extern C:\MCC18\src\traditional\proc\p18F24J50.asm
                   ADRESH   0x000fc4       data     extern C:\MCC18\src\traditional\proc\p18F24J50.asm
                   ADRESL   0x000fc3       data     extern C:\MCC18\src\traditional\proc\p18F24J50.asm
                  ALRMCFG   0x000f91       data     extern C:\MCC18\src\traditional\proc\p18F24J50.asm
              ALRMCFGbits   0x000f91       data     extern C:\MCC18\src\traditional\proc\p18F24J50.asm
                  ALRMRPT   0x000f90       data     extern C:\MCC18\src\traditional\proc\p18F24J50.asm
              ALRMRPTbits   0x000f90       data     extern C:\MCC18\src\traditional\proc\p18F24J50.asm
                 ALRMVALH   0x000f8f       data     extern C:\MCC18\src\traditional\proc\p18F24J50.asm
                 ALRMVALL   0x000f8e       data     extern C:\MCC18\src\traditional\proc\p18F24J50.asm
                   ANCON0   0x000f48       data     extern C:\MCC18\src\traditional\proc\p18F24J50.asm
               ANCON0bits   0x000f48       data     extern C:\MCC18\src\traditional\proc\p18F24J50.asm
                   ANCON1   0x000f49       data     extern C:\MCC18\src\traditional\proc\p18F24J50.asm
               ANCON1bits   0x000f49       data     extern C:\MCC18\src\traditional\proc\p18F24J50.asm
                  BAUDCON   0x000f7e       data     extern C:\MCC18\src\traditional\proc\p18F24J50.asm
                 BAUDCON1   0x000f7e       data     extern C:\MCC18\src\traditional\proc\p18F24J50.asm
             BAUDCON1bits   0x000f7e       data     extern C:\MCC18\src\traditional\proc\p18F24J50.asm
                 BAUDCON2   0x000f7c       data     extern C:\MCC18\src\traditional\proc\p18F24J50.asm
             BAUDCON2bits   0x000f7c       data     extern C:\MCC18\src\traditional\proc\p18F24J50.asm
              BAUDCONbits   0x000f7e       data     extern C:\MCC18\src\traditional\proc\p18F24J50.asm
                  BAUDCTL   0x000f7e       data     extern C:\MCC18\src\traditional\proc\p18F24J50.asm
              BAUDCTLbits   0x000f7e       data     extern C:\MCC18\src\traditional\proc\p18F24J50.asm
                      BSR   0x000fe0       data     extern C:\MCC18\src\traditional\proc\p18F24J50.asm
                  CCP1CON   0x000fba       data     extern C:\MCC18\src\traditional\proc\p18F24J50.asm
              CCP1CONbits   0x000fba       data     extern C:\MCC18\src\traditional\proc\p18F24J50.asm
                  CCP2CON   0x000fb4       data     extern C:\MCC18\src\traditional\proc\p18F24J50.asm
              CCP2CONbits   0x000fb4       data     extern C:\MCC18\src\traditional\proc\p18F24J50.asm
                    CCPR1   0x000fbb       data     extern C:\MCC18\src\traditional\proc\p18F24J50.asm
                   CCPR1H   0x000fbc       data     extern C:\MCC18\src\traditional\proc\p18F24J50.asm
                   CCPR1L   0x000fbb       data     extern C:\MCC18\src\traditional\proc\p18F24J50.asm
                    CCPR2   0x000fb5       data     extern C:\MCC18\src\traditional\proc\p18F24J50.asm
                   CCPR2H   0x000fb6       data     extern C:\MCC18\src\traditional\proc\p18F24J50.asm
                   CCPR2L   0x000fb5       data     extern C:\MCC18\src\traditional\proc\p18F24J50.asm
                   CM1CON   0x000fd2       data     extern C:\MCC18\src\traditional\proc\p18F24J50.asm
                  CM1CON1   0x000fd2       data     extern C:\MCC18\src\traditional\proc\p18F24J50.asm
              CM1CON1bits   0x000fd2       data     extern C:\MCC18\src\traditional\proc\p18F24J50.asm
               CM1CONbits   0x000fd2       data     extern C:\MCC18\src\traditional\proc\p18F24J50.asm
                   CM2CON   0x000fd1       data     extern C:\MCC18\src\traditional\proc\p18F24J50.asm
                  CM2CON1   0x000fd1       data     extern C:\MCC18\src\traditional\proc\p18F24J50.asm
              CM2CON1bits   0x000fd1       data     extern C:\MCC18\src\traditional\proc\p18F24J50.asm
               CM2CONbits   0x000fd1       data     extern C:\MCC18\src\traditional\proc\p18F24J50.asm
                   CMSTAT   0x000f70       data     extern C:\MCC18\src\traditional\proc\p18F24J50.asm
                 CMSTATUS   0x000f70       data     extern C:\MCC18\src\traditional\proc\p18F24J50.asm
             CMSTATUSbits   0x000f70       data     extern C:\MCC18\src\traditional\proc\p18F24J50.asm
               CMSTATbits   0x000f70       data     extern C:\MCC18\src\traditional\proc\p18F24J50.asm
                 CTMUCONH   0x000fb3       data     extern C:\MCC18\src\traditional\proc\p18F24J50.asm
             CTMUCONHbits   0x000fb3       data     extern C:\MCC18\src\traditional\proc\p18F24J50.asm
                 CTMUCONL   0x000fb2       data     extern C:\MCC18\src\traditional\proc\p18F24J50.asm
             CTMUCONLbits   0x000fb2       data     extern C:\MCC18\src\traditional\proc\p18F24J50.asm
                 CTMUICON   0x000fb1       data     extern C:\MCC18\src\traditional\proc\p18F24J50.asm
             CTMUICONbits   0x000fb1       data     extern C:\MCC18\src\traditional\proc\p18F24J50.asm
                   CVRCON   0x000f53       data     extern C:\MCC18\src\traditional\proc\p18F24J50.asm
               CVRCONbits   0x000f53       data     extern C:\MCC18\src\traditional\proc\p18F24J50.asm
                   DMABCH   0x000f66       data     extern C:\MCC18\src\traditional\proc\p18F24J50.asm
               DMABCHbits   0x000f66       data     extern C:\MCC18\src\traditional\proc\p18F24J50.asm
                   DMABCL   0x000f67       data     extern C:\MCC18\src\traditional\proc\p18F24J50.asm
                  DMACON1   0x000f88       data     extern C:\MCC18\src\traditional\proc\p18F24J50.asm
              DMACON1bits   0x000f88       data     extern C:\MCC18\src\traditional\proc\p18F24J50.asm
                  DMACON2   0x000f86       data     extern C:\MCC18\src\traditional\proc\p18F24J50.asm
              DMACON2bits   0x000f86       data     extern C:\MCC18\src\traditional\proc\p18F24J50.asm
                   DSCONH   0x000f4d       data     extern C:\MCC18\src\traditional\proc\p18F24J50.asm
               DSCONHbits   0x000f4d       data     extern C:\MCC18\src\traditional\proc\p18F24J50.asm
                   DSCONL   0x000f4c       data     extern C:\MCC18\src\traditional\proc\p18F24J50.asm
               DSCONLbits   0x000f4c       data     extern C:\MCC18\src\traditional\proc\p18F24J50.asm
                   DSGPR0   0x000f4e       data     extern C:\MCC18\src\traditional\proc\p18F24J50.asm
                   DSGPR1   0x000f4f       data     extern C:\MCC18\src\traditional\proc\p18F24J50.asm
                  DSWAKEH   0x000f4b       data     extern C:\MCC18\src\traditional\proc\p18F24J50.asm
              DSWAKEHbits   0x000f4b       data     extern C:\MCC18\src\traditional\proc\p18F24J50.asm
                  DSWAKEL   0x000f4a       data     extern C:\MCC18\src\traditional\proc\p18F24J50.asm
              DSWAKELbits   0x000f4a       data     extern C:\MCC18\src\traditional\proc\p18F24J50.asm
            DelayCounter1   0x00001a       data     extern C:\MCC18\src\traditional\delays\delayd1.asm
            DelayCounter2   0x000019       data     extern C:\MCC18\src\traditional\delays\delayd2.asm
                  ECCP1AS   0x000fbe       data     extern C:\MCC18\src\traditional\proc\p18F24J50.asm
              ECCP1ASbits   0x000fbe       data     extern C:\MCC18\src\traditional\proc\p18F24J50.asm
                 ECCP1CON   0x000fba       data     extern C:\MCC18\src\traditional\proc\p18F24J50.asm
             ECCP1CONbits   0x000fba       data     extern C:\MCC18\src\traditional\proc\p18F24J50.asm
                 ECCP1DEL   0x000fbd       data     extern C:\MCC18\src\traditional\proc\p18F24J50.asm
             ECCP1DELbits   0x000fbd       data     extern C:\MCC18\src\traditional\proc\p18F24J50.asm
                  ECCP2AS   0x000fb8       data     extern C:\MCC18\src\traditional\proc\p18F24J50.asm
              ECCP2ASbits   0x000fb8       data     extern C:\MCC18\src\traditional\proc\p18F24J50.asm
                 ECCP2CON   0x000fb4       data     extern C:\MCC18\src\traditional\proc\p18F24J50.asm
             ECCP2CONbits   0x000fb4       data     extern C:\MCC18\src\traditional\proc\p18F24J50.asm
                 ECCP2DEL   0x000fb7       data     extern C:\MCC18\src\traditional\proc\p18F24J50.asm
             ECCP2DELbits   0x000fb7       data     extern C:\MCC18\src\traditional\proc\p18F24J50.asm
                   EECON1   0x000fa6       data     extern C:\MCC18\src\traditional\proc\p18F24J50.asm
               EECON1bits   0x000fa6       data     extern C:\MCC18\src\traditional\proc\p18F24J50.asm
                   EECON2   0x000fa7       data     extern C:\MCC18\src\traditional\proc\p18F24J50.asm
                     FSR0   0x000fe9       data     extern C:\MCC18\src\traditional\proc\p18F24J50.asm
                    FSR0H   0x000fea       data     extern C:\MCC18\src\traditional\proc\p18F24J50.asm
                    FSR0L   0x000fe9       data     extern C:\MCC18\src\traditional\proc\p18F24J50.asm
                     FSR1   0x000fe1       data     extern C:\MCC18\src\traditional\proc\p18F24J50.asm
                    FSR1H   0x000fe2       data     extern C:\MCC18\src\traditional\proc\p18F24J50.asm
                    FSR1L   0x000fe1       data     extern C:\MCC18\src\traditional\proc\p18F24J50.asm
                     FSR2   0x000fd9       data     extern C:\MCC18\src\traditional\proc\p18F24J50.asm
                    FSR2H   0x000fda       data     extern C:\MCC18\src\traditional\proc\p18F24J50.asm
                    FSR2L   0x000fd9       data     extern C:\MCC18\src\traditional\proc\p18F24J50.asm
                  HLVDCON   0x000f85       data     extern C:\MCC18\src\traditional\proc\p18F24J50.asm
              HLVDCONbits   0x000f85       data     extern C:\MCC18\src\traditional\proc\p18F24J50.asm
                    INDF0   0x000fef       data     extern C:\MCC18\src\traditional\proc\p18F24J50.asm
                    INDF1   0x000fe7       data     extern C:\MCC18\src\traditional\proc\p18F24J50.asm
                    INDF2   0x000fdf       data     extern C:\MCC18\src\traditional\proc\p18F24J50.asm
                   INTCON   0x000ff2       data     extern C:\MCC18\src\traditional\proc\p18F24J50.asm
                  INTCON2   0x000ff1       data     extern C:\MCC18\src\traditional\proc\p18F24J50.asm
              INTCON2bits   0x000ff1       data     extern C:\MCC18\src\traditional\proc\p18F24J50.asm
                  INTCON3   0x000ff0       data     extern C:\MCC18\src\traditional\proc\p18F24J50.asm
              INTCON3bits   0x000ff0       data     extern C:\MCC18\src\traditional\proc\p18F24J50.asm
               INTCONbits   0x000ff2       data     extern C:\MCC18\src\traditional\proc\p18F24J50.asm
                     IPR1   0x000f9f       data     extern C:\MCC18\src\traditional\proc\p18F24J50.asm
                 IPR1bits   0x000f9f       data     extern C:\MCC18\src\traditional\proc\p18F24J50.asm
                     IPR2   0x000fa2       data     extern C:\MCC18\src\traditional\proc\p18F24J50.asm
                 IPR2bits   0x000fa2       data     extern C:\MCC18\src\traditional\proc\p18F24J50.asm
                     IPR3   0x000fa5       data     extern C:\MCC18\src\traditional\proc\p18F24J50.asm
                 IPR3bits   0x000fa5       data     extern C:\MCC18\src\traditional\proc\p18F24J50.asm
                     LATA   0x000f89       data     extern C:\MCC18\src\traditional\proc\p18F24J50.asm
                 LATAbits   0x000f89       data     extern C:\MCC18\src\traditional\proc\p18F24J50.asm
                     LATB   0x000f8a       data     extern C:\MCC18\src\traditional\proc\p18F24J50.asm
                 LATBbits   0x000f8a       data     extern C:\MCC18\src\traditional\proc\p18F24J50.asm
                     LATC   0x000f8b       data     extern C:\MCC18\src\traditional\proc\p18F24J50.asm
                 LATCbits   0x000f8b       data     extern C:\MCC18\src\traditional\proc\p18F24J50.asm
                   ODCON1   0x000f42       data     extern C:\MCC18\src\traditional\proc\p18F24J50.asm
               ODCON1bits   0x000f42       data     extern C:\MCC18\src\traditional\proc\p18F24J50.asm
                   ODCON2   0x000f41       data     extern C:\MCC18\src\traditional\proc\p18F24J50.asm
               ODCON2bits   0x000f41       data     extern C:\MCC18\src\traditional\proc\p18F24J50.asm
                   ODCON3   0x000f40       data     extern C:\MCC18\src\traditional\proc\p18F24J50.asm
               ODCON3bits   0x000f40       data     extern C:\MCC18\src\traditional\proc\p18F24J50.asm
                   OSCCON   0x000fd3       data     extern C:\MCC18\src\traditional\proc\p18F24J50.asm
               OSCCONbits   0x000fd3       data     extern C:\MCC18\src\traditional\proc\p18F24J50.asm
                  OSCTUNE   0x000f9b       data     extern C:\MCC18\src\traditional\proc\p18F24J50.asm
              OSCTUNEbits   0x000f9b       data     extern C:\MCC18\src\traditional\proc\p18F24J50.asm
                  PADCFG1   0x000f3c       data     extern C:\MCC18\src\traditional\proc\p18F24J50.asm
              PADCFG1bits   0x000f3c       data     extern C:\MCC18\src\traditional\proc\p18F24J50.asm
                       PC   0x000ff9       data     extern C:\MCC18\src\traditional\proc\p18F24J50.asm
                      PCL   0x000ff9       data     extern C:\MCC18\src\traditional\proc\p18F24J50.asm
                   PCLATH   0x000ffa       data     extern C:\MCC18\src\traditional\proc\p18F24J50.asm
                   PCLATU   0x000ffb       data     extern C:\MCC18\src\traditional\proc\p18F24J50.asm
                     PIE1   0x000f9d       data     extern C:\MCC18\src\traditional\proc\p18F24J50.asm
                 PIE1bits   0x000f9d       data     extern C:\MCC18\src\traditional\proc\p18F24J50.asm
                     PIE2   0x000fa0       data     extern C:\MCC18\src\traditional\proc\p18F24J50.asm
                 PIE2bits   0x000fa0       data     extern C:\MCC18\src\traditional\proc\p18F24J50.asm
                     PIE3   0x000fa3       data     extern C:\MCC18\src\traditional\proc\p18F24J50.asm
                 PIE3bits   0x000fa3       data     extern C:\MCC18\src\traditional\proc\p18F24J50.asm
                     PIR1   0x000f9e       data     extern C:\MCC18\src\traditional\proc\p18F24J50.asm
                 PIR1bits   0x000f9e       data     extern C:\MCC18\src\traditional\proc\p18F24J50.asm
                     PIR2   0x000fa1       data     extern C:\MCC18\src\traditional\proc\p18F24J50.asm
                 PIR2bits   0x000fa1       data     extern C:\MCC18\src\traditional\proc\p18F24J50.asm
                     PIR3   0x000fa4       data     extern C:\MCC18\src\traditional\proc\p18F24J50.asm
                 PIR3bits   0x000fa4       data     extern C:\MCC18\src\traditional\proc\p18F24J50.asm
                   PLUSW0   0x000feb       data     extern C:\MCC18\src\traditional\proc\p18F24J50.asm
                   PLUSW1   0x000fe3       data     extern C:\MCC18\src\traditional\proc\p18F24J50.asm
                   PLUSW2   0x000fdb       data     extern C:\MCC18\src\traditional\proc\p18F24J50.asm
                    PORTA   0x000f80       data     extern C:\MCC18\src\traditional\proc\p18F24J50.asm
                PORTAbits   0x000f80       data     extern C:\MCC18\src\traditional\proc\p18F24J50.asm
                    PORTB   0x000f81       data     extern C:\MCC18\src\traditional\proc\p18F24J50.asm
                PORTBbits   0x000f81       data     extern C:\MCC18\src\traditional\proc\p18F24J50.asm
                    PORTC   0x000f82       data     extern C:\MCC18\src\traditional\proc\p18F24J50.asm
                PORTCbits   0x000f82       data     extern C:\MCC18\src\traditional\proc\p18F24J50.asm
                 POSTDEC0   0x000fed       data     extern C:\MCC18\src\traditional\proc\p18F24J50.asm
                 POSTDEC1   0x000fe5       data     extern C:\MCC18\src\traditional\proc\p18F24J50.asm
                 POSTDEC2   0x000fdd       data     extern C:\MCC18\src\traditional\proc\p18F24J50.asm
                 POSTINC0   0x000fee       data     extern C:\MCC18\src\traditional\proc\p18F24J50.asm
                 POSTINC1   0x000fe6       data     extern C:\MCC18\src\traditional\proc\p18F24J50.asm
                 POSTINC2   0x000fde       data     extern C:\MCC18\src\traditional\proc\p18F24J50.asm
                   PPSCON   0x000eff       data     extern C:\MCC18\src\traditional\proc\p18F24J50.asm
               PPSCONbits   0x000eff       data     extern C:\MCC18\src\traditional\proc\p18F24J50.asm
                      PR2   0x000fcb       data     extern C:\MCC18\src\traditional\proc\p18F24J50.asm
                      PR4   0x000f77       data     extern C:\MCC18\src\traditional\proc\p18F24J50.asm
                  PREINC0   0x000fec       data     extern C:\MCC18\src\traditional\proc\p18F24J50.asm
                  PREINC1   0x000fe4       data     extern C:\MCC18\src\traditional\proc\p18F24J50.asm
                  PREINC2   0x000fdc       data     extern C:\MCC18\src\traditional\proc\p18F24J50.asm
                     PROD   0x000ff3       data     extern C:\MCC18\src\traditional\proc\p18F24J50.asm
                    PRODH   0x000ff4       data     extern C:\MCC18\src\traditional\proc\p18F24J50.asm
                    PRODL   0x000ff3       data     extern C:\MCC18\src\traditional\proc\p18F24J50.asm
                 PSTR1CON   0x000fbf       data     extern C:\MCC18\src\traditional\proc\p18F24J50.asm
             PSTR1CONbits   0x000fbf       data     extern C:\MCC18\src\traditional\proc\p18F24J50.asm
                 PSTR2CON   0x000fb9       data     extern C:\MCC18\src\traditional\proc\p18F24J50.asm
             PSTR2CONbits   0x000fb9       data     extern C:\MCC18\src\traditional\proc\p18F24J50.asm
                  PWM1CON   0x000fbd       data     extern C:\MCC18\src\traditional\proc\p18F24J50.asm
              PWM1CONbits   0x000fbd       data     extern C:\MCC18\src\traditional\proc\p18F24J50.asm
                  PWM2CON   0x000fb7       data     extern C:\MCC18\src\traditional\proc\p18F24J50.asm
              PWM2CONbits   0x000fb7       data     extern C:\MCC18\src\traditional\proc\p18F24J50.asm
                     RCON   0x000fd0       data     extern C:\MCC18\src\traditional\proc\p18F24J50.asm
                 RCONbits   0x000fd0       data     extern C:\MCC18\src\traditional\proc\p18F24J50.asm
                    RCREG   0x000faf       data     extern C:\MCC18\src\traditional\proc\p18F24J50.asm
                   RCREG1   0x000faf       data     extern C:\MCC18\src\traditional\proc\p18F24J50.asm
                   RCREG2   0x000faa       data     extern C:\MCC18\src\traditional\proc\p18F24J50.asm
                    RCSTA   0x000fac       data     extern C:\MCC18\src\traditional\proc\p18F24J50.asm
                   RCSTA1   0x000fac       data     extern C:\MCC18\src\traditional\proc\p18F24J50.asm
               RCSTA1bits   0x000fac       data     extern C:\MCC18\src\traditional\proc\p18F24J50.asm
                   RCSTA2   0x000f9c       data     extern C:\MCC18\src\traditional\proc\p18F24J50.asm
               RCSTA2bits   0x000f9c       data     extern C:\MCC18\src\traditional\proc\p18F24J50.asm
                RCSTAbits   0x000fac       data     extern C:\MCC18\src\traditional\proc\p18F24J50.asm
                  REFOCON   0x000f3d       data     extern C:\MCC18\src\traditional\proc\p18F24J50.asm
              REFOCONbits   0x000f3d       data     extern C:\MCC18\src\traditional\proc\p18F24J50.asm
                   RPINR1   0x000ee7       data     extern C:\MCC18\src\traditional\proc\p18F24J50.asm
                  RPINR12   0x000ef2       data     extern C:\MCC18\src\traditional\proc\p18F24J50.asm
                  RPINR13   0x000ef3       data     extern C:\MCC18\src\traditional\proc\p18F24J50.asm
                  RPINR16   0x000ef6       data     extern C:\MCC18\src\traditional\proc\p18F24J50.asm
                  RPINR17   0x000ef7       data     extern C:\MCC18\src\traditional\proc\p18F24J50.asm
                   RPINR2   0x000ee8       data     extern C:\MCC18\src\traditional\proc\p18F24J50.asm
                  RPINR21   0x000efb       data     extern C:\MCC18\src\traditional\proc\p18F24J50.asm
                  RPINR22   0x000efc       data     extern C:\MCC18\src\traditional\proc\p18F24J50.asm
                  RPINR23   0x000efd       data     extern C:\MCC18\src\traditional\proc\p18F24J50.asm
                  RPINR24   0x000efe       data     extern C:\MCC18\src\traditional\proc\p18F24J50.asm
                   RPINR3   0x000ee9       data     extern C:\MCC18\src\traditional\proc\p18F24J50.asm
                   RPINR4   0x000eea       data     extern C:\MCC18\src\traditional\proc\p18F24J50.asm
                   RPINR6   0x000eec       data     extern C:\MCC18\src\traditional\proc\p18F24J50.asm
                   RPINR7   0x000eed       data     extern C:\MCC18\src\traditional\proc\p18F24J50.asm
                   RPINR8   0x000eee       data     extern C:\MCC18\src\traditional\proc\p18F24J50.asm
                    RPOR0   0x000ec6       data     extern C:\MCC18\src\traditional\proc\p18F24J50.asm
                    RPOR1   0x000ec7       data     extern C:\MCC18\src\traditional\proc\p18F24J50.asm
                   RPOR10   0x000ed0       data     extern C:\MCC18\src\traditional\proc\p18F24J50.asm
                   RPOR11   0x000ed1       data     extern C:\MCC18\src\traditional\proc\p18F24J50.asm
                   RPOR12   0x000ed2       data     extern C:\MCC18\src\traditional\proc\p18F24J50.asm
                   RPOR13   0x000ed3       data     extern C:\MCC18\src\traditional\proc\p18F24J50.asm
                   RPOR17   0x000ed7       data     extern C:\MCC18\src\traditional\proc\p18F24J50.asm
                   RPOR18   0x000ed8       data     extern C:\MCC18\src\traditional\proc\p18F24J50.asm
                    RPOR2   0x000ec8       data     extern C:\MCC18\src\traditional\proc\p18F24J50.asm
                    RPOR3   0x000ec9       data     extern C:\MCC18\src\traditional\proc\p18F24J50.asm
                    RPOR4   0x000eca       data     extern C:\MCC18\src\traditional\proc\p18F24J50.asm
                    RPOR5   0x000ecb       data     extern C:\MCC18\src\traditional\proc\p18F24J50.asm
                    RPOR6   0x000ecc       data     extern C:\MCC18\src\traditional\proc\p18F24J50.asm
                    RPOR7   0x000ecd       data     extern C:\MCC18\src\traditional\proc\p18F24J50.asm
                    RPOR8   0x000ece       data     extern C:\MCC18\src\traditional\proc\p18F24J50.asm
                    RPOR9   0x000ecf       data     extern C:\MCC18\src\traditional\proc\p18F24J50.asm
                   RTCCAL   0x000f3e       data     extern C:\MCC18\src\traditional\proc\p18F24J50.asm
               RTCCALbits   0x000f3e       data     extern C:\MCC18\src\traditional\proc\p18F24J50.asm
                   RTCCFG   0x000f3f       data     extern C:\MCC18\src\traditional\proc\p18F24J50.asm
               RTCCFGbits   0x000f3f       data     extern C:\MCC18\src\traditional\proc\p18F24J50.asm
                  RTCVALH   0x000f99       data     extern C:\MCC18\src\traditional\proc\p18F24J50.asm
                  RTCVALL   0x000f98       data     extern C:\MCC18\src\traditional\proc\p18F24J50.asm
                  RXADDRH   0x000f68       data     extern C:\MCC18\src\traditional\proc\p18F24J50.asm
              RXADDRHbits   0x000f68       data     extern C:\MCC18\src\traditional\proc\p18F24J50.asm
                  RXADDRL   0x000f69       data     extern C:\MCC18\src\traditional\proc\p18F24J50.asm
                     SIGN   0x000000       data     extern C:\MCC18\src\traditional\math\cmath18.asm
                    SPBRG   0x000fb0       data     extern C:\MCC18\src\traditional\proc\p18F24J50.asm
                   SPBRG1   0x000fb0       data     extern C:\MCC18\src\traditional\proc\p18F24J50.asm
                   SPBRG2   0x000fab       data     extern C:\MCC18\src\traditional\proc\p18F24J50.asm
                   SPBRGH   0x000f7f       data     extern C:\MCC18\src\traditional\proc\p18F24J50.asm
                  SPBRGH1   0x000f7f       data     extern C:\MCC18\src\traditional\proc\p18F24J50.asm
                  SPBRGH2   0x000f7d       data     extern C:\MCC18\src\traditional\proc\p18F24J50.asm
                  SSP1ADD   0x000fc8       data     extern C:\MCC18\src\traditional\proc\p18F24J50.asm
              SSP1ADDbits   0x000fc8       data     extern C:\MCC18\src\traditional\proc\p18F24J50.asm
                  SSP1BUF   0x000fc9       data     extern C:\MCC18\src\traditional\proc\p18F24J50.asm
                 SSP1CON1   0x000fc6       data     extern C:\MCC18\src\traditional\proc\p18F24J50.asm
             SSP1CON1bits   0x000fc6       data     extern C:\MCC18\src\traditional\proc\p18F24J50.asm
                 SSP1CON2   0x000fc5       data     extern C:\MCC18\src\traditional\proc\p18F24J50.asm
             SSP1CON2bits   0x000fc5       data     extern C:\MCC18\src\traditional\proc\p18F24J50.asm
                 SSP1STAT   0x000fc7       data     extern C:\MCC18\src\traditional\proc\p18F24J50.asm
             SSP1STATbits   0x000fc7       data     extern C:\MCC18\src\traditional\proc\p18F24J50.asm
                  SSP2ADD   0x000f74       data     extern C:\MCC18\src\traditional\proc\p18F24J50.asm
              SSP2ADDbits   0x000f74       data     extern C:\MCC18\src\traditional\proc\p18F24J50.asm
                  SSP2BUF   0x000f75       data     extern C:\MCC18\src\traditional\proc\p18F24J50.asm
                 SSP2CON1   0x000f72       data     extern C:\MCC18\src\traditional\proc\p18F24J50.asm
             SSP2CON1bits   0x000f72       data     extern C:\MCC18\src\traditional\proc\p18F24J50.asm
                 SSP2CON2   0x000f71       data     extern C:\MCC18\src\traditional\proc\p18F24J50.asm
             SSP2CON2bits   0x000f71       data     extern C:\MCC18\src\traditional\proc\p18F24J50.asm
                 SSP2STAT   0x000f73       data     extern C:\MCC18\src\traditional\proc\p18F24J50.asm
             SSP2STATbits   0x000f73       data     extern C:\MCC18\src\traditional\proc\p18F24J50.asm
                   SSPADD   0x000fc8       data     extern C:\MCC18\src\traditional\proc\p18F24J50.asm
               SSPADDbits   0x000fc8       data     extern C:\MCC18\src\traditional\proc\p18F24J50.asm
                   SSPBUF   0x000fc9       data     extern C:\MCC18\src\traditional\proc\p18F24J50.asm
                  SSPCON1   0x000fc6       data     extern C:\MCC18\src\traditional\proc\p18F24J50.asm
              SSPCON1bits   0x000fc6       data     extern C:\MCC18\src\traditional\proc\p18F24J50.asm
                  SSPCON2   0x000fc5       data     extern C:\MCC18\src\traditional\proc\p18F24J50.asm
              SSPCON2bits   0x000fc5       data     extern C:\MCC18\src\traditional\proc\p18F24J50.asm
                  SSPSTAT   0x000fc7       data     extern C:\MCC18\src\traditional\proc\p18F24J50.asm
              SSPSTATbits   0x000fc7       data     extern C:\MCC18\src\traditional\proc\p18F24J50.asm
                   STATUS   0x000fd8       data     extern C:\MCC18\src\traditional\proc\p18F24J50.asm
               STATUSbits   0x000fd8       data     extern C:\MCC18\src\traditional\proc\p18F24J50.asm
                   STKPTR   0x000ffc       data     extern C:\MCC18\src\traditional\proc\p18F24J50.asm
               STKPTRbits   0x000ffc       data     extern C:\MCC18\src\traditional\proc\p18F24J50.asm
                    T0CON   0x000fd5       data     extern C:\MCC18\src\traditional\proc\p18F24J50.asm
                T0CONbits   0x000fd5       data     extern C:\MCC18\src\traditional\proc\p18F24J50.asm
                    T1CON   0x000fcd       data     extern C:\MCC18\src\traditional\proc\p18F24J50.asm
                T1CONbits   0x000fcd       data     extern C:\MCC18\src\traditional\proc\p18F24J50.asm
                   T1GCON   0x000f9a       data     extern C:\MCC18\src\traditional\proc\p18F24J50.asm
               T1GCONbits   0x000f9a       data     extern C:\MCC18\src\traditional\proc\p18F24J50.asm
                    T2CON   0x000fca       data     extern C:\MCC18\src\traditional\proc\p18F24J50.asm
                T2CONbits   0x000fca       data     extern C:\MCC18\src\traditional\proc\p18F24J50.asm
                    T3CON   0x000f79       data     extern C:\MCC18\src\traditional\proc\p18F24J50.asm
                T3CONbits   0x000f79       data     extern C:\MCC18\src\traditional\proc\p18F24J50.asm
                   T3GCON   0x000f97       data     extern C:\MCC18\src\traditional\proc\p18F24J50.asm
               T3GCONbits   0x000f97       data     extern C:\MCC18\src\traditional\proc\p18F24J50.asm
                    T4CON   0x000f76       data     extern C:\MCC18\src\traditional\proc\p18F24J50.asm
                T4CONbits   0x000f76       data     extern C:\MCC18\src\traditional\proc\p18F24J50.asm
                   TABLAT   0x000ff5       data     extern C:\MCC18\src\traditional\proc\p18F24J50.asm
                   TBLPTR   0x000ff6       data     extern C:\MCC18\src\traditional\proc\p18F24J50.asm
                  TBLPTRH   0x000ff7       data     extern C:\MCC18\src\traditional\proc\p18F24J50.asm
                  TBLPTRL   0x000ff6       data     extern C:\MCC18\src\traditional\proc\p18F24J50.asm
                  TBLPTRU   0x000ff8       data     extern C:\MCC18\src\traditional\proc\p18F24J50.asm
                  TCLKCON   0x000f52       data     extern C:\MCC18\src\traditional\proc\p18F24J50.asm
              TCLKCONbits   0x000f52       data     extern C:\MCC18\src\traditional\proc\p18F24J50.asm
                    TMR0H   0x000fd7       data     extern C:\MCC18\src\traditional\proc\p18F24J50.asm
                    TMR0L   0x000fd6       data     extern C:\MCC18\src\traditional\proc\p18F24J50.asm
                    TMR1H   0x000fcf       data     extern C:\MCC18\src\traditional\proc\p18F24J50.asm
                    TMR1L   0x000fce       data     extern C:\MCC18\src\traditional\proc\p18F24J50.asm
                     TMR2   0x000fcc       data     extern C:\MCC18\src\traditional\proc\p18F24J50.asm
                    TMR3H   0x000f7b       data     extern C:\MCC18\src\traditional\proc\p18F24J50.asm
                    TMR3L   0x000f7a       data     extern C:\MCC18\src\traditional\proc\p18F24J50.asm
                     TMR4   0x000f78       data     extern C:\MCC18\src\traditional\proc\p18F24J50.asm
                      TOS   0x000ffd       data     extern C:\MCC18\src\traditional\proc\p18F24J50.asm
                     TOSH   0x000ffe       data     extern C:\MCC18\src\traditional\proc\p18F24J50.asm
                     TOSL   0x000ffd       data     extern C:\MCC18\src\traditional\proc\p18F24J50.asm
                     TOSU   0x000fff       data     extern C:\MCC18\src\traditional\proc\p18F24J50.asm
                    TRISA   0x000f92       data     extern C:\MCC18\src\traditional\proc\p18F24J50.asm
                TRISAbits   0x000f92       data     extern C:\MCC18\src\traditional\proc\p18F24J50.asm
                    TRISB   0x000f93       data     extern C:\MCC18\src\traditional\proc\p18F24J50.asm
                TRISBbits   0x000f93       data     extern C:\MCC18\src\traditional\proc\p18F24J50.asm
                    TRISC   0x000f94       data     extern C:\MCC18\src\traditional\proc\p18F24J50.asm
                TRISCbits   0x000f94       data     extern C:\MCC18\src\traditional\proc\p18F24J50.asm
                  TXADDRH   0x000f6a       data     extern C:\MCC18\src\traditional\proc\p18F24J50.asm
              TXADDRHbits   0x000f6a       data     extern C:\MCC18\src\traditional\proc\p18F24J50.asm
                  TXADDRL   0x000f6b       data     extern C:\MCC18\src\traditional\proc\p18F24J50.asm
                    TXREG   0x000fae       data     extern C:\MCC18\src\traditional\proc\p18F24J50.asm
                   TXREG1   0x000fae       data     extern C:\MCC18\src\traditional\proc\p18F24J50.asm
                   TXREG2   0x000fa9       data     extern C:\MCC18\src\traditional\proc\p18F24J50.asm
                    TXSTA   0x000fad       data     extern C:\MCC18\src\traditional\proc\p18F24J50.asm
                   TXSTA1   0x000fad       data     extern C:\MCC18\src\traditional\proc\p18F24J50.asm
               TXSTA1bits   0x000fad       data     extern C:\MCC18\src\traditional\proc\p18F24J50.asm
                   TXSTA2   0x000fa8       data     extern C:\MCC18\src\traditional\proc\p18F24J50.asm
               TXSTA2bits   0x000fa8       data     extern C:\MCC18\src\traditional\proc\p18F24J50.asm
                TXSTAbits   0x000fad       data     extern C:\MCC18\src\traditional\proc\p18F24J50.asm
                    UADDR   0x000f38       data     extern C:\MCC18\src\traditional\proc\p18F24J50.asm
                UADDRbits   0x000f38       data     extern C:\MCC18\src\traditional\proc\p18F24J50.asm
                     UCFG   0x000f39       data     extern C:\MCC18\src\traditional\proc\p18F24J50.asm
                 UCFGbits   0x000f39       data     extern C:\MCC18\src\traditional\proc\p18F24J50.asm
                     UCON   0x000f65       data     extern C:\MCC18\src\traditional\proc\p18F24J50.asm
                 UCONbits   0x000f65       data     extern C:\MCC18\src\traditional\proc\p18F24J50.asm
                     UEIE   0x000f37       data     extern C:\MCC18\src\traditional\proc\p18F24J50.asm
                 UEIEbits   0x000f37       data     extern C:\MCC18\src\traditional\proc\p18F24J50.asm
                     UEIR   0x000f63       data     extern C:\MCC18\src\traditional\proc\p18F24J50.asm
                 UEIRbits   0x000f63       data     extern C:\MCC18\src\traditional\proc\p18F24J50.asm
                     UEP0   0x000f26       data     extern C:\MCC18\src\traditional\proc\p18F24J50.asm
                 UEP0bits   0x000f26       data     extern C:\MCC18\src\traditional\proc\p18F24J50.asm
                     UEP1   0x000f27       data     extern C:\MCC18\src\traditional\proc\p18F24J50.asm
                    UEP10   0x000f30       data     extern C:\MCC18\src\traditional\proc\p18F24J50.asm
                UEP10bits   0x000f30       data     extern C:\MCC18\src\traditional\proc\p18F24J50.asm
                    UEP11   0x000f31       data     extern C:\MCC18\src\traditional\proc\p18F24J50.asm
                UEP11bits   0x000f31       data     extern C:\MCC18\src\traditional\proc\p18F24J50.asm
                    UEP12   0x000f32       data     extern C:\MCC18\src\traditional\proc\p18F24J50.asm
                UEP12bits   0x000f32       data     extern C:\MCC18\src\traditional\proc\p18F24J50.asm
                    UEP13   0x000f33       data     extern C:\MCC18\src\traditional\proc\p18F24J50.asm
                UEP13bits   0x000f33       data     extern C:\MCC18\src\traditional\proc\p18F24J50.asm
                    UEP14   0x000f34       data     extern C:\MCC18\src\traditional\proc\p18F24J50.asm
                UEP14bits   0x000f34       data     extern C:\MCC18\src\traditional\proc\p18F24J50.asm
                    UEP15   0x000f35       data     extern C:\MCC18\src\traditional\proc\p18F24J50.asm
                UEP15bits   0x000f35       data     extern C:\MCC18\src\traditional\proc\p18F24J50.asm
                 UEP1bits   0x000f27       data     extern C:\MCC18\src\traditional\proc\p18F24J50.asm
                     UEP2   0x000f28       data     extern C:\MCC18\src\traditional\proc\p18F24J50.asm
                 UEP2bits   0x000f28       data     extern C:\MCC18\src\traditional\proc\p18F24J50.asm
                     UEP3   0x000f29       data     extern C:\MCC18\src\traditional\proc\p18F24J50.asm
                 UEP3bits   0x000f29       data     extern C:\MCC18\src\traditional\proc\p18F24J50.asm
                     UEP4   0x000f2a       data     extern C:\MCC18\src\traditional\proc\p18F24J50.asm
                 UEP4bits   0x000f2a       data     extern C:\MCC18\src\traditional\proc\p18F24J50.asm
                     UEP5   0x000f2b       data     extern C:\MCC18\src\traditional\proc\p18F24J50.asm
                 UEP5bits   0x000f2b       data     extern C:\MCC18\src\traditional\proc\p18F24J50.asm
                     UEP6   0x000f2c       data     extern C:\MCC18\src\traditional\proc\p18F24J50.asm
                 UEP6bits   0x000f2c       data     extern C:\MCC18\src\traditional\proc\p18F24J50.asm
                     UEP7   0x000f2d       data     extern C:\MCC18\src\traditional\proc\p18F24J50.asm
                 UEP7bits   0x000f2d       data     extern C:\MCC18\src\traditional\proc\p18F24J50.asm
                     UEP8   0x000f2e       data     extern C:\MCC18\src\traditional\proc\p18F24J50.asm
                 UEP8bits   0x000f2e       data     extern C:\MCC18\src\traditional\proc\p18F24J50.asm
                     UEP9   0x000f2f       data     extern C:\MCC18\src\traditional\proc\p18F24J50.asm
                 UEP9bits   0x000f2f       data     extern C:\MCC18\src\traditional\proc\p18F24J50.asm
                     UFRM   0x000f60       data     extern C:\MCC18\src\traditional\proc\p18F24J50.asm
                    UFRMH   0x000f61       data     extern C:\MCC18\src\traditional\proc\p18F24J50.asm
                UFRMHbits   0x000f61       data     extern C:\MCC18\src\traditional\proc\p18F24J50.asm
                    UFRML   0x000f60       data     extern C:\MCC18\src\traditional\proc\p18F24J50.asm
                UFRMLbits   0x000f60       data     extern C:\MCC18\src\traditional\proc\p18F24J50.asm
                      UIE   0x000f36       data     extern C:\MCC18\src\traditional\proc\p18F24J50.asm
                  UIEbits   0x000f36       data     extern C:\MCC18\src\traditional\proc\p18F24J50.asm
                      UIR   0x000f62       data     extern C:\MCC18\src\traditional\proc\p18F24J50.asm
                  UIRbits   0x000f62       data     extern C:\MCC18\src\traditional\proc\p18F24J50.asm
                    USTAT   0x000f64       data     extern C:\MCC18\src\traditional\proc\p18F24J50.asm
                USTATbits   0x000f64       data     extern C:\MCC18\src\traditional\proc\p18F24J50.asm
                   WDTCON   0x000fc0       data     extern C:\MCC18\src\traditional\proc\p18F24J50.asm
               WDTCONbits   0x000fc0       data     extern C:\MCC18\src\traditional\proc\p18F24J50.asm
                     WREG   0x000fe8       data     extern C:\MCC18\src\traditional\proc\p18F24J50.asm
                 __AARGB0   0x000009       data     extern C:\MCC18\src\traditional\math\aarg.asm
                 __AARGB1   0x000008       data     extern C:\MCC18\src\traditional\math\aarg.asm
                 __AARGB2   0x000007       data     extern C:\MCC18\src\traditional\math\aarg.asm
                 __AARGB3   0x000006       data     extern C:\MCC18\src\traditional\math\aarg.asm
                 __AARGB4   0x000005       data     extern C:\MCC18\src\traditional\math\aarg.asm
                 __AARGB5   0x000004       data     extern C:\MCC18\src\traditional\math\aarg.asm
                 __AARGB6   0x000003       data     extern C:\MCC18\src\traditional\math\aarg.asm
                 __AARGB7   0x000002       data     extern C:\MCC18\src\traditional\math\aarg.asm
                   __AEXP   0x00000a       data     extern C:\MCC18\src\traditional\math\aarg.asm
                 __BARGB0   0x00000e       data     extern C:\MCC18\src\traditional\math\barg.asm
                 __BARGB1   0x00000d       data     extern C:\MCC18\src\traditional\math\barg.asm
                 __BARGB2   0x00000c       data     extern C:\MCC18\src\traditional\math\barg.asm
                 __BARGB3   0x00000b       data     extern C:\MCC18\src\traditional\math\barg.asm
                   __BEXP   0x00000f       data     extern C:\MCC18\src\traditional\math\barg.asm
                __FPFLAGS   0x000001       data     extern C:\MCC18\src\traditional\math\cmath18.asm
            __FPFLAGSbits   0x000001       data     extern C:\MCC18\src\traditional\math\cmath18.asm
                  __REMB0   0x000005       data     extern C:\MCC18\src\traditional\math\aarg.asm
                  __REMB1   0x000004       data     extern C:\MCC18\src\traditional\math\aarg.asm
                  __REMB2   0x000003       data     extern C:\MCC18\src\traditional\math\aarg.asm
                  __REMB3   0x000002       data     extern C:\MCC18\src\traditional\math\aarg.asm
                   __TEMP   0x000013       data     extern C:\MCC18\src\traditional\math\temparg.asm
                 __TEMPB0   0x000013       data     extern C:\MCC18\src\traditional\math\temparg.asm
                 __TEMPB1   0x000012       data     extern C:\MCC18\src\traditional\math\temparg.asm
                 __TEMPB2   0x000011       data     extern C:\MCC18\src\traditional\math\temparg.asm
                 __TEMPB3   0x000010       data     extern C:\MCC18\src\traditional\math\temparg.asm
                  __tmp_0   0x000014       data     static E:\Work\dp-svn\trunk\Honken USB stack CDC test\cdc.c
                  __tmp_0   0x000014       data     static E:\Work\dp-svn\trunk\Honken USB stack CDC test\main.c
                  __tmp_0   0x000014       data     static E:\Work\dp-svn\trunk\Honken USB stack CDC test\usb_stack.c
                      bdp   0x0005f7       data     extern E:\Work\dp-svn\trunk\Honken USB stack CDC test\usb_stack.c
        cdc_acm_in_buffer   0x000508       data     extern E:\Work\dp-svn\trunk\Honken USB stack CDC test\cdc.c
       cdc_acm_out_buffer   0x000500       data     extern E:\Work\dp-svn\trunk\Honken USB stack CDC test\cdc.c
            cdc_rx_buffer   0x000510       data     extern E:\Work\dp-svn\trunk\Honken USB stack CDC test\cdc.c
            cdc_tx_buffer   0x000518       data     extern E:\Work\dp-svn\trunk\Honken USB stack CDC test\cdc.c
      class_setup_handler   0x00053d       data     extern E:\Work\dp-svn\trunk\Honken USB stack CDC test\usb_stack.c
                      cls   0x000487       data     extern E:\Work\dp-svn\trunk\Honken USB stack CDC test\cdc.c
                curr_byte   0x000494       data     static C:\MCC18\src\traditional\startup\c018i.c
               curr_entry   0x000496       data     static C:\MCC18\src\traditional\startup\c018i.c
                     data   0x000489       data     extern E:\Work\dp-svn\trunk\Honken USB stack CDC test\cdc.c
                 data_end   0x00048b       data     extern E:\Work\dp-svn\trunk\Honken USB stack CDC test\cdc.c
                 data_ptr   0x000498       data     static C:\MCC18\src\traditional\startup\c018i.c
                endpoints   0x000541       data     extern E:\Work\dp-svn\trunk\Honken USB stack CDC test\usb_stack.c
              linecodeing   0x000480       data     extern E:\Work\dp-svn\trunk\Honken USB stack CDC test\cdc.c
               parity_str   0x00049b       data     extern E:\Work\dp-svn\trunk\Honken USB stack CDC test\cdc.c
                     prom   0x000491       data     static C:\MCC18\src\traditional\startup\c018i.c
                     rbdp   0x0005f9       data     extern E:\Work\dp-svn\trunk\Honken USB stack CDC test\usb_stack.c
                    rxbdp   0x00048d       data     extern E:\Work\dp-svn\trunk\Honken USB stack CDC test\cdc.c
              sof_handler   0x00053b       data     extern E:\Work\dp-svn\trunk\Honken USB stack CDC test\usb_stack.c
                     test   0x0004a0       data     extern E:\Work\dp-svn\trunk\Honken USB stack CDC test\main.c
               trn_status   0x0005f6       data     extern E:\Work\dp-svn\trunk\Honken USB stack CDC test\usb_stack.c
                    txbdp   0x00048f       data     extern E:\Work\dp-svn\trunk\Honken USB stack CDC test\cdc.c
         usb_addr_pending   0x0005f5       data     extern E:\Work\dp-svn\trunk\Honken USB stack CDC test\usb_stack.c
                  usb_bdt   0x000400       data     extern E:\Work\dp-svn\trunk\Honken USB stack CDC test\usb_stack.c
    usb_config_descriptor   0x000533       data     extern E:\Work\dp-svn\trunk\Honken USB stack CDC test\usb_stack.c
           usb_configured   0x0005f3       data     extern E:\Work\dp-svn\trunk\Honken USB stack CDC test\usb_stack.c
             usb_desc_len   0x0005fe       data     extern E:\Work\dp-svn\trunk\Honken USB stack CDC test\usb_stack.c
             usb_desc_ptr   0x0005fb       data     extern E:\Work\dp-svn\trunk\Honken USB stack CDC test\usb_stack.c
    usb_device_descriptor   0x000530       data     extern E:\Work\dp-svn\trunk\Honken USB stack CDC test\usb_stack.c
        usb_device_status   0x0005f1       data     extern E:\Work\dp-svn\trunk\Honken USB stack CDC test\usb_stack.c
           usb_ep0_in_buf   0x000528       data     extern E:\Work\dp-svn\trunk\Honken USB stack CDC test\usb_stack.c
          usb_ep0_out_buf   0x000520       data     extern E:\Work\dp-svn\trunk\Honken USB stack CDC test\usb_stack.c
usb_num_string_descriptors   0x000539       data     extern E:\Work\dp-svn\trunk\Honken USB stack CDC test\usb_stack.c
    usb_string_descriptor   0x000536       data     extern E:\Work\dp-svn\trunk\Honken USB stack CDC test\usb_stack.c
     vendor_setup_handler   0x00053f       data     extern E:\Work\dp-svn\trunk\Honken USB stack CDC test\usb_stack.c



                              Symbols - Sorted by Address
                     Name    Address   Location    Storage File                     
                ---------  ---------  ---------  --------- ---------                
                   _entry   0x000000    program     extern C:\MCC18\src\traditional\startup\c018i.c
       ___return_lbl00000   0x000004    program     static                          
                 High_ISR   0x000008    program     extern E:\Work\dp-svn\trunk\Honken USB stack CDC test\main.c
                  Low_ISR   0x000018    program     extern E:\Work\dp-svn\trunk\Honken USB stack CDC test\main.c
                 usb_init   0x000838    program     extern E:\Work\dp-svn\trunk\Honken USB stack CDC test\usb_stack.c
                usb_start   0x000c7e    program     extern E:\Work\dp-svn\trunk\Honken USB stack CDC test\usb_stack.c
              usb_handler   0x000c8e    program     extern E:\Work\dp-svn\trunk\Honken USB stack CDC test\usb_stack.c
         ___else_lbl00036   0x000c98    program     static                          
         ___else_lbl00034   0x000ca2    program     static                          
           ___do_lbl00021   0x000ca6    program     static                          
        ___while_lbl00019   0x000ca8    program     static                          
           ___do_lbl00018   0x000cb0    program     static                          
        ___while_lbl00020   0x000cb0    program     static                          
           ___do_lbl00017   0x000cb0    program     static                          
         ___else_lbl00032   0x000cb4    program     static                          
         ___else_lbl00030   0x000cc0    program     static                          
         ___else_lbl00028   0x000cc8    program     static                          
           ___if_lbl00022   0x000ce2    program     static                          
        ___while_lbl00023   0x000ce6    program     static                          
         ___else_lbl00026   0x000ce6    program     static                          
       ___return_lbl00016   0x000cf0    program     static                          
        ___while_lbl00024   0x000cf0    program     static                          
           ___if_lbl00035   0x000cf0    program     static                          
           ___if_lbl00033   0x000cf0    program     static                          
           ___if_lbl00031   0x000cf0    program     static                          
           ___if_lbl00029   0x000cf0    program     static                          
           ___if_lbl00027   0x000cf0    program     static                          
           ___if_lbl00025   0x000cf0    program     static                          
         usb_handle_error   0x000cf2    program     extern E:\Work\dp-svn\trunk\Honken USB stack CDC test\usb_stack.c
         usb_handle_reset   0x000cf6    program     extern E:\Work\dp-svn\trunk\Honken USB stack CDC test\usb_stack.c
   usb_handle_transaction   0x000fa8    program     extern E:\Work\dp-svn\trunk\Honken USB stack CDC test\usb_stack.c
         usb_handle_setup   0x00100a    program     extern E:\Work\dp-svn\trunk\Honken USB stack CDC test\usb_stack.c
usb_handle_StandardDeviceRequest   0x00115e    program     extern E:\Work\dp-svn\trunk\Honken USB stack CDC test\usb_stack.c
usb_handle_StandardInterfaceRequest   0x0018ac    program     extern E:\Work\dp-svn\trunk\Honken USB stack CDC test\usb_stack.c
usb_handle_StandardEndpointRequest   0x0019ea    program     extern E:\Work\dp-svn\trunk\Honken USB stack CDC test\usb_stack.c
            usb_handle_in   0x001c6a    program     extern E:\Work\dp-svn\trunk\Honken USB stack CDC test\usb_stack.c
           usb_handle_out   0x001cd4    program     extern E:\Work\dp-svn\trunk\Honken USB stack CDC test\usb_stack.c
 usb_register_sof_handler   0x001d3e    program     extern E:\Work\dp-svn\trunk\Honken USB stack CDC test\usb_stack.c
usb_register_class_setup_handler   0x001d5a    program     extern E:\Work\dp-svn\trunk\Honken USB stack CDC test\usb_stack.c
usb_register_vendor_setup_handler   0x001d76    program     extern E:\Work\dp-svn\trunk\Honken USB stack CDC test\usb_stack.c
    usb_register_endpoint   0x001d92    program     extern E:\Work\dp-svn\trunk\Honken USB stack CDC test\usb_stack.c
       usb_set_in_handler   0x001eea    program     extern E:\Work\dp-svn\trunk\Honken USB stack CDC test\usb_stack.c
      usb_set_out_handler   0x001f34    program     extern E:\Work\dp-svn\trunk\Honken USB stack CDC test\usb_stack.c
                  usb_ack   0x001f7e    program     extern E:\Work\dp-svn\trunk\Honken USB stack CDC test\usb_stack.c
             usb_ack_zero   0x001fb8    program     extern E:\Work\dp-svn\trunk\Honken USB stack CDC test\usb_stack.c
              usb_ack_out   0x002002    program     extern E:\Work\dp-svn\trunk\Honken USB stack CDC test\usb_stack.c
         usb_RequestError   0x00204e    program     extern E:\Work\dp-svn\trunk\Honken USB stack CDC test\usb_stack.c
          usb_set_address   0x0020a8    program     extern E:\Work\dp-svn\trunk\Honken USB stack CDC test\usb_stack.c
      usb_send_descriptor   0x0020da    program     extern E:\Work\dp-svn\trunk\Honken USB stack CDC test\usb_stack.c
                  InitCDC   0x002228    program     extern E:\Work\dp-svn\trunk\Honken USB stack CDC test\cdc.c
                cdc_setup   0x00232e    program     extern E:\Work\dp-svn\trunk\Honken USB stack CDC test\cdc.c
      cdc_get_line_coding   0x00250a    program     extern E:\Work\dp-svn\trunk\Honken USB stack CDC test\cdc.c
 cdc_set_line_coding_data   0x002522    program     extern E:\Work\dp-svn\trunk\Honken USB stack CDC test\cdc.c
cdc_set_line_coding_status   0x0025a6    program     extern E:\Work\dp-svn\trunk\Honken USB stack CDC test\cdc.c
cdc_set_control_line_state_status   0x0025be    program     extern E:\Work\dp-svn\trunk\Honken USB stack CDC test\cdc.c
              cdc_acm_out   0x0025d6    program     extern E:\Work\dp-svn\trunk\Honken USB stack CDC test\cdc.c
               cdc_acm_in   0x0025d8    program     extern E:\Work\dp-svn\trunk\Honken USB stack CDC test\cdc.c
                   cdc_rx   0x0025da    program     extern E:\Work\dp-svn\trunk\Honken USB stack CDC test\cdc.c
                   cdc_tx   0x002640    program     extern E:\Work\dp-svn\trunk\Honken USB stack CDC test\cdc.c
             cdc_flush_tx   0x00265e    program     extern E:\Work\dp-svn\trunk\Honken USB stack CDC test\cdc.c
                  OpenCDC   0x00269a    program     extern E:\Work\dp-svn\trunk\Honken USB stack CDC test\cdc.c
                 CloseCDC   0x0026a6    program     extern E:\Work\dp-svn\trunk\Honken USB stack CDC test\cdc.c
                  BusyCDC   0x0026a8    program     extern E:\Work\dp-svn\trunk\Honken USB stack CDC test\cdc.c
               DataRdyCDC   0x0026b6    program     extern E:\Work\dp-svn\trunk\Honken USB stack CDC test\cdc.c
                  getcCDC   0x0026c8    program     extern E:\Work\dp-svn\trunk\Honken USB stack CDC test\cdc.c
                  getaCDC   0x00271a    program     extern E:\Work\dp-svn\trunk\Honken USB stack CDC test\cdc.c
                  getsCDC   0x0027a8    program     extern E:\Work\dp-svn\trunk\Honken USB stack CDC test\cdc.c
                  putcCDC   0x0027e6    program     extern E:\Work\dp-svn\trunk\Honken USB stack CDC test\cdc.c
                  putaCDC   0x002854    program     extern E:\Work\dp-svn\trunk\Honken USB stack CDC test\cdc.c
                  putsCDC   0x002906    program     extern E:\Work\dp-svn\trunk\Honken USB stack CDC test\cdc.c
                 putrsCDC   0x002942    program     extern E:\Work\dp-svn\trunk\Honken USB stack CDC test\cdc.c
                  baudCDC   0x00297e    program     extern E:\Work\dp-svn\trunk\Honken USB stack CDC test\cdc.c
    cdc_device_descriptor   0x00298a    program     extern E:\Work\dp-svn\trunk\Honken USB stack CDC test\descriptors.h
    cdc_config_descriptor   0x00299c    program     extern E:\Work\dp-svn\trunk\Honken USB stack CDC test\descriptors.h
            cdc_str_descs   0x0029df    program     extern E:\Work\dp-svn\trunk\Honken USB stack CDC test\descriptors.h
                _do_cinit   0x002a32    program     extern C:\MCC18\src\traditional\startup\c018i.c
                     test   0x002a4c    program     static                          
                copy_loop   0x002aa4    program     static                          
            copy_one_byte   0x002aaa    program     static                          
             done_copying   0x002ab8    program     static                          
       ___return_lbl00002   0x002ace    program     static                          
                     done   0x002ace    program     static                          
                     main   0x002ad0    program     extern E:\Work\dp-svn\trunk\Honken USB stack CDC test\main.c
                     init   0x002b1c    program     extern E:\Work\dp-svn\trunk\Honken USB stack CDC test\main.c
                 FXM1616S   0x002b6e    program     extern C:\MCC18\src\traditional\math\fxm1616s.asm
               TSIGN1616A   0x002bba    program     static C:\MCC18\src\traditional\math\fxm1616s.asm
                   memcpy   0x002bc8    program     extern C:\MCC18\src\traditional\stdclib\memcpy.asm
                    jLoop   0x002bf0    program     static C:\MCC18\src\traditional\stdclib\memcpy.asm
              _4jContinue   0x002bfc    program     static C:\MCC18\src\traditional\stdclib\memcpy.asm
                   _5jEnd   0x002c06    program     static C:\MCC18\src\traditional\stdclib\memcpy.asm
                     jEnd   0x002c0c    program     static C:\MCC18\src\traditional\stdclib\memcpy.asm
             Delay10KTCYx   0x002c1e    program     extern C:\MCC18\src\traditional\delays\d10ktcyx.asm
                    D10Kx   0x002c28    program     static C:\MCC18\src\traditional\delays\d10ktcyx.asm
                   D10K_1   0x002c2a    program     static C:\MCC18\src\traditional\delays\d10ktcyx.asm
       _D10KTCYXCODE_0010   0x002c2e    program     static C:\MCC18\src\traditional\delays\d10ktcyx.asm
                    D10Kl   0x002c36    program     static C:\MCC18\src\traditional\delays\d10ktcyx.asm
       _D10KTCYXCODE_001C   0x002c3a    program     static C:\MCC18\src\traditional\delays\d10ktcyx.asm
            __zero_memory   0x002c4c    program     extern C:\MCC18\src\traditional\proc\p18F24J50.asm
               zero_block   0x002c5a    program     static C:\MCC18\src\traditional\proc\p18F24J50.asm
                   loop_h   0x002c5a    program     static C:\MCC18\src\traditional\proc\p18F24J50.asm
                compare_l   0x002c62    program     static C:\MCC18\src\traditional\proc\p18F24J50.asm
                   loop_l   0x002c64    program     static C:\MCC18\src\traditional\proc\p18F24J50.asm
                 _startup   0x002c6c    program     extern C:\MCC18\src\traditional\startup\c018i.c
                     loop   0x002c7c    program     static                          
       ___return_lbl00001   0x002c86    program     static                          
                   __init   0x002c88    program     extern C:\MCC18\src\traditional\stdclib\__init.c
               __config_0   0x003ff8    program     static E:\Work\dp-svn\trunk\Honken USB stack CDC test\main.c
               __config_1   0x003ff9    program     static E:\Work\dp-svn\trunk\Honken USB stack CDC test\main.c
               __config_2   0x003ffa    program     static E:\Work\dp-svn\trunk\Honken USB stack CDC test\main.c
               __config_3   0x003ffb    program     static E:\Work\dp-svn\trunk\Honken USB stack CDC test\main.c
               __config_4   0x003ffc    program     static E:\Work\dp-svn\trunk\Honken USB stack CDC test\main.c
               __config_5   0x003ffd    program     static E:\Work\dp-svn\trunk\Honken USB stack CDC test\main.c
               __config_6   0x003ffe    program     static E:\Work\dp-svn\trunk\Honken USB stack CDC test\main.c
               __config_7   0x003fff    program     static E:\Work\dp-svn\trunk\Honken USB stack CDC test\main.c
                     SIGN   0x000000       data     extern C:\MCC18\src\traditional\math\cmath18.asm
            __FPFLAGSbits   0x000001       data     extern C:\MCC18\src\traditional\math\cmath18.asm
                __FPFLAGS   0x000001       data     extern C:\MCC18\src\traditional\math\cmath18.asm
                  __REMB3   0x000002       data     extern C:\MCC18\src\traditional\math\aarg.asm
                 __AARGB7   0x000002       data     extern C:\MCC18\src\traditional\math\aarg.asm
                  __REMB2   0x000003       data     extern C:\MCC18\src\traditional\math\aarg.asm
                 __AARGB6   0x000003       data     extern C:\MCC18\src\traditional\math\aarg.asm
                 __AARGB5   0x000004       data     extern C:\MCC18\src\traditional\math\aarg.asm
                  __REMB1   0x000004       data     extern C:\MCC18\src\traditional\math\aarg.asm
                 __AARGB4   0x000005       data     extern C:\MCC18\src\traditional\math\aarg.asm
                  __REMB0   0x000005       data     extern C:\MCC18\src\traditional\math\aarg.asm
                 __AARGB3   0x000006       data     extern C:\MCC18\src\traditional\math\aarg.asm
                 __AARGB2   0x000007       data     extern C:\MCC18\src\traditional\math\aarg.asm
                 __AARGB1   0x000008       data     extern C:\MCC18\src\traditional\math\aarg.asm
                 __AARGB0   0x000009       data     extern C:\MCC18\src\traditional\math\aarg.asm
                   __AEXP   0x00000a       data     extern C:\MCC18\src\traditional\math\aarg.asm
                 __BARGB3   0x00000b       data     extern C:\MCC18\src\traditional\math\barg.asm
                 __BARGB2   0x00000c       data     extern C:\MCC18\src\traditional\math\barg.asm
                 __BARGB1   0x00000d       data     extern C:\MCC18\src\traditional\math\barg.asm
                 __BARGB0   0x00000e       data     extern C:\MCC18\src\traditional\math\barg.asm
                   __BEXP   0x00000f       data     extern C:\MCC18\src\traditional\math\barg.asm
                 __TEMPB3   0x000010       data     extern C:\MCC18\src\traditional\math\temparg.asm
                 __TEMPB2   0x000011       data     extern C:\MCC18\src\traditional\math\temparg.asm
                 __TEMPB1   0x000012       data     extern C:\MCC18\src\traditional\math\temparg.asm
                   __TEMP   0x000013       data     extern C:\MCC18\src\traditional\math\temparg.asm
                 __TEMPB0   0x000013       data     extern C:\MCC18\src\traditional\math\temparg.asm
                  __tmp_0   0x000014       data     static E:\Work\dp-svn\trunk\Honken USB stack CDC test\main.c
                  __tmp_0   0x000014       data     static E:\Work\dp-svn\trunk\Honken USB stack CDC test\usb_stack.c
                  __tmp_0   0x000014       data     static E:\Work\dp-svn\trunk\Honken USB stack CDC test\cdc.c
            DelayCounter2   0x000019       data     extern C:\MCC18\src\traditional\delays\delayd2.asm
            DelayCounter1   0x00001a       data     extern C:\MCC18\src\traditional\delays\delayd1.asm
                  usb_bdt   0x000400       data     extern E:\Work\dp-svn\trunk\Honken USB stack CDC test\usb_stack.c
              linecodeing   0x000480       data     extern E:\Work\dp-svn\trunk\Honken USB stack CDC test\cdc.c
                      cls   0x000487       data     extern E:\Work\dp-svn\trunk\Honken USB stack CDC test\cdc.c
[...]
                TRISBbits   0x000f93       data     extern C:\MCC18\src\traditional\proc\p18F24J50.asm
                TRISCbits   0x000f94       data     extern C:\MCC18\src\traditional\proc\p18F24J50.asm
                    TRISC   0x000f94       data     extern C:\MCC18\src\traditional\proc\p18F24J50.asm
               T3GCONbits   0x000f97       data     extern C:\MCC18\src\traditional\proc\p18F24J50.asm
                   T3GCON   0x000f97       data     extern C:\MCC18\src\traditional\proc\p18F24J50.asm
                  RTCVALL   0x000f98       data     extern C:\MCC18\src\traditional\proc\p18F24J50.asm
                  RTCVALH   0x000f99       data     extern C:\MCC18\src\traditional\proc\p18F24J50.asm
                   T1GCON   0x000f9a       data     extern C:\MCC18\src\traditional\proc\p18F24J50.asm
               T1GCONbits   0x000f9a       data     extern C:\MCC18\src\traditional\proc\p18F24J50.asm
                  OSCTUNE   0x000f9b       data     extern C:\MCC18\src\traditional\proc\p18F24J50.asm
              OSCTUNEbits   0x000f9b       data     extern C:\MCC18\src\traditional\proc\p18F24J50.asm
               RCSTA2bits   0x000f9c       data     extern C:\MCC18\src\traditional\proc\p18F24J50.asm
                   RCSTA2   0x000f9c       data     extern C:\MCC18\src\traditional\proc\p18F24J50.asm
                     PIE1   0x000f9d       data     extern C:\MCC18\src\traditional\proc\p18F24J50.asm
                 PIE1bits   0x000f9d       data     extern C:\MCC18\src\traditional\proc\p18F24J50.asm
                     PIR1   0x000f9e       data     extern C:\MCC18\src\traditional\proc\p18F24J50.asm
                 PIR1bits   0x000f9e       data     extern C:\MCC18\src\traditional\proc\p18F24J50.asm
                     IPR1   0x000f9f       data     extern C:\MCC18\src\traditional\proc\p18F24J50.asm
                 IPR1bits   0x000f9f       data     extern C:\MCC18\src\traditional\proc\p18F24J50.asm
                 PIE2bits   0x000fa0       data     extern C:\MCC18\src\traditional\proc\p18F24J50.asm
                     PIE2   0x000fa0       data     extern C:\MCC18\src\traditional\proc\p18F24J50.asm
                     PIR2   0x000fa1       data     extern C:\MCC18\src\traditional\proc\p18F24J50.asm
                 PIR2bits   0x000fa1       data     extern C:\MCC18\src\traditional\proc\p18F24J50.asm
                     IPR2   0x000fa2       data     extern C:\MCC18\src\traditional\proc\p18F24J50.asm
                 IPR2bits   0x000fa2       data     extern C:\MCC18\src\traditional\proc\p18F24J50.asm
                     PIE3   0x000fa3       data     extern C:\MCC18\src\traditional\proc\p18F24J50.asm
                 PIE3bits   0x000fa3       data     extern C:\MCC18\src\traditional\proc\p18F24J50.asm
                     PIR3   0x000fa4       data     extern C:\MCC18\src\traditional\proc\p18F24J50.asm
                 PIR3bits   0x000fa4       data     extern C:\MCC18\src\traditional\proc\p18F24J50.asm
                     IPR3   0x000fa5       data     extern C:\MCC18\src\traditional\proc\p18F24J50.asm
                 IPR3bits   0x000fa5       data     extern C:\MCC18\src\traditional\proc\p18F24J50.asm
                   EECON1   0x000fa6       data     extern C:\MCC18\src\traditional\proc\p18F24J50.asm
               EECON1bits   0x000fa6       data     extern C:\MCC18\src\traditional\proc\p18F24J50.asm
                   EECON2   0x000fa7       data     extern C:\MCC18\src\traditional\proc\p18F24J50.asm
                   TXSTA2   0x000fa8       data     extern C:\MCC18\src\traditional\proc\p18F24J50.asm
               TXSTA2bits   0x000fa8       data     extern C:\MCC18\src\traditional\proc\p18F24J50.asm
                   TXREG2   0x000fa9       data     extern C:\MCC18\src\traditional\proc\p18F24J50.asm
                   RCREG2   0x000faa       data     extern C:\MCC18\src\traditional\proc\p18F24J50.asm
                   SPBRG2   0x000fab       data     extern C:\MCC18\src\traditional\proc\p18F24J50.asm
                RCSTAbits   0x000fac       data     extern C:\MCC18\src\traditional\proc\p18F24J50.asm
               RCSTA1bits   0x000fac       data     extern C:\MCC18\src\traditional\proc\p18F24J50.asm
                   RCSTA1   0x000fac       data     extern C:\MCC18\src\traditional\proc\p18F24J50.asm
                    RCSTA   0x000fac       data     extern C:\MCC18\src\traditional\proc\p18F24J50.asm
                TXSTAbits   0x000fad       data     extern C:\MCC18\src\traditional\proc\p18F24J50.asm
               TXSTA1bits   0x000fad       data     extern C:\MCC18\src\traditional\proc\p18F24J50.asm
                   TXSTA1   0x000fad       data     extern C:\MCC18\src\traditional\proc\p18F24J50.asm
                    TXSTA   0x000fad       data     extern C:\MCC18\src\traditional\proc\p18F24J50.asm
                   TXREG1   0x000fae       data     extern C:\MCC18\src\traditional\proc\p18F24J50.asm
                    TXREG   0x000fae       data     extern C:\MCC18\src\traditional\proc\p18F24J50.asm
                    RCREG   0x000faf       data     extern C:\MCC18\src\traditional\proc\p18F24J50.asm
                   RCREG1   0x000faf       data     extern C:\MCC18\src\traditional\proc\p18F24J50.asm
                   SPBRG1   0x000fb0       data     extern C:\MCC18\src\traditional\proc\p18F24J50.asm
                    SPBRG   0x000fb0       data     extern C:\MCC18\src\traditional\proc\p18F24J50.asm
                 CTMUICON   0x000fb1       data     extern C:\MCC18\src\traditional\proc\p18F24J50.asm
             CTMUICONbits   0x000fb1       data     extern C:\MCC18\src\traditional\proc\p18F24J50.asm
                 CTMUCONL   0x000fb2       data     extern C:\MCC18\src\traditional\proc\p18F24J50.asm
             CTMUCONLbits   0x000fb2       data     extern C:\MCC18\src\traditional\proc\p18F24J50.asm
                 CTMUCONH   0x000fb3       data     extern C:\MCC18\src\traditional\proc\p18F24J50.asm
             CTMUCONHbits   0x000fb3       data     extern C:\MCC18\src\traditional\proc\p18F24J50.asm
             ECCP2CONbits   0x000fb4       data     extern C:\MCC18\src\traditional\proc\p18F24J50.asm
              CCP2CONbits   0x000fb4       data     extern C:\MCC18\src\traditional\proc\p18F24J50.asm
                  CCP2CON   0x000fb4       data     extern C:\MCC18\src\traditional\proc\p18F24J50.asm
                 ECCP2CON   0x000fb4       data     extern C:\MCC18\src\traditional\proc\p18F24J50.asm
                   CCPR2L   0x000fb5       data     extern C:\MCC18\src\traditional\proc\p18F24J50.asm
                    CCPR2   0x000fb5       data     extern C:\MCC18\src\traditional\proc\p18F24J50.asm
                   CCPR2H   0x000fb6       data     extern C:\MCC18\src\traditional\proc\p18F24J50.asm
             ECCP2DELbits   0x000fb7       data     extern C:\MCC18\src\traditional\proc\p18F24J50.asm
                 ECCP2DEL   0x000fb7       data     extern C:\MCC18\src\traditional\proc\p18F24J50.asm
              PWM2CONbits   0x000fb7       data     extern C:\MCC18\src\traditional\proc\p18F24J50.asm
                  PWM2CON   0x000fb7       data     extern C:\MCC18\src\traditional\proc\p18F24J50.asm
                  ECCP2AS   0x000fb8       data     extern C:\MCC18\src\traditional\proc\p18F24J50.asm
              ECCP2ASbits   0x000fb8       data     extern C:\MCC18\src\traditional\proc\p18F24J50.asm
             PSTR2CONbits   0x000fb9       data     extern C:\MCC18\src\traditional\proc\p18F24J50.asm
                 PSTR2CON   0x000fb9       data     extern C:\MCC18\src\traditional\proc\p18F24J50.asm
                 ECCP1CON   0x000fba       data     extern C:\MCC18\src\traditional\proc\p18F24J50.asm
             ECCP1CONbits   0x000fba       data     extern C:\MCC18\src\traditional\proc\p18F24J50.asm
              CCP1CONbits   0x000fba       data     extern C:\MCC18\src\traditional\proc\p18F24J50.asm
                  CCP1CON   0x000fba       data     extern C:\MCC18\src\traditional\proc\p18F24J50.asm
                    CCPR1   0x000fbb       data     extern C:\MCC18\src\traditional\proc\p18F24J50.asm
                   CCPR1L   0x000fbb       data     extern C:\MCC18\src\traditional\proc\p18F24J50.asm
                   CCPR1H   0x000fbc       data     extern C:\MCC18\src\traditional\proc\p18F24J50.asm
              PWM1CONbits   0x000fbd       data     extern C:\MCC18\src\traditional\proc\p18F24J50.asm
                  PWM1CON   0x000fbd       data     extern C:\MCC18\src\traditional\proc\p18F24J50.asm
                 ECCP1DEL   0x000fbd       data     extern C:\MCC18\src\traditional\proc\p18F24J50.asm
             ECCP1DELbits   0x000fbd       data     extern C:\MCC18\src\traditional\proc\p18F24J50.asm
              ECCP1ASbits   0x000fbe       data     extern C:\MCC18\src\traditional\proc\p18F24J50.asm
                  ECCP1AS   0x000fbe       data     extern C:\MCC18\src\traditional\proc\p18F24J50.asm
                 PSTR1CON   0x000fbf       data     extern C:\MCC18\src\traditional\proc\p18F24J50.asm
             PSTR1CONbits   0x000fbf       data     extern C:\MCC18\src\traditional\proc\p18F24J50.asm
               WDTCONbits   0x000fc0       data     extern C:\MCC18\src\traditional\proc\p18F24J50.asm
                   WDTCON   0x000fc0       data     extern C:\MCC18\src\traditional\proc\p18F24J50.asm
               ADCON1bits   0x000fc1       data     extern C:\MCC18\src\traditional\proc\p18F24J50.asm
                   ADCON1   0x000fc1       data     extern C:\MCC18\src\traditional\proc\p18F24J50.asm
                   ADCON0   0x000fc2       data     extern C:\MCC18\src\traditional\proc\p18F24J50.asm
               ADCON0bits   0x000fc2       data     extern C:\MCC18\src\traditional\proc\p18F24J50.asm
                    ADRES   0x000fc3       data     extern C:\MCC18\src\traditional\proc\p18F24J50.asm
                   ADRESL   0x000fc3       data     extern C:\MCC18\src\traditional\proc\p18F24J50.asm
                   ADRESH   0x000fc4       data     extern C:\MCC18\src\traditional\proc\p18F24J50.asm
              SSPCON2bits   0x000fc5       data     extern C:\MCC18\src\traditional\proc\p18F24J50.asm
                  SSPCON2   0x000fc5       data     extern C:\MCC18\src\traditional\proc\p18F24J50.asm
             SSP1CON2bits   0x000fc5       data     extern C:\MCC18\src\traditional\proc\p18F24J50.asm
                 SSP1CON2   0x000fc5       data     extern C:\MCC18\src\traditional\proc\p18F24J50.asm
             SSP1CON1bits   0x000fc6       data     extern C:\MCC18\src\traditional\proc\p18F24J50.asm
                 SSP1CON1   0x000fc6       data     extern C:\MCC18\src\traditional\proc\p18F24J50.asm
                  SSPCON1   0x000fc6       data     extern C:\MCC18\src\traditional\proc\p18F24J50.asm
              SSPCON1bits   0x000fc6       data     extern C:\MCC18\src\traditional\proc\p18F24J50.asm
              SSPSTATbits   0x000fc7       data     extern C:\MCC18\src\traditional\proc\p18F24J50.asm
                  SSPSTAT   0x000fc7       data     extern C:\MCC18\src\traditional\proc\p18F24J50.asm
             SSP1STATbits   0x000fc7       data     extern C:\MCC18\src\traditional\proc\p18F24J50.asm
                 SSP1STAT   0x000fc7       data     extern C:\MCC18\src\traditional\proc\p18F24J50.asm
              SSP1ADDbits   0x000fc8       data     extern C:\MCC18\src\traditional\proc\p18F24J50.asm
                  SSP1ADD   0x000fc8       data     extern C:\MCC18\src\traditional\proc\p18F24J50.asm
               SSPADDbits   0x000fc8       data     extern C:\MCC18\src\traditional\proc\p18F24J50.asm
                   SSPADD   0x000fc8       data     extern C:\MCC18\src\traditional\proc\p18F24J50.asm
                   SSPBUF   0x000fc9       data     extern C:\MCC18\src\traditional\proc\p18F24J50.asm
                  SSP1BUF   0x000fc9       data     extern C:\MCC18\src\traditional\proc\p18F24J50.asm
                    T2CON   0x000fca       data     extern C:\MCC18\src\traditional\proc\p18F24J50.asm
                T2CONbits   0x000fca       data     extern C:\MCC18\src\traditional\proc\p18F24J50.asm
                      PR2   0x000fcb       data     extern C:\MCC18\src\traditional\proc\p18F24J50.asm
                     TMR2   0x000fcc       data     extern C:\MCC18\src\traditional\proc\p18F24J50.asm
                T1CONbits   0x000fcd       data     extern C:\MCC18\src\traditional\proc\p18F24J50.asm
                    T1CON   0x000fcd       data     extern C:\MCC18\src\traditional\proc\p18F24J50.asm
                    TMR1L   0x000fce       data     extern C:\MCC18\src\traditional\proc\p18F24J50.asm
                    TMR1H   0x000fcf       data     extern C:\MCC18\src\traditional\proc\p18F24J50.asm
                 RCONbits   0x000fd0       data     extern C:\MCC18\src\traditional\proc\p18F24J50.asm
                     RCON   0x000fd0       data     extern C:\MCC18\src\traditional\proc\p18F24J50.asm
                   CM2CON   0x000fd1       data     extern C:\MCC18\src\traditional\proc\p18F24J50.asm
                  CM2CON1   0x000fd1       data     extern C:\MCC18\src\traditional\proc\p18F24J50.asm
              CM2CON1bits   0x000fd1       data     extern C:\MCC18\src\traditional\proc\p18F24J50.asm
               CM2CONbits   0x000fd1       data     extern C:\MCC18\src\traditional\proc\p18F24J50.asm
                   CM1CON   0x000fd2       data     extern C:\MCC18\src\traditional\proc\p18F24J50.asm
                  CM1CON1   0x000fd2       data     extern C:\MCC18\src\traditional\proc\p18F24J50.asm
              CM1CON1bits   0x000fd2       data     extern C:\MCC18\src\traditional\proc\p18F24J50.asm
               CM1CONbits   0x000fd2       data     extern C:\MCC18\src\traditional\proc\p18F24J50.asm
               OSCCONbits   0x000fd3       data     extern C:\MCC18\src\traditional\proc\p18F24J50.asm
                   OSCCON   0x000fd3       data     extern C:\MCC18\src\traditional\proc\p18F24J50.asm
                T0CONbits   0x000fd5       data     extern C:\MCC18\src\traditional\proc\p18F24J50.asm
                    T0CON   0x000fd5       data     extern C:\MCC18\src\traditional\proc\p18F24J50.asm
                    TMR0L   0x000fd6       data     extern C:\MCC18\src\traditional\proc\p18F24J50.asm
                    TMR0H   0x000fd7       data     extern C:\MCC18\src\traditional\proc\p18F24J50.asm
               STATUSbits   0x000fd8       data     extern C:\MCC18\src\traditional\proc\p18F24J50.asm
                   STATUS   0x000fd8       data     extern C:\MCC18\src\traditional\proc\p18F24J50.asm
                     FSR2   0x000fd9       data     extern C:\MCC18\src\traditional\proc\p18F24J50.asm
                    FSR2L   0x000fd9       data     extern C:\MCC18\src\traditional\proc\p18F24J50.asm
                    FSR2H   0x000fda       data     extern C:\MCC18\src\traditional\proc\p18F24J50.asm
                   PLUSW2   0x000fdb       data     extern C:\MCC18\src\traditional\proc\p18F24J50.asm
                  PREINC2   0x000fdc       data     extern C:\MCC18\src\traditional\proc\p18F24J50.asm
                 POSTDEC2   0x000fdd       data     extern C:\MCC18\src\traditional\proc\p18F24J50.asm
                 POSTINC2   0x000fde       data     extern C:\MCC18\src\traditional\proc\p18F24J50.asm
                    INDF2   0x000fdf       data     extern C:\MCC18\src\traditional\proc\p18F24J50.asm
                      BSR   0x000fe0       data     extern C:\MCC18\src\traditional\proc\p18F24J50.asm
                     FSR1   0x000fe1       data     extern C:\MCC18\src\traditional\proc\p18F24J50.asm
                    FSR1L   0x000fe1       data     extern C:\MCC18\src\traditional\proc\p18F24J50.asm
                    FSR1H   0x000fe2       data     extern C:\MCC18\src\traditional\proc\p18F24J50.asm
                   PLUSW1   0x000fe3       data     extern C:\MCC18\src\traditional\proc\p18F24J50.asm
                  PREINC1   0x000fe4       data     extern C:\MCC18\src\traditional\proc\p18F24J50.asm
                 POSTDEC1   0x000fe5       data     extern C:\MCC18\src\traditional\proc\p18F24J50.asm
                 POSTINC1   0x000fe6       data     extern C:\MCC18\src\traditional\proc\p18F24J50.asm
                    INDF1   0x000fe7       data     extern C:\MCC18\src\traditional\proc\p18F24J50.asm
                     WREG   0x000fe8       data     extern C:\MCC18\src\traditional\proc\p18F24J50.asm
                     FSR0   0x000fe9       data     extern C:\MCC18\src\traditional\proc\p18F24J50.asm
                    FSR0L   0x000fe9       data     extern C:\MCC18\src\traditional\proc\p18F24J50.asm
                    FSR0H   0x000fea       data     extern C:\MCC18\src\traditional\proc\p18F24J50.asm
                   PLUSW0   0x000feb       data     extern C:\MCC18\src\traditional\proc\p18F24J50.asm
                  PREINC0   0x000fec       data     extern C:\MCC18\src\traditional\proc\p18F24J50.asm
                 POSTDEC0   0x000fed       data     extern C:\MCC18\src\traditional\proc\p18F24J50.asm
                 POSTINC0   0x000fee       data     extern C:\MCC18\src\traditional\proc\p18F24J50.asm
                    INDF0   0x000fef       data     extern C:\MCC18\src\traditional\proc\p18F24J50.asm
                  INTCON3   0x000ff0       data     extern C:\MCC18\src\traditional\proc\p18F24J50.asm
              INTCON3bits   0x000ff0       data     extern C:\MCC18\src\traditional\proc\p18F24J50.asm
              INTCON2bits   0x000ff1       data     extern C:\MCC18\src\traditional\proc\p18F24J50.asm
                  INTCON2   0x000ff1       data     extern C:\MCC18\src\traditional\proc\p18F24J50.asm
               INTCONbits   0x000ff2       data     extern C:\MCC18\src\traditional\proc\p18F24J50.asm
                   INTCON   0x000ff2       data     extern C:\MCC18\src\traditional\proc\p18F24J50.asm
                     PROD   0x000ff3       data     extern C:\MCC18\src\traditional\proc\p18F24J50.asm
                    PRODL   0x000ff3       data     extern C:\MCC18\src\traditional\proc\p18F24J50.asm
                    PRODH   0x000ff4       data     extern C:\MCC18\src\traditional\proc\p18F24J50.asm
                   TABLAT   0x000ff5       data     extern C:\MCC18\src\traditional\proc\p18F24J50.asm
                   TBLPTR   0x000ff6       data     extern C:\MCC18\src\traditional\proc\p18F24J50.asm
                  TBLPTRL   0x000ff6       data     extern C:\MCC18\src\traditional\proc\p18F24J50.asm
                  TBLPTRH   0x000ff7       data     extern C:\MCC18\src\traditional\proc\p18F24J50.asm
                  TBLPTRU   0x000ff8       data     extern C:\MCC18\src\traditional\proc\p18F24J50.asm
                       PC   0x000ff9       data     extern C:\MCC18\src\traditional\proc\p18F24J50.asm
                      PCL   0x000ff9       data     extern C:\MCC18\src\traditional\proc\p18F24J50.asm
                   PCLATH   0x000ffa       data     extern C:\MCC18\src\traditional\proc\p18F24J50.asm
                   PCLATU   0x000ffb       data     extern C:\MCC18\src\traditional\proc\p18F24J50.asm
                   STKPTR   0x000ffc       data     extern C:\MCC18\src\traditional\proc\p18F24J50.asm
               STKPTRbits   0x000ffc       data     extern C:\MCC18\src\traditional\proc\p18F24J50.asm
                     TOSL   0x000ffd       data     extern C:\MCC18\src\traditional\proc\p18F24J50.asm
                      TOS   0x000ffd       data     extern C:\MCC18\src\traditional\proc\p18F24J50.asm
                     TOSH   0x000ffe       data     extern C:\MCC18\src\traditional\proc\p18F24J50.asm
                     TOSU   0x000fff       data     extern C:\MCC18\src\traditional\proc\p18F24J50.asm


