V3 10
FL E:/Work/dp-svn/trunk/BusBlasterv2/bitstreams/JTAGkey/BBv2JTAGKEY.vhf 2010/12/28.15:17:42 M.53d
EN work/OBUFT4_MXILINX_BBv2JTAGKEY 1293546120 \
      FL E:/Work/dp-svn/trunk/BusBlasterv2/bitstreams/JTAGkey/BBv2JTAGKEY.vhf \
      PB ieee/std_logic_1164 1270894585 PB ieee/NUMERIC_STD 1270894586 LB UNISIM \
      PH unisim/VCOMPONENTS 1270894587
AR work/OBUFT4_MXILINX_BBv2JTAGKEY/BEHAVIORAL 1293546121 \
      FL E:/Work/dp-svn/trunk/BusBlasterv2/bitstreams/JTAGkey/BBv2JTAGKEY.vhf \
      EN work/OBUFT4_MXILINX_BBv2JTAGKEY 1293546120 CP OBUFT
EN work/BBv2JTAGKEY 1293546122 \
      FL E:/Work/dp-svn/trunk/BusBlasterv2/bitstreams/JTAGkey/BBv2JTAGKEY.vhf \
      PB ieee/std_logic_1164 1270894585 PB ieee/NUMERIC_STD 1270894586 LB UNISIM \
      PH unisim/VCOMPONENTS 1270894587
AR work/BBv2JTAGKEY/BEHAVIORAL 1293546123 \
      FL E:/Work/dp-svn/trunk/BusBlasterv2/bitstreams/JTAGkey/BBv2JTAGKEY.vhf \
      EN work/BBv2JTAGKEY 1293546122 CP OBUF CP IBUF CP OBUFT4_MXILINX_BBv2JTAGKEY \
      CP OBUFT
