MPLINK 4.37, Linker
Linker Map File - Created Mon Apr 18 18:49:38 2011

                                 Section Info
                  Section       Type    Address   Location Size(Bytes)
                ---------  ---------  ---------  ---------  ---------
                   .org_1       code   0x000000    program   0x000002
                   .cinit    romdata   0x000001    program   0x000004
                   .org_2       code   0x000004    program   0x000c1a
     .config_2007_SUPMP.O       code   0x002007    program   0x000002



                              Program Memory Usage 
                               Start         End      
                           ---------   ---------      
                            0x000000    0x000002      
                            0x000004    0x000610      
                            0x002007    0x002007      
            1553 out of 2117 program addresses used, program memory utilization is 73%



                              Symbols - Sorted by Name
                     Name    Address   Location    Storage File                     
                ---------  ---------  ---------  --------- ---------                
                    adchk   0x00038f    program     static E:\Work\dp\Super_Probe\firmware\supmp.asm
                     atod   0x00038c    program     static E:\Work\dp\Super_Probe\firmware\supmp.asm
                       b2   0x0001ab    program     static E:\Work\dp\Super_Probe\firmware\supmp.asm
                    b2bcd   0x000532    program     static E:\Work\dp\Super_Probe\firmware\supmp.asm
                   b2bcd2   0x000539    program     static E:\Work\dp\Super_Probe\firmware\supmp.asm
                   b2bcd3   0x00053d    program     static E:\Work\dp\Super_Probe\firmware\supmp.asm
                       b3   0x0001ae    program     static E:\Work\dp\Super_Probe\firmware\supmp.asm
                       b5   0x0001b6    program     static E:\Work\dp\Super_Probe\firmware\supmp.asm
                      bak   0x000500    program     static E:\Work\dp\Super_Probe\firmware\supmp.asm
                      bd2   0x0004b9    program     static E:\Work\dp\Super_Probe\firmware\supmp.asm
                    blank   0x00035d    program     static E:\Work\dp\Super_Probe\firmware\supmp.asm
                    bline   0x0004a8    program     static E:\Work\dp\Super_Probe\firmware\supmp.asm
                   bline4   0x0004a7    program     static E:\Work\dp\Super_Probe\firmware\supmp.asm
                    blnk2   0x00035e    program     static E:\Work\dp\Super_Probe\firmware\supmp.asm
                     brst   0x0001a9    program     static E:\Work\dp\Super_Probe\firmware\supmp.asm
                       c2   0x0000dc    program     static E:\Work\dp\Super_Probe\firmware\supmp.asm
                       c4   0x0000ef    program     static E:\Work\dp\Super_Probe\firmware\supmp.asm
                       c5   0x0000e3    program     static E:\Work\dp\Super_Probe\firmware\supmp.asm
                     cac2   0x0002c9    program     static E:\Work\dp\Super_Probe\firmware\supmp.asm
                     cac6   0x0002ef    program     static E:\Work\dp\Super_Probe\firmware\supmp.asm
                     cac7   0x0002d7    program     static E:\Work\dp\Super_Probe\firmware\supmp.asm
                    cahit   0x0002ea    program     static E:\Work\dp\Super_Probe\firmware\supmp.asm
                      cap   0x0002c3    program     static E:\Work\dp\Super_Probe\firmware\supmp.asm
                    cform   0x00044d    program     static E:\Work\dp\Super_Probe\firmware\supmp.asm
                    clear   0x0004e3    program     static E:\Work\dp\Super_Probe\firmware\supmp.asm
                    clreg   0x0000ff    program     static E:\Work\dp\Super_Probe\firmware\supmp.asm
                     cnc2   0x0003fb    program     static E:\Work\dp\Super_Probe\firmware\supmp.asm
                   cntoff   0x0003f4    program     static E:\Work\dp\Super_Probe\firmware\supmp.asm
                    cnton   0x0003ea    program     static E:\Work\dp\Super_Probe\firmware\supmp.asm
                    cycle   0x0000d9    program     static E:\Work\dp\Super_Probe\firmware\supmp.asm
                  cycmode   0x0000d8    program     static E:\Work\dp\Super_Probe\firmware\supmp.asm
                    dcic2   0x0003a4    program     static E:\Work\dp\Super_Probe\firmware\supmp.asm
                    dcic3   0x0003a9    program     static E:\Work\dp\Super_Probe\firmware\supmp.asm
                    dcic5   0x0003ac    program     static E:\Work\dp\Super_Probe\firmware\supmp.asm
                    dcic9   0x0003b4    program     static E:\Work\dp\Super_Probe\firmware\supmp.asm
                   dcount   0x000398    program     static E:\Work\dp\Super_Probe\firmware\supmp.asm
                    delay   0x000443    program     static E:\Work\dp\Super_Probe\firmware\supmp.asm
                    delsq   0x000439    program     static E:\Work\dp\Super_Probe\firmware\supmp.asm
                   digseg   0x000011    program     static E:\Work\dp\Super_Probe\firmware\supmp.asm
                    diode   0x000369    program     static E:\Work\dp\Super_Probe\firmware\supmp.asm
                    dla10   0x0004cf    program     static E:\Work\dp\Super_Probe\firmware\supmp.asm
                    dla11   0x0004ce    program     static E:\Work\dp\Super_Probe\firmware\supmp.asm
                    dla12   0x0004cd    program     static E:\Work\dp\Super_Probe\firmware\supmp.asm
                    dla13   0x0004cc    program     static E:\Work\dp\Super_Probe\firmware\supmp.asm
                    dla14   0x0004cb    program     static E:\Work\dp\Super_Probe\firmware\supmp.asm
                    dla15   0x0004ca    program     static E:\Work\dp\Super_Probe\firmware\supmp.asm
                    dla16   0x0004c9    program     static E:\Work\dp\Super_Probe\firmware\supmp.asm
                    dla17   0x0004c8    program     static E:\Work\dp\Super_Probe\firmware\supmp.asm
                    dla18   0x0004c7    program     static E:\Work\dp\Super_Probe\firmware\supmp.asm
                     dla4   0x0004d5    program     static E:\Work\dp\Super_Probe\firmware\supmp.asm
                     dla5   0x0004d4    program     static E:\Work\dp\Super_Probe\firmware\supmp.asm
                     dla6   0x0004d3    program     static E:\Work\dp\Super_Probe\firmware\supmp.asm
                     dla7   0x0004d2    program     static E:\Work\dp\Super_Probe\firmware\supmp.asm
                     dla8   0x0004d1    program     static E:\Work\dp\Super_Probe\firmware\supmp.asm
                     dla9   0x0004d0    program     static E:\Work\dp\Super_Probe\firmware\supmp.asm
                     dld0   0x000446    program     static E:\Work\dp\Super_Probe\firmware\supmp.asm
                     dld1   0x000445    program     static E:\Work\dp\Super_Probe\firmware\supmp.asm
                     dld2   0x000444    program     static E:\Work\dp\Super_Probe\firmware\supmp.asm
                    dline   0x0004b1    program     static E:\Work\dp\Super_Probe\firmware\supmp.asm
                   dline4   0x0004b0    program     static E:\Work\dp\Super_Probe\firmware\supmp.asm
                    dlsd0   0x00043d    program     static E:\Work\dp\Super_Probe\firmware\supmp.asm
                    dlsd1   0x00043b    program     static E:\Work\dp\Super_Probe\firmware\supmp.asm
                       dn   0x00018a    program     static E:\Work\dp\Super_Probe\firmware\supmp.asm
                      dno   0x000435    program     static E:\Work\dp\Super_Probe\firmware\supmp.asm
                   doexec   0x0000fc    program     static E:\Work\dp\Super_Probe\firmware\supmp.asm
                   dotime   0x00042e    program     static E:\Work\dp\Super_Probe\firmware\supmp.asm
                    dpcap   0x00002c    program     static E:\Work\dp\Super_Probe\firmware\supmp.asm
                    dpuls   0x000037    program     static E:\Work\dp\Super_Probe\firmware\supmp.asm
                      ee2   0x000572    program     static E:\Work\dp\Super_Probe\firmware\supmp.asm
                   eeread   0x000553    program     static E:\Work\dp\Super_Probe\firmware\supmp.asm
                  eewrite   0x000561    program     static E:\Work\dp\Super_Probe\firmware\supmp.asm
                     exec   0x0000ae    program     static E:\Work\dp\Super_Probe\firmware\supmp.asm
                     fcf2   0x0003de    program     static E:\Work\dp\Super_Probe\firmware\supmp.asm
                     fcf4   0x0003e6    program     static E:\Work\dp\Super_Probe\firmware\supmp.asm
                     fcf7   0x0003e2    program     static E:\Work\dp\Super_Probe\firmware\supmp.asm
                     fcfx   0x0003e4    program     static E:\Work\dp\Super_Probe\firmware\supmp.asm
                   fcount   0x0003ce    program     static E:\Work\dp\Super_Probe\firmware\supmp.asm
                      ff2   0x000519    program     static E:\Work\dp\Super_Probe\firmware\supmp.asm
                      ff3   0x00060c    program     static E:\Work\dp\Super_Probe\firmware\supmp.asm
                      ff5   0x000509    program     static E:\Work\dp\Super_Probe\firmware\supmp.asm
                      ff9   0x000512    program     static E:\Work\dp\Super_Probe\firmware\supmp.asm
                    ffill   0x000427    program     static E:\Work\dp\Super_Probe\firmware\supmp.asm
                      ffx   0x000504    program     static E:\Work\dp\Super_Probe\firmware\supmp.asm
                     fif2   0x000429    program     static E:\Work\dp\Super_Probe\firmware\supmp.asm
                    first   0x000517    program     static E:\Work\dp\Super_Probe\firmware\supmp.asm
                    flash   0x000403    program     static E:\Work\dp\Super_Probe\firmware\supmp.asm
                      fno   0x000411    program     static E:\Work\dp\Super_Probe\firmware\supmp.asm
                   format   0x000503    program     static E:\Work\dp\Super_Probe\firmware\supmp.asm
                     full   0x000606    program     static E:\Work\dp\Super_Probe\firmware\supmp.asm
                   getano   0x00001c    program     static E:\Work\dp\Super_Probe\firmware\supmp.asm
                    getbd   0x000521    program     static E:\Work\dp\Super_Probe\firmware\supmp.asm
                    getdp   0x000021    program     static E:\Work\dp\Super_Probe\firmware\supmp.asm
                   getset   0x00011d    program     static E:\Work\dp\Super_Probe\firmware\supmp.asm
                     icup   0x0003ba    program     static E:\Work\dp\Super_Probe\firmware\supmp.asm
                     inc2   0x0002fa    program     static E:\Work\dp\Super_Probe\firmware\supmp.asm
                     inc6   0x000311    program     static E:\Work\dp\Super_Probe\firmware\supmp.asm
                     inc7   0x000302    program     static E:\Work\dp\Super_Probe\firmware\supmp.asm
                   induct   0x0002f5    program     static E:\Work\dp\Super_Probe\firmware\supmp.asm
                    inhit   0x00030c    program     static E:\Work\dp\Super_Probe\firmware\supmp.asm
                      ir2   0x00019b    program     static E:\Work\dp\Super_Probe\firmware\supmp.asm
                     ir38   0x000198    program     static E:\Work\dp\Super_Probe\firmware\supmp.asm
                      ir4   0x00019e    program     static E:\Work\dp\Super_Probe\firmware\supmp.asm
                      isr   0x000004    program     static E:\Work\dp\Super_Probe\firmware\supmp.asm
                     isrx   0x00000c    program     static E:\Work\dp\Super_Probe\firmware\supmp.asm
                   letter   0x00035b    program     static E:\Work\dp\Super_Probe\firmware\supmp.asm
                      lp1   0x00031c    program     static E:\Work\dp\Super_Probe\firmware\supmp.asm
                    lpflo   0x000339    program     static E:\Work\dp\Super_Probe\firmware\supmp.asm
                     lphi   0x00033b    program     static E:\Work\dp\Super_Probe\firmware\supmp.asm
                     lphl   0x00033e    program     static E:\Work\dp\Super_Probe\firmware\supmp.asm
                    lplow   0x00033d    program     static E:\Work\dp\Super_Probe\firmware\supmp.asm
                     lpno   0x000347    program     static E:\Work\dp\Super_Probe\firmware\supmp.asm
                     lpx1   0x00032b    program     static E:\Work\dp\Super_Probe\firmware\supmp.asm
                     lpx2   0x000330    program     static E:\Work\dp\Super_Probe\firmware\supmp.asm
                     madj   0x0005d8    program     static E:\Work\dp\Super_Probe\firmware\supmp.asm
                     midi   0x0005af    program     static E:\Work\dp\Super_Probe\firmware\supmp.asm
                    modes   0x000047    program     static E:\Work\dp\Super_Probe\firmware\supmp.asm
                      ms5   0x0005b9    program     static E:\Work\dp\Super_Probe\firmware\supmp.asm
                      ms6   0x0005c9    program     static E:\Work\dp\Super_Probe\firmware\supmp.asm
                       n2   0x0001c1    program     static E:\Work\dp\Super_Probe\firmware\supmp.asm
                       n4   0x0001c9    program     static E:\Work\dp\Super_Probe\firmware\supmp.asm
                    noise   0x0001bc    program     static E:\Work\dp\Super_Probe\firmware\supmp.asm
                     nseg   0x0004fc    program     static E:\Work\dp\Super_Probe\firmware\supmp.asm
                      off   0x00015b    program     static E:\Work\dp\Super_Probe\firmware\supmp.asm
                       on   0x00015f    program     static E:\Work\dp\Super_Probe\firmware\supmp.asm
                      one   0x000601    program     static E:\Work\dp\Super_Probe\firmware\supmp.asm
                   onesec   0x000413    program     static E:\Work\dp\Super_Probe\firmware\supmp.asm
                     osx1   0x000417    program     static E:\Work\dp\Super_Probe\firmware\supmp.asm
                     osx2   0x000419    program     static E:\Work\dp\Super_Probe\firmware\supmp.asm
                     osx5   0x000423    program     static E:\Work\dp\Super_Probe\firmware\supmp.asm
                       p2   0x00016d    program     static E:\Work\dp\Super_Probe\firmware\supmp.asm
                       p3   0x000181    program     static E:\Work\dp\Super_Probe\firmware\supmp.asm
                       p4   0x000177    program     static E:\Work\dp\Super_Probe\firmware\supmp.asm
                     ppp2   0x000266    program     static E:\Work\dp\Super_Probe\firmware\supmp.asm
                     ppp3   0x000274    program     static E:\Work\dp\Super_Probe\firmware\supmp.asm
                     ppp4   0x000284    program     static E:\Work\dp\Super_Probe\firmware\supmp.asm
                    ppp4x   0x000286    program     static E:\Work\dp\Super_Probe\firmware\supmp.asm
                     ppp5   0x00026d    program     static E:\Work\dp\Super_Probe\firmware\supmp.asm
                     ppp8   0x00027b    program     static E:\Work\dp\Super_Probe\firmware\supmp.asm
                   pseudo   0x0001d0    program     static E:\Work\dp\Super_Probe\firmware\supmp.asm
                    pulse   0x000262    program     static E:\Work\dp\Super_Probe\firmware\supmp.asm
                   putopt   0x00010c    program     static E:\Work\dp\Super_Probe\firmware\supmp.asm
                   putset   0x00010f    program     static E:\Work\dp\Super_Probe\firmware\supmp.asm
                      pwm   0x000164    program     static E:\Work\dp\Super_Probe\firmware\supmp.asm
                     pwmi   0x000157    program     static E:\Work\dp\Super_Probe\firmware\supmp.asm
                   radcon   0x0001db    program     static E:\Work\dp\Super_Probe\firmware\supmp.asm
                      rc1   0x0001e2    program     static E:\Work\dp\Super_Probe\firmware\supmp.asm
                      rc2   0x0001ea    program     static E:\Work\dp\Super_Probe\firmware\supmp.asm
                      rc3   0x0001ec    program     static E:\Work\dp\Super_Probe\firmware\supmp.asm
                      rc4   0x000215    program     static E:\Work\dp\Super_Probe\firmware\supmp.asm
                      rc5   0x000217    program     static E:\Work\dp\Super_Probe\firmware\supmp.asm
                     rcdn   0x000207    program     static E:\Work\dp\Super_Probe\firmware\supmp.asm
                    rcdn2   0x000209    program     static E:\Work\dp\Super_Probe\firmware\supmp.asm
                    rcpls   0x000212    program     static E:\Work\dp\Super_Probe\firmware\supmp.asm
                     rcup   0x0001fc    program     static E:\Work\dp\Super_Probe\firmware\supmp.asm
                    rcup2   0x0001fe    program     static E:\Work\dp\Super_Probe\firmware\supmp.asm
                    s9600   0x000577    program     static E:\Work\dp\Super_Probe\firmware\supmp.asm
                   segoff   0x000317    program     static E:\Work\dp\Super_Probe\firmware\supmp.asm
                   segout   0x0004e6    program     static E:\Work\dp\Super_Probe\firmware\supmp.asm
                   serout   0x0005ea    program     static E:\Work\dp\Super_Probe\firmware\supmp.asm
                    sers2   0x0005ee    program     static E:\Work\dp\Super_Probe\firmware\supmp.asm
                   setdir   0x0005e3    program     static E:\Work\dp\Super_Probe\firmware\supmp.asm
                  setmode   0x00013a    program     static E:\Work\dp\Super_Probe\firmware\supmp.asm
                    short   0x0002ba    program     static E:\Work\dp\Super_Probe\firmware\supmp.asm
                    shos2   0x000354    program     static E:\Work\dp\Super_Probe\firmware\supmp.asm
                     show   0x000352    program     static E:\Work\dp\Super_Probe\firmware\supmp.asm
                    show1   0x00034f    program     static E:\Work\dp\Super_Probe\firmware\supmp.asm
                    show2   0x00034d    program     static E:\Work\dp\Super_Probe\firmware\supmp.asm
                     shs2   0x0002bb    program     static E:\Work\dp\Super_Probe\firmware\supmp.asm
                      sig   0x000294    program     static E:\Work\dp\Super_Probe\firmware\supmp.asm
                     sign   0x000150    program     static E:\Work\dp\Super_Probe\firmware\supmp.asm
                   signon   0x000147    program     static E:\Work\dp\Super_Probe\firmware\supmp.asm
                     sis3   0x0002a4    program     static E:\Work\dp\Super_Probe\firmware\supmp.asm
                     sis4   0x0002a8    program     static E:\Work\dp\Super_Probe\firmware\supmp.asm
                     sis8   0x0002b2    program     static E:\Work\dp\Super_Probe\firmware\supmp.asm
                     sis9   0x0002b4    program     static E:\Work\dp\Super_Probe\firmware\supmp.asm
                      sq2   0x00023c    program     static E:\Work\dp\Super_Probe\firmware\supmp.asm
                      sq4   0x00024b    program     static E:\Work\dp\Super_Probe\firmware\supmp.asm
                     sqdn   0x000257    program     static E:\Work\dp\Super_Probe\firmware\supmp.asm
                     sqhl   0x000234    program     static E:\Work\dp\Super_Probe\firmware\supmp.asm
                     sqri   0x00021d    program     static E:\Work\dp\Super_Probe\firmware\supmp.asm
                     sqs1   0x00023e    program     static E:\Work\dp\Super_Probe\firmware\supmp.asm
                   square   0x00022b    program     static E:\Work\dp\Super_Probe\firmware\supmp.asm
                     squp   0x000251    program     static E:\Work\dp\Super_Probe\firmware\supmp.asm
                      srq   0x00003c    program     static E:\Work\dp\Super_Probe\firmware\supmp.asm
                      ss2   0x000592    program     static E:\Work\dp\Super_Probe\firmware\supmp.asm
                      ss5   0x000586    program     static E:\Work\dp\Super_Probe\firmware\supmp.asm
                      ss8   0x0005a4    program     static E:\Work\dp\Super_Probe\firmware\supmp.asm
                    start   0x0000c1    program     static E:\Work\dp\Super_Probe\firmware\supmp.asm
                       up   0x000190    program     static E:\Work\dp\Super_Probe\firmware\supmp.asm
                    vbase   0x00004a    program     static E:\Work\dp\Super_Probe\firmware\supmp.asm
                    vbaud   0x00009e    program     static E:\Work\dp\Super_Probe\firmware\supmp.asm
                      vc1   0x000461    program     static E:\Work\dp\Super_Probe\firmware\supmp.asm
                      vc2   0x000467    program     static E:\Work\dp\Super_Probe\firmware\supmp.asm
                      vc3   0x000479    program     static E:\Work\dp\Super_Probe\firmware\supmp.asm
                      vd2   0x0004d7    program     static E:\Work\dp\Super_Probe\firmware\supmp.asm
                    vdela   0x0004d6    program     static E:\Work\dp\Super_Probe\firmware\supmp.asm
                      vdx   0x00036d    program     static E:\Work\dp\Super_Probe\firmware\supmp.asm
                     vgen   0x000454    program     static E:\Work\dp\Super_Probe\firmware\supmp.asm
                     vgv2   0x00045e    program     static E:\Work\dp\Super_Probe\firmware\supmp.asm
                     volt   0x00036c    program     static E:\Work\dp\Super_Probe\firmware\supmp.asm
                     vov2   0x000373    program     static E:\Work\dp\Super_Probe\firmware\supmp.asm
                     vov4   0x000382    program     static E:\Work\dp\Super_Probe\firmware\supmp.asm
                    vpuls   0x00008e    program     static E:\Work\dp\Super_Probe\firmware\supmp.asm
                     vseg   0x0004da    program     static E:\Work\dp\Super_Probe\firmware\supmp.asm
                    vsync   0x000481    program     static E:\Work\dp\Super_Probe\firmware\supmp.asm
                      vv2   0x000483    program     static E:\Work\dp\Super_Probe\firmware\supmp.asm
                      vv3   0x00048c    program     static E:\Work\dp\Super_Probe\firmware\supmp.asm
                      vv4   0x000495    program     static E:\Work\dp\Super_Probe\firmware\supmp.asm
                     wtod   0x000362    program     static E:\Work\dp\Super_Probe\firmware\supmp.asm
                       x1   0x000151    program     static E:\Work\dp\Super_Probe\firmware\supmp.asm
                     xfer   0x0003c5    program     static E:\Work\dp\Super_Probe\firmware\supmp.asm
                    xform   0x000501    program     static E:\Work\dp\Super_Probe\firmware\supmp.asm
                     zero   0x0005fc    program     static E:\Work\dp\Super_Probe\firmware\supmp.asm
                    zline   0x00049e    program     static E:\Work\dp\Super_Probe\firmware\supmp.asm
                   zline4   0x00049d    program     static E:\Work\dp\Super_Probe\firmware\supmp.asm



                              Symbols - Sorted by Address
                     Name    Address   Location    Storage File                     
                ---------  ---------  ---------  --------- ---------                
                      isr   0x000004    program     static E:\Work\dp\Super_Probe\firmware\supmp.asm
                     isrx   0x00000c    program     static E:\Work\dp\Super_Probe\firmware\supmp.asm
                   digseg   0x000011    program     static E:\Work\dp\Super_Probe\firmware\supmp.asm
                   getano   0x00001c    program     static E:\Work\dp\Super_Probe\firmware\supmp.asm
                    getdp   0x000021    program     static E:\Work\dp\Super_Probe\firmware\supmp.asm
                    dpcap   0x00002c    program     static E:\Work\dp\Super_Probe\firmware\supmp.asm
                    dpuls   0x000037    program     static E:\Work\dp\Super_Probe\firmware\supmp.asm
                      srq   0x00003c    program     static E:\Work\dp\Super_Probe\firmware\supmp.asm
                    modes   0x000047    program     static E:\Work\dp\Super_Probe\firmware\supmp.asm
                    vbase   0x00004a    program     static E:\Work\dp\Super_Probe\firmware\supmp.asm
                    vpuls   0x00008e    program     static E:\Work\dp\Super_Probe\firmware\supmp.asm
                    vbaud   0x00009e    program     static E:\Work\dp\Super_Probe\firmware\supmp.asm
                     exec   0x0000ae    program     static E:\Work\dp\Super_Probe\firmware\supmp.asm
                    start   0x0000c1    program     static E:\Work\dp\Super_Probe\firmware\supmp.asm
                  cycmode   0x0000d8    program     static E:\Work\dp\Super_Probe\firmware\supmp.asm
                    cycle   0x0000d9    program     static E:\Work\dp\Super_Probe\firmware\supmp.asm
                       c2   0x0000dc    program     static E:\Work\dp\Super_Probe\firmware\supmp.asm
                       c5   0x0000e3    program     static E:\Work\dp\Super_Probe\firmware\supmp.asm
                       c4   0x0000ef    program     static E:\Work\dp\Super_Probe\firmware\supmp.asm
                   doexec   0x0000fc    program     static E:\Work\dp\Super_Probe\firmware\supmp.asm
                    clreg   0x0000ff    program     static E:\Work\dp\Super_Probe\firmware\supmp.asm
                   putopt   0x00010c    program     static E:\Work\dp\Super_Probe\firmware\supmp.asm
                   putset   0x00010f    program     static E:\Work\dp\Super_Probe\firmware\supmp.asm
                   getset   0x00011d    program     static E:\Work\dp\Super_Probe\firmware\supmp.asm
                  setmode   0x00013a    program     static E:\Work\dp\Super_Probe\firmware\supmp.asm
                   signon   0x000147    program     static E:\Work\dp\Super_Probe\firmware\supmp.asm
                     sign   0x000150    program     static E:\Work\dp\Super_Probe\firmware\supmp.asm
                       x1   0x000151    program     static E:\Work\dp\Super_Probe\firmware\supmp.asm
                     pwmi   0x000157    program     static E:\Work\dp\Super_Probe\firmware\supmp.asm
                      off   0x00015b    program     static E:\Work\dp\Super_Probe\firmware\supmp.asm
                       on   0x00015f    program     static E:\Work\dp\Super_Probe\firmware\supmp.asm
                      pwm   0x000164    program     static E:\Work\dp\Super_Probe\firmware\supmp.asm
                       p2   0x00016d    program     static E:\Work\dp\Super_Probe\firmware\supmp.asm
                       p4   0x000177    program     static E:\Work\dp\Super_Probe\firmware\supmp.asm
                       p3   0x000181    program     static E:\Work\dp\Super_Probe\firmware\supmp.asm
                       dn   0x00018a    program     static E:\Work\dp\Super_Probe\firmware\supmp.asm
                       up   0x000190    program     static E:\Work\dp\Super_Probe\firmware\supmp.asm
                     ir38   0x000198    program     static E:\Work\dp\Super_Probe\firmware\supmp.asm
                      ir2   0x00019b    program     static E:\Work\dp\Super_Probe\firmware\supmp.asm
                      ir4   0x00019e    program     static E:\Work\dp\Super_Probe\firmware\supmp.asm
                     brst   0x0001a9    program     static E:\Work\dp\Super_Probe\firmware\supmp.asm
                       b2   0x0001ab    program     static E:\Work\dp\Super_Probe\firmware\supmp.asm
                       b3   0x0001ae    program     static E:\Work\dp\Super_Probe\firmware\supmp.asm
                       b5   0x0001b6    program     static E:\Work\dp\Super_Probe\firmware\supmp.asm
                    noise   0x0001bc    program     static E:\Work\dp\Super_Probe\firmware\supmp.asm
                       n2   0x0001c1    program     static E:\Work\dp\Super_Probe\firmware\supmp.asm
                       n4   0x0001c9    program     static E:\Work\dp\Super_Probe\firmware\supmp.asm
                   pseudo   0x0001d0    program     static E:\Work\dp\Super_Probe\firmware\supmp.asm
                   radcon   0x0001db    program     static E:\Work\dp\Super_Probe\firmware\supmp.asm
                      rc1   0x0001e2    program     static E:\Work\dp\Super_Probe\firmware\supmp.asm
                      rc2   0x0001ea    program     static E:\Work\dp\Super_Probe\firmware\supmp.asm
                      rc3   0x0001ec    program     static E:\Work\dp\Super_Probe\firmware\supmp.asm
                     rcup   0x0001fc    program     static E:\Work\dp\Super_Probe\firmware\supmp.asm
                    rcup2   0x0001fe    program     static E:\Work\dp\Super_Probe\firmware\supmp.asm
                     rcdn   0x000207    program     static E:\Work\dp\Super_Probe\firmware\supmp.asm
                    rcdn2   0x000209    program     static E:\Work\dp\Super_Probe\firmware\supmp.asm
                    rcpls   0x000212    program     static E:\Work\dp\Super_Probe\firmware\supmp.asm
                      rc4   0x000215    program     static E:\Work\dp\Super_Probe\firmware\supmp.asm
                      rc5   0x000217    program     static E:\Work\dp\Super_Probe\firmware\supmp.asm
                     sqri   0x00021d    program     static E:\Work\dp\Super_Probe\firmware\supmp.asm
                   square   0x00022b    program     static E:\Work\dp\Super_Probe\firmware\supmp.asm
                     sqhl   0x000234    program     static E:\Work\dp\Super_Probe\firmware\supmp.asm
                      sq2   0x00023c    program     static E:\Work\dp\Super_Probe\firmware\supmp.asm
                     sqs1   0x00023e    program     static E:\Work\dp\Super_Probe\firmware\supmp.asm
                      sq4   0x00024b    program     static E:\Work\dp\Super_Probe\firmware\supmp.asm
                     squp   0x000251    program     static E:\Work\dp\Super_Probe\firmware\supmp.asm
                     sqdn   0x000257    program     static E:\Work\dp\Super_Probe\firmware\supmp.asm
                    pulse   0x000262    program     static E:\Work\dp\Super_Probe\firmware\supmp.asm
                     ppp2   0x000266    program     static E:\Work\dp\Super_Probe\firmware\supmp.asm
                     ppp5   0x00026d    program     static E:\Work\dp\Super_Probe\firmware\supmp.asm
                     ppp3   0x000274    program     static E:\Work\dp\Super_Probe\firmware\supmp.asm
                     ppp8   0x00027b    program     static E:\Work\dp\Super_Probe\firmware\supmp.asm
                     ppp4   0x000284    program     static E:\Work\dp\Super_Probe\firmware\supmp.asm
                    ppp4x   0x000286    program     static E:\Work\dp\Super_Probe\firmware\supmp.asm
                      sig   0x000294    program     static E:\Work\dp\Super_Probe\firmware\supmp.asm
                     sis3   0x0002a4    program     static E:\Work\dp\Super_Probe\firmware\supmp.asm
                     sis4   0x0002a8    program     static E:\Work\dp\Super_Probe\firmware\supmp.asm
                     sis8   0x0002b2    program     static E:\Work\dp\Super_Probe\firmware\supmp.asm
                     sis9   0x0002b4    program     static E:\Work\dp\Super_Probe\firmware\supmp.asm
                    short   0x0002ba    program     static E:\Work\dp\Super_Probe\firmware\supmp.asm
                     shs2   0x0002bb    program     static E:\Work\dp\Super_Probe\firmware\supmp.asm
                      cap   0x0002c3    program     static E:\Work\dp\Super_Probe\firmware\supmp.asm
                     cac2   0x0002c9    program     static E:\Work\dp\Super_Probe\firmware\supmp.asm
                     cac7   0x0002d7    program     static E:\Work\dp\Super_Probe\firmware\supmp.asm
                    cahit   0x0002ea    program     static E:\Work\dp\Super_Probe\firmware\supmp.asm
                     cac6   0x0002ef    program     static E:\Work\dp\Super_Probe\firmware\supmp.asm
                   induct   0x0002f5    program     static E:\Work\dp\Super_Probe\firmware\supmp.asm
                     inc2   0x0002fa    program     static E:\Work\dp\Super_Probe\firmware\supmp.asm
                     inc7   0x000302    program     static E:\Work\dp\Super_Probe\firmware\supmp.asm
                    inhit   0x00030c    program     static E:\Work\dp\Super_Probe\firmware\supmp.asm
                     inc6   0x000311    program     static E:\Work\dp\Super_Probe\firmware\supmp.asm
                   segoff   0x000317    program     static E:\Work\dp\Super_Probe\firmware\supmp.asm
                      lp1   0x00031c    program     static E:\Work\dp\Super_Probe\firmware\supmp.asm
                     lpx1   0x00032b    program     static E:\Work\dp\Super_Probe\firmware\supmp.asm
                     lpx2   0x000330    program     static E:\Work\dp\Super_Probe\firmware\supmp.asm
                    lpflo   0x000339    program     static E:\Work\dp\Super_Probe\firmware\supmp.asm
                     lphi   0x00033b    program     static E:\Work\dp\Super_Probe\firmware\supmp.asm
                    lplow   0x00033d    program     static E:\Work\dp\Super_Probe\firmware\supmp.asm
                     lphl   0x00033e    program     static E:\Work\dp\Super_Probe\firmware\supmp.asm
                     lpno   0x000347    program     static E:\Work\dp\Super_Probe\firmware\supmp.asm
                    show2   0x00034d    program     static E:\Work\dp\Super_Probe\firmware\supmp.asm
                    show1   0x00034f    program     static E:\Work\dp\Super_Probe\firmware\supmp.asm
                     show   0x000352    program     static E:\Work\dp\Super_Probe\firmware\supmp.asm
                    shos2   0x000354    program     static E:\Work\dp\Super_Probe\firmware\supmp.asm
                   letter   0x00035b    program     static E:\Work\dp\Super_Probe\firmware\supmp.asm
                    blank   0x00035d    program     static E:\Work\dp\Super_Probe\firmware\supmp.asm
                    blnk2   0x00035e    program     static E:\Work\dp\Super_Probe\firmware\supmp.asm
                     wtod   0x000362    program     static E:\Work\dp\Super_Probe\firmware\supmp.asm
                    diode   0x000369    program     static E:\Work\dp\Super_Probe\firmware\supmp.asm
                     volt   0x00036c    program     static E:\Work\dp\Super_Probe\firmware\supmp.asm
                      vdx   0x00036d    program     static E:\Work\dp\Super_Probe\firmware\supmp.asm
                     vov2   0x000373    program     static E:\Work\dp\Super_Probe\firmware\supmp.asm
                     vov4   0x000382    program     static E:\Work\dp\Super_Probe\firmware\supmp.asm
                     atod   0x00038c    program     static E:\Work\dp\Super_Probe\firmware\supmp.asm
                    adchk   0x00038f    program     static E:\Work\dp\Super_Probe\firmware\supmp.asm
                   dcount   0x000398    program     static E:\Work\dp\Super_Probe\firmware\supmp.asm
                    dcic2   0x0003a4    program     static E:\Work\dp\Super_Probe\firmware\supmp.asm
                    dcic3   0x0003a9    program     static E:\Work\dp\Super_Probe\firmware\supmp.asm
                    dcic5   0x0003ac    program     static E:\Work\dp\Super_Probe\firmware\supmp.asm
                    dcic9   0x0003b4    program     static E:\Work\dp\Super_Probe\firmware\supmp.asm
                     icup   0x0003ba    program     static E:\Work\dp\Super_Probe\firmware\supmp.asm
                     xfer   0x0003c5    program     static E:\Work\dp\Super_Probe\firmware\supmp.asm
                   fcount   0x0003ce    program     static E:\Work\dp\Super_Probe\firmware\supmp.asm
                     fcf2   0x0003de    program     static E:\Work\dp\Super_Probe\firmware\supmp.asm
                     fcf7   0x0003e2    program     static E:\Work\dp\Super_Probe\firmware\supmp.asm
                     fcfx   0x0003e4    program     static E:\Work\dp\Super_Probe\firmware\supmp.asm
                     fcf4   0x0003e6    program     static E:\Work\dp\Super_Probe\firmware\supmp.asm
                    cnton   0x0003ea    program     static E:\Work\dp\Super_Probe\firmware\supmp.asm
                   cntoff   0x0003f4    program     static E:\Work\dp\Super_Probe\firmware\supmp.asm
                     cnc2   0x0003fb    program     static E:\Work\dp\Super_Probe\firmware\supmp.asm
                    flash   0x000403    program     static E:\Work\dp\Super_Probe\firmware\supmp.asm
                      fno   0x000411    program     static E:\Work\dp\Super_Probe\firmware\supmp.asm
                   onesec   0x000413    program     static E:\Work\dp\Super_Probe\firmware\supmp.asm
                     osx1   0x000417    program     static E:\Work\dp\Super_Probe\firmware\supmp.asm
                     osx2   0x000419    program     static E:\Work\dp\Super_Probe\firmware\supmp.asm
                     osx5   0x000423    program     static E:\Work\dp\Super_Probe\firmware\supmp.asm
                    ffill   0x000427    program     static E:\Work\dp\Super_Probe\firmware\supmp.asm
                     fif2   0x000429    program     static E:\Work\dp\Super_Probe\firmware\supmp.asm
                   dotime   0x00042e    program     static E:\Work\dp\Super_Probe\firmware\supmp.asm
                      dno   0x000435    program     static E:\Work\dp\Super_Probe\firmware\supmp.asm
                    delsq   0x000439    program     static E:\Work\dp\Super_Probe\firmware\supmp.asm
                    dlsd1   0x00043b    program     static E:\Work\dp\Super_Probe\firmware\supmp.asm
                    dlsd0   0x00043d    program     static E:\Work\dp\Super_Probe\firmware\supmp.asm
                    delay   0x000443    program     static E:\Work\dp\Super_Probe\firmware\supmp.asm
                     dld2   0x000444    program     static E:\Work\dp\Super_Probe\firmware\supmp.asm
                     dld1   0x000445    program     static E:\Work\dp\Super_Probe\firmware\supmp.asm
                     dld0   0x000446    program     static E:\Work\dp\Super_Probe\firmware\supmp.asm
                    cform   0x00044d    program     static E:\Work\dp\Super_Probe\firmware\supmp.asm
                     vgen   0x000454    program     static E:\Work\dp\Super_Probe\firmware\supmp.asm
                     vgv2   0x00045e    program     static E:\Work\dp\Super_Probe\firmware\supmp.asm
                      vc1   0x000461    program     static E:\Work\dp\Super_Probe\firmware\supmp.asm
                      vc2   0x000467    program     static E:\Work\dp\Super_Probe\firmware\supmp.asm
                      vc3   0x000479    program     static E:\Work\dp\Super_Probe\firmware\supmp.asm
                    vsync   0x000481    program     static E:\Work\dp\Super_Probe\firmware\supmp.asm
                      vv2   0x000483    program     static E:\Work\dp\Super_Probe\firmware\supmp.asm
                      vv3   0x00048c    program     static E:\Work\dp\Super_Probe\firmware\supmp.asm
                      vv4   0x000495    program     static E:\Work\dp\Super_Probe\firmware\supmp.asm
                   zline4   0x00049d    program     static E:\Work\dp\Super_Probe\firmware\supmp.asm
                    zline   0x00049e    program     static E:\Work\dp\Super_Probe\firmware\supmp.asm
                   bline4   0x0004a7    program     static E:\Work\dp\Super_Probe\firmware\supmp.asm
                    bline   0x0004a8    program     static E:\Work\dp\Super_Probe\firmware\supmp.asm
                   dline4   0x0004b0    program     static E:\Work\dp\Super_Probe\firmware\supmp.asm
                    dline   0x0004b1    program     static E:\Work\dp\Super_Probe\firmware\supmp.asm
                      bd2   0x0004b9    program     static E:\Work\dp\Super_Probe\firmware\supmp.asm
                    dla18   0x0004c7    program     static E:\Work\dp\Super_Probe\firmware\supmp.asm
                    dla17   0x0004c8    program     static E:\Work\dp\Super_Probe\firmware\supmp.asm
                    dla16   0x0004c9    program     static E:\Work\dp\Super_Probe\firmware\supmp.asm
                    dla15   0x0004ca    program     static E:\Work\dp\Super_Probe\firmware\supmp.asm
                    dla14   0x0004cb    program     static E:\Work\dp\Super_Probe\firmware\supmp.asm
                    dla13   0x0004cc    program     static E:\Work\dp\Super_Probe\firmware\supmp.asm
                    dla12   0x0004cd    program     static E:\Work\dp\Super_Probe\firmware\supmp.asm
                    dla11   0x0004ce    program     static E:\Work\dp\Super_Probe\firmware\supmp.asm
                    dla10   0x0004cf    program     static E:\Work\dp\Super_Probe\firmware\supmp.asm
                     dla9   0x0004d0    program     static E:\Work\dp\Super_Probe\firmware\supmp.asm
                     dla8   0x0004d1    program     static E:\Work\dp\Super_Probe\firmware\supmp.asm
                     dla7   0x0004d2    program     static E:\Work\dp\Super_Probe\firmware\supmp.asm
                     dla6   0x0004d3    program     static E:\Work\dp\Super_Probe\firmware\supmp.asm
                     dla5   0x0004d4    program     static E:\Work\dp\Super_Probe\firmware\supmp.asm
                     dla4   0x0004d5    program     static E:\Work\dp\Super_Probe\firmware\supmp.asm
                    vdela   0x0004d6    program     static E:\Work\dp\Super_Probe\firmware\supmp.asm
                      vd2   0x0004d7    program     static E:\Work\dp\Super_Probe\firmware\supmp.asm
                     vseg   0x0004da    program     static E:\Work\dp\Super_Probe\firmware\supmp.asm
                    clear   0x0004e3    program     static E:\Work\dp\Super_Probe\firmware\supmp.asm
                   segout   0x0004e6    program     static E:\Work\dp\Super_Probe\firmware\supmp.asm
                     nseg   0x0004fc    program     static E:\Work\dp\Super_Probe\firmware\supmp.asm
                      bak   0x000500    program     static E:\Work\dp\Super_Probe\firmware\supmp.asm
                    xform   0x000501    program     static E:\Work\dp\Super_Probe\firmware\supmp.asm
                   format   0x000503    program     static E:\Work\dp\Super_Probe\firmware\supmp.asm
                      ffx   0x000504    program     static E:\Work\dp\Super_Probe\firmware\supmp.asm
                      ff5   0x000509    program     static E:\Work\dp\Super_Probe\firmware\supmp.asm
                      ff9   0x000512    program     static E:\Work\dp\Super_Probe\firmware\supmp.asm
                    first   0x000517    program     static E:\Work\dp\Super_Probe\firmware\supmp.asm
                      ff2   0x000519    program     static E:\Work\dp\Super_Probe\firmware\supmp.asm
                    getbd   0x000521    program     static E:\Work\dp\Super_Probe\firmware\supmp.asm
                    b2bcd   0x000532    program     static E:\Work\dp\Super_Probe\firmware\supmp.asm
                   b2bcd2   0x000539    program     static E:\Work\dp\Super_Probe\firmware\supmp.asm
                   b2bcd3   0x00053d    program     static E:\Work\dp\Super_Probe\firmware\supmp.asm
                   eeread   0x000553    program     static E:\Work\dp\Super_Probe\firmware\supmp.asm
                  eewrite   0x000561    program     static E:\Work\dp\Super_Probe\firmware\supmp.asm
                      ee2   0x000572    program     static E:\Work\dp\Super_Probe\firmware\supmp.asm
                    s9600   0x000577    program     static E:\Work\dp\Super_Probe\firmware\supmp.asm
                      ss5   0x000586    program     static E:\Work\dp\Super_Probe\firmware\supmp.asm
                      ss2   0x000592    program     static E:\Work\dp\Super_Probe\firmware\supmp.asm
                      ss8   0x0005a4    program     static E:\Work\dp\Super_Probe\firmware\supmp.asm
                     midi   0x0005af    program     static E:\Work\dp\Super_Probe\firmware\supmp.asm
                      ms5   0x0005b9    program     static E:\Work\dp\Super_Probe\firmware\supmp.asm
                      ms6   0x0005c9    program     static E:\Work\dp\Super_Probe\firmware\supmp.asm
                     madj   0x0005d8    program     static E:\Work\dp\Super_Probe\firmware\supmp.asm
                   setdir   0x0005e3    program     static E:\Work\dp\Super_Probe\firmware\supmp.asm
                   serout   0x0005ea    program     static E:\Work\dp\Super_Probe\firmware\supmp.asm
                    sers2   0x0005ee    program     static E:\Work\dp\Super_Probe\firmware\supmp.asm
                     zero   0x0005fc    program     static E:\Work\dp\Super_Probe\firmware\supmp.asm
                      one   0x000601    program     static E:\Work\dp\Super_Probe\firmware\supmp.asm
                     full   0x000606    program     static E:\Work\dp\Super_Probe\firmware\supmp.asm
                      ff3   0x00060c    program     static E:\Work\dp\Super_Probe\firmware\supmp.asm


